Microchip MPLAB XC8 Compiler V1.34 ()

Linker command line:

--edf=C:\Program Files (x86)\Microchip\xc8\v1.34\dat\en_msgs.txt -cs \
  -h+dist/18F45k50-relocation/production\karate_xc8.X.production.sym \
  --cmf=dist/18F45k50-relocation/production\karate_xc8.X.production.cmf -z \
  -Q18F45K50 -oC:\Users\cpresser\AppData\Local\Temp\s1t8.6 \
  -Mdist/18F45k50-relocation/production/karate_xc8.X.production.map -E1 \
  -ver=XC8 -ASTACK=0280h-03ffh -pstack=STACK -ACODE=0800h-07FFFh \
  -ACONST=0800h-07FFFh -ASMALLCONST=0800h-08FFhx120 \
  -AMEDIUMCONST=0800h-07FFFh -ACOMRAM=01h-05Fh -AABS1=00h-07FFh \
  -ABIGRAM=01h-07FFh -ARAM=060h-0FFh,0100h-01FFhx7 -ABANK0=060h-0FFh \
  -ABANK1=0100h-01FFh -ABANK2=0200h-02FFh -ABANK3=0300h-03FFh \
  -ABANK4=0400h-04FFh -ABANK5=0500h-05FFh -ABANK6=0600h-06FFh \
  -ABANK7=0700h-07FFh -ASFR=0F53h-0F5Fh,0F60h-0FFFh \
  -preset_vec=0800h,intcode=0808h,intcodelo=0818h,powerup,init,end_init \
  -pramtop=0800h -psmallconst=SMALLCONST -pmediumconst=MEDIUMCONST \
  -pconst=CONST -AFARRAM=00h-00h -ACONFIG=0300000h-030000Dh -pconfig=CONFIG \
  -AIDLOC=0200000h-0200007h -pidloc=IDLOC -AEEDATA=0F00000h-0F000FFh \
  -peeprom_data=EEDATA \
  -prdata=COMRAM,nvrram=COMRAM,nvbit=COMRAM,rbss=COMRAM,rbit=COMRAM \
  -pfarbss=FARRAM,fardata=FARRAM,nvFARRAM=FARRAM \
  -pintsave_regs=BIGRAM,bigbss=BIGRAM,bigdata=BIGRAM -pbss=RAM \
  -pidata=CODE,irdata=CODE,ibigdata=CODE,ifardata=CODE -prparam=COMRAM \
  C:\Users\cpresser\AppData\Local\Temp\s1t8.obj \
  dist/18F45k50-relocation/production\karate_xc8.X.production.obj 

Object code version is 3.11

Machine type is 18F45K50

Call graph: (short form)




                Name                               Link     Load   Length Selector   Space Scale
C:\Users\cpresser\AppData\Local\Temp\s1t8.obj
                end_init                            8AA      8AA        4      40C       0
                reset_vec                           800      800        4      400       0
                idloc                            200000   200000        8   200000       0
                config                           300000   300000        E   300000       0
dist/18F45k50-relocation/production\karate_xc8.X.production.obj
                eeprom_data                      F00000   F00000        8   F00000       0
                intcodelo                           818      818       92      40C       0
                intcode                             808      808       10      404       0
                smallconst                          900      900       AE      480       0
                text66                             3442     3442       12     19A6       0
                text65                             3430     3430       12     19A6       0
                text64                             32F8     32F8       2A     1791       0
                text63                             336E     336E       22     19A6       0
                text62                             3244     3244       30     1791       0
                intcode_body                       2B1C     2B1C       8E      4D7       0
                text59                             2FD6     2FD6       56     1791       0
                text58                             3214     3214       30     1791       0
                text57                             3274     3274       2E     1791       0
                text56                             16A4     16A4      170      4D7       0
                text55                             1CEE     1CEE      100      4D7       0
                text54                             2D9E     2D9E       64      4D7       0
                text53                             33CE     33CE       16     19A6       0
                text52                             2A86     2A86       96      4D7       0
                text51                             334C     334C       22     19A6       0
                text50                             31E4     31E4       30     1791       0
                text49                             2CBC     2CBC       76      4D7       0
                text48                             2F22     2F22       5C     1791       0
                text47                             341E     341E       12     19A6       0
                text46                             340C     340C       12     19A6       0
                text45                             32CE     32CE       2A     1791       0
                text44                             33B0     33B0       1E     19A6       0
                text43                             150E     150E      196      4D7       0
                text42                             28A6     28A6       AE      4D7       0
                text41                             196A     196A      13E      4D7       0
                text40                             307E     307E       4C     1791       0
                text39                             3464     3464        E     19A6       0
                text38                             3472     3472        8     19A6       0
                text37                             347A     347A        4     19A6       0
                text36                             3454     3454       10     19A6       0
                text35                             33F8     33F8       14     19A6       0
                text34                             31B4     31B4       30     1791       0
                text33                             219C     219C       DE      4D7       0
                text32                             2356     2356       D6      4D7       0
                text31                             242C     242C       C8      4D7       0
                text30                             1BCC     1BCC      122      4D7       0
                text29                             2E02     2E02       62      4D7       0
                text28                             29F0     29F0       96      4D7       0
                text27                             30CA     30CA       40     1791       0
                text26                             25B8     25B8       C0      4D7       0
                text25                             2D32     2D32       6C      4D7       0
                text24                             24F4     24F4       C4      4D7       0
                text23                             2E64     2E64       60      4D7       0
                text22                              E56      E56      296      4D7       0
                text21                             1AA8     1AA8      124      4D7       0
                text20                             27F0     27F0       B6      4D7       0
                text19                             20BA     20BA       E2      4D7       0
                text18                             1FD6     1FD6       E4      4D7       0
                text17                             2954     2954       9C      4D7       0
                text16                             1DEE     1DEE       FC      4D7       0
                text15                             2C34     2C34       88      4D7       0
                text14                             227A     227A       DC      4D7       0
                text13                             2F7E     2F7E       58     1791       0
                text12                             3180     3180       34     1791       0
                text11                             310A     310A       3C     1791       0
                text10                             10EC     10EC      222      4D7       0
                text9                              3146     3146       3A     1791       0
                text8                              1814     1814      156      4D7       0
                text7                              3390     3390       20     19A6       0
                text6                              2BAA     2BAA       8A      4D7       0
                text5                              302C     302C       52     1791       0
                text4                              2734     2734       BC      4D7       0
                text3                               9AE      9AE      4A8      4D7       0
                text2                              32A2     32A2       2C     1791       0
                text1                              1EEA     1EEA       EC      4D7       0
                text0                              33E4     33E4       14     19A6       0
                cstackCOMRAM                          1        1       3D        1       1
                cstackBANK0                          DE       DE       13       60       1
                dataBIGRAMl                         580      580      200      580       1
                bssBANK2                            200      200       80      200       1
                dataBANK1                           180      180       5D      100       1
                bssBANK1                            100      100       80      100       1
                dataBANK0                            B5       B5       29       60       1
                bssBANK0                             60       60       55       60       1
                dataCOMRAM                           5D       5D        3        1       1
                bssCOMRAM                            3E       3E       1F        1       1
                cinit                              2678     2678       BC      4D7       0
                nvBANK0                              F1       F1        2       60       1
                idataBANK1                         2EC4     2EC4       5D      4D7       0
                idataBANK0                         3322     3322       29     1791       0
                idataBIGRAMl                       130E     130E      200      4D7       0
                idataCOMRAM                        347E     347E        3     19A6       0

TOTAL           Name                               Link     Load   Length     Space
        CLASS   STACK          

        CLASS   CODE           
                end_init                            8AA      8AA        4         0
                intcodelo                           818      818       92         0
                intcode                             808      808       10         0
                reset_vec                           800      800        4         0
                text66                             3442     3442       12         0
                text65                             3430     3430       12         0
                text64                             32F8     32F8       2A         0
                text63                             336E     336E       22         0
                text62                             3244     3244       30         0
                intcode_body                       2B1C     2B1C       8E         0
                text59                             2FD6     2FD6       56         0
                text58                             3214     3214       30         0
                text57                             3274     3274       2E         0
                text56                             16A4     16A4      170         0
                text55                             1CEE     1CEE      100         0
                text54                             2D9E     2D9E       64         0
                text53                             33CE     33CE       16         0
                text52                             2A86     2A86       96         0
                text51                             334C     334C       22         0
                text50                             31E4     31E4       30         0
                text49                             2CBC     2CBC       76         0
                text48                             2F22     2F22       5C         0
                text47                             341E     341E       12         0
                text46                             340C     340C       12         0
                text45                             32CE     32CE       2A         0
                text44                             33B0     33B0       1E         0
                text43                             150E     150E      196         0
                text42                             28A6     28A6       AE         0
                text41                             196A     196A      13E         0
                text40                             307E     307E       4C         0
                text39                             3464     3464        E         0
                text38                             3472     3472        8         0
                text37                             347A     347A        4         0
                text36                             3454     3454       10         0
                text35                             33F8     33F8       14         0
                text34                             31B4     31B4       30         0
                text33                             219C     219C       DE         0
                text32                             2356     2356       D6         0
                text31                             242C     242C       C8         0
                text30                             1BCC     1BCC      122         0
                text29                             2E02     2E02       62         0
                text28                             29F0     29F0       96         0
                text27                             30CA     30CA       40         0
                text26                             25B8     25B8       C0         0
                text25                             2D32     2D32       6C         0
                text24                             24F4     24F4       C4         0
                text23                             2E64     2E64       60         0
                text22                              E56      E56      296         0
                text21                             1AA8     1AA8      124         0
                text20                             27F0     27F0       B6         0
                text19                             20BA     20BA       E2         0
                text18                             1FD6     1FD6       E4         0
                text17                             2954     2954       9C         0
                text16                             1DEE     1DEE       FC         0
                text15                             2C34     2C34       88         0
                text14                             227A     227A       DC         0
                text13                             2F7E     2F7E       58         0
                text12                             3180     3180       34         0
                text11                             310A     310A       3C         0
                text10                             10EC     10EC      222         0
                text9                              3146     3146       3A         0
                text8                              1814     1814      156         0
                text7                              3390     3390       20         0
                text6                              2BAA     2BAA       8A         0
                text5                              302C     302C       52         0
                text4                              2734     2734       BC         0
                text3                               9AE      9AE      4A8         0
                text2                              32A2     32A2       2C         0
                text1                              1EEA     1EEA       EC         0
                text0                              33E4     33E4       14         0
                cinit                              2678     2678       BC         0
                idataBANK1                         2EC4     2EC4       5D         0
                idataBANK0                         3322     3322       29         0
                idataBIGRAMl                       130E     130E      200         0
                idataCOMRAM                        347E     347E        3         0

        CLASS   CONST          

        CLASS   SMALLCONST     
                smallconst                          900      900       AE         0

        CLASS   MEDIUMCONST    

        CLASS   COMRAM         
                cstackCOMRAM                          1        1       3D         1
                dataCOMRAM                           5D       5D        3         1
                bssCOMRAM                            3E       3E       1F         1

        CLASS   ABS1           
                abs_s1                              400      400       40         1
                abs_s1                              500      500       80         1

        CLASS   BIGRAM         
                dataBIGRAMl                         580      580      200         1

        CLASS   RAM            

        CLASS   BANK0          
                cstackBANK0                          DE       DE       13         1
                dataBANK0                            B5       B5       29         1
                bssBANK0                             60       60       55         1
                nvBANK0                              F1       F1        2         1

        CLASS   BANK1          
                dataBANK1                           180      180       5D         1
                bssBANK1                            100      100       80         1

        CLASS   BANK2          
                bssBANK2                            200      200       80         1

        CLASS   BANK3          

        CLASS   BANK4          

        CLASS   BANK5          

        CLASS   BANK6          

        CLASS   BANK7          

        CLASS   SFR            

        CLASS   FARRAM         

        CLASS   CONFIG         
                config                           300000   300000        E         0

        CLASS   IDLOC          
                idloc                            200000   200000        8         0

        CLASS   EEDATA         
                eeprom_data                      F00000   F00000        8         0



SEGMENTS        Name                           Load    Length   Top    Selector   Space  Class

                cstackCOMRAM                   000001  00005F  000060         1       1  COMRAM  
                bssBANK0                       000060  000093  0000F3        60       1  BANK0   
                bssBANK1                       000100  0000DD  0001DD       100       1  BANK1   
                bssBANK2                       000200  000080  000280       200       1  BANK2   
                dataBIGRAMl                    000580  000200  000780       580       1  BIGRAM  
                reset_vec                      000800  000004  000804       400       0  CODE    
                intcode                        000808  000010  000818       404       0  CODE    
                intcodelo                      000818  000096  0008AE       40C       0  CODE    
                smallconst                     000900  0000AE  0009AE       480       0  SMALLCON
                text3                          0009AE  002573  002F21       4D7       0  CODE    
                text48                         002F22  000429  00334B      1791       0  CODE    
                text51                         00334C  000135  003481      19A6       0  CODE    
                idloc                          200000  000008  200008    200000       0  IDLOC   
                config                         300000  00000E  30000E    300000       0  CONFIG  
                eeprom_data                    F00000  000008  F00008    F00000       0  EEDATA  


UNUSED ADDRESS RANGES

        Name                Unused          Largest block    Delta
        BANK0            0000F3-0000FF                D
        BANK1            0001DD-0001FF               23
        BANK2            000280-0002FF               80
        BANK3            000300-0003FF              100
        BANK4            000440-0004FF               C0
        BANK7            000780-0007FF               80
        BIGRAM           0000F3-0000FF                D
                         0001DD-0001FF               23
                         000280-0003FF              180
                         000440-0004FF               C0
                         000780-0007FF               80
        CODE             000804-000807                4
                         0008AE-0008FF               52
                         002F21-002F21                1
                         00334B-00334B                1
                         003481-007FFF             4B7F
        CONST            000804-000807                4
                         0008AE-0008FF               52
                         002F21-002F21                1
                         00334B-00334B                1
                         003481-007FFF             4B7F
        EEDATA           F00008-F000FF               F8
        FARRAM           000000-000000                1
        MEDIUMCONST      000804-000807                4
                         0008AE-0008FF               52
                         002F21-002F21                1
                         00334B-00334B                1
                         003481-007FFF             4B7F
        RAM              0000F3-0000FF                D
                         0001DD-0001FF               23
                         000280-0003FF               80
                         000440-0004FF               C0
                         000780-0007FF               80
        SFR              000F53-000FFF                D
        SMALLCONST       000804-000807                4
                         0008AE-0008FF               52
                         002F21-002F21                1
                         00334B-00334B                1
                         003481-007FFF              100
        STACK            000280-0003FF              180

                                  Symbol Table

?_ReadADC                                 cstackCOMRAM 000023
?_USBTransferOnePacket                    cstackCOMRAM 000023
?___awdiv                                 cstackCOMRAM 000023
?___lwdiv                                 cstackCOMRAM 000023
?_gamma_lookup                            cstackCOMRAM 000023
CDCTxService@byte_to_send                 cstackCOMRAM 00002E
CDCTxService@i                            cstackCOMRAM 00002D
Delay100TCYx@unit                         cstackCOMRAM 000023
Delay10TCYx@unit                          cstackCOMRAM 000023
OpenSPI1@bus_mode                         cstackCOMRAM 000023
OpenSPI1@smp_phase                        cstackCOMRAM 000024
OpenSPI1@sync_mode                        cstackCOMRAM 000025
ProcessCDC@_c                             cstackBANK0  0000E6
ProcessCDC@_x                             cstackBANK0  0000EE
ProcessCDC@_y                             cstackBANK0  0000E8
ProcessCDC@boot_request0                  cstackBANK0  0000EB
ProcessCDC@boot_request1                  cstackBANK0  0000EC
ProcessCDC@checksum                       cstackBANK0  0000E7
ProcessCDC@cmd                            cstackBANK0  0000EA
ProcessCDC@csum                           cstackBANK0  0000E5
ProcessCDC@len                            cstackBANK0  0000EF
ProcessCDC@numBytes                       cstackBANK0  0000ED
ProcessIO@x                               cstackBANK0  0000F0
ReadSPI1@TempVar                          cstackCOMRAM 000023
Read_b_eep@badd                           cstackCOMRAM 000023
USBConfigureEndpoint@EPNum                cstackCOMRAM 000028
USBConfigureEndpoint@direction            cstackCOMRAM 000023
USBConfigureEndpoint@handle               cstackCOMRAM 000029
USBCtrlEPService@setup_cnt                cstackCOMRAM 00003D
USBCtrlTrfInHandler@lastDTS               cstackCOMRAM 000024
USBCtrlTrfRxService@byteToRead            cstackCOMRAM 000024
USBCtrlTrfRxService@i                     cstackCOMRAM 000023
USBCtrlTrfTxService@byteToSend            cstackCOMRAM 000023
USBDeviceInit@i                           cstackCOMRAM 00002B
USBDeviceTasks@i                          cstackBANK0  0000E0
USBEnableEndpoint@ep                      cstackCOMRAM 00002E
USBEnableEndpoint@options                 cstackCOMRAM 00002B
USBEnableEndpoint@p                       cstackCOMRAM 00002C
USBStdFeatureReqHandler@current_ep_data   cstackCOMRAM 00003A
USBStdFeatureReqHandler@p                 cstackCOMRAM 00003B
USBStdFeatureReqHandler@pUEP              cstackCOMRAM 000038
USBStdGetStatusHandler@p                  cstackCOMRAM 000024
USBStdSetCfgHandler@i                     cstackCOMRAM 000037
USBTransferOnePacket@data                 cstackCOMRAM 000024
USBTransferOnePacket@dir                  cstackCOMRAM 000023
USBTransferOnePacket@ep                   cstackCOMRAM 000027
USBTransferOnePacket@handle               cstackCOMRAM 000028
USBTransferOnePacket@len                  cstackCOMRAM 000026
USER_USB_CALLBACK_EVENT_HANDLER@event     cstackCOMRAM 00002F
USER_USB_CALLBACK_EVENT_HANDLER@pdata     cstackCOMRAM 000031
USER_USB_CALLBACK_EVENT_HANDLER@size      cstackCOMRAM 000033
WriteSPI1@TempVar                         cstackCOMRAM 000023
WriteSPI1@data_out                        cstackCOMRAM 000024
Write_b_eep@GIE_BIT_VAL                   cstackCOMRAM 000026
Write_b_eep@badd                          cstackCOMRAM 000023
Write_b_eep@bdat                          cstackCOMRAM 000025
_ACTCON_R                                 dataBANK0    0000B5
_ADCON0                                   (abs)        000FC2
_ADCON0bits                               (abs)        000FC2
_ADCON1                                   (abs)        000FC1
_ADCON2                                   (abs)        000FC0
_ADRESH                                   (abs)        000FC4
_ADRESL                                   (abs)        000FC3
_ANSELA_R                                 dataBANK0    0000B7
_ANSELC_R                                 dataBANK0    0000B9
_BDT                                      (abs)        000400
_BaudRateGen                              bssBANK0     000078
_BlinkUSBStatus                           text40       00307E
_BothEP0OutUOWNsSet                       bssBANK0     000094
_BusyADC                                  text39       003464
_Busy_eep                                 text38       003472
_CDCBufferIn                              bssBANK1     000100
_CDCBufferOut                             bssBANK1     000140
_CDCDataInHandle                          bssBANK0     000088
_CDCDataOutHandle                         bssCOMRAM    000044
_CDCInitEP                                text25       002D32
_CDCTxService                             text8        001814
_CDCTxService$1695                        cstackCOMRAM 00002B
_ConvertADC                               text37       00347A
_CtrlTrfData                              (abs)        000438
_DDRA                                     (abs)        000F92
_DDRAbits                                 (abs)        000F92
_DDRB                                     (abs)        000F93
_DDRBbits                                 (abs)        000F93
_DDRC                                     (abs)        000F94
_DDRD                                     (abs)        000F95
_DDRE                                     (abs)        000F96
_Delay100TCYx                             text47       00341E
_Delay10TCYx                              text46       00340C
_EEADR                                    (abs)        000FA9
_EECON1bits                               (abs)        000FA6
_EECON2                                   (abs)        000FA7
_EEDATA                                   (abs)        000FA8
_HighPriorityISRCode                      intcode      000808
_INTCONbits                               (abs)        000FF2
_IOCB_R                                   dataBANK0    0000BB
_IPR1bits                                 (abs)        000F9F
_IPR2bits                                 (abs)        000FA2
_InitializeSystem                         text41       00196A
_LATBbits                                 (abs)        000F8A
_LATC                                     (abs)        000F8B
_LATCbits                                 (abs)        000F8B
_LowPriorityISRCode                       intcodelo    000818
_OSCCON                                   (abs)        000FD3
_OSCCON2_R                                dataBANK0    0000BD
_OSCTUNE                                  (abs)        000F9B
_OpenSPI1                                 text59       002FD6
_PIE1bits                                 (abs)        000F9D
_PIE2                                     (abs)        000FA0
_PIE2_R                                   dataBANK0    0000BF
_PIE3_R                                   dataBANK0    0000C1
_PIR1bits                                 (abs)        000F9E
_PIR2_R                                   dataBANK0    0000C3
_PIR2bits                                 (abs)        000FA1
_PIR3_R                                   dataBANK0    0000C5
_PORTAbits                                (abs)        000F80
_PORTBbits                                (abs)        000F81
_PORTCbits                                (abs)        000F82
_PR2                                      (abs)        000FBB
_ProcessCDC                               text3        0009AE
_ProcessIO                                text1        001EEA
_RCONbits                                 (abs)        000FD0
_ReadADC                                  text36       003454
_ReadSPI1                                 text53       0033CE
_Read_b_eep                               text35       0033F8
_RemoteWakeup                             bssBANK0     000095
_SSP1BUF                                  (abs)        000FC9
_SSP1CON1                                 (abs)        000FC6
_SSP1CON1bits                             (abs)        000FC6
_SSP1STAT                                 (abs)        000FC7
_SSP1STATbits                             (abs)        000FC7
_SSPCON1                                  (abs)        000FC6
_SSPSTAT                                  (abs)        000FC7
_SetupPkt                                 (abs)        000430
_SwitchIsPressed                          text2        0032A2
_T2CON                                    (abs)        000FBA
_T3CON                                    (abs)        000FB1
_T3GCON_R                                 dataBANK0    0000C7
_TABLAT                                   (abs)        000FF5
_TBLPTRH                                  (abs)        000FF7
_TBLPTRL                                  (abs)        000FF6
_TBLPTRU                                  (abs)        000FF8
_TMR3H                                    (abs)        000FB3
_TMR3L                                    (abs)        000FB2
_TRISAbits                                (abs)        000F92
_TRISBbits                                (abs)        000F93
_TRISC                                    (abs)        000F94
_TRISCbits                                (abs)        000F94
_U1ADDR_R                                 dataBANK0    0000C9
_U1CNFG1_R                                dataBANK0    0000CB
_U1CON_R                                  dataBANK0    0000CD
_U1EIE_R                                  dataBANK0    0000CF
_U1EIR_R                                  dataBANK0    0000D1
_U1EP0_R                                  dataCOMRAM   00005D
_U1EP1_R                                  dataBANK0    0000D3
_U1IE_R                                   dataBANK0    0000D5
_U1IR_R                                   dataBANK0    0000D7
_U1STAT_R                                 dataBANK0    0000D9
_UADDR                                    (abs)        000F63
_UCFG                                     (abs)        000F62
_UCON                                     (abs)        000F60
_UCONbits                                 (abs)        000F60
_UEIE                                     (abs)        000F66
_UEIR                                     (abs)        000F67
_UEP0                                     (abs)        000F6A
_UEP1                                     (abs)        000F6B
_UIE                                      (abs)        000F64
_UIEbits                                  (abs)        000F64
_UIR                                      (abs)        000F65
_UIRbits                                  (abs)        000F65
_USBActiveConfiguration                   bssCOMRAM    00005C
_USBAlternateInterface                    bssBANK0     0000B2
_USBBusIsSuspended                        bssBANK0     000096
_USBCheckCDCRequest                       text24       0024F4
_USBCheckStdRequest                       text18       001FD6
_USBClearUSBInterrupt                     text34       0031B4
_USBConfigureEndpoint                     text28       0029F0
_USBCtrlEPAllowDataStage                  text17       002954
_USBCtrlEPAllowStatusStage                text31       00242C
_USBCtrlEPService                         text14       00227A
_USBCtrlEPServiceComplete                 text16       001DEE
_USBCtrlTrfInHandler                      text32       002356
_USBCtrlTrfOutHandler                     text29       002E02
_USBCtrlTrfRxService                      text30       001BCC
_USBCtrlTrfSetupHandler                   text15       002C34
_USBCtrlTrfTxService                      text33       00219C
_USBDeferINDataStagePackets               bssCOMRAM    00004C
_USBDeferOUTDataStagePackets              bssCOMRAM    00004D
_USBDeferStatusStagePacket                bssCOMRAM    00004E
_USBDeviceInit                            text56       0016A4
_USBDeviceState                           bssBANK0     000097
_USBDeviceTasks                           text10       0010EC
_USBDisableInterrupts                     text58       003214
_USBEnableEndpoint                        text27       0030CA
_USBRegisterFix                           text55       001CEE
_USBStallHandler                          text13       002F7E
_USBStatusStageEnabledFlag1               bssCOMRAM    00004F
_USBStatusStageEnabledFlag2               bssCOMRAM    000050
_USBStatusStageTimeoutCounter             bssBANK0     000098
_USBStdFeatureReqHandler                  text22       000E56
_USBStdGetDscHandler                      text21       001AA8
_USBStdGetStatusHandler                   text20       0027F0
_USBStdSetCfgHandler                      text19       0020BA
_USBSuspend                               text12       003180
_USBTransferOnePacket                     text26       0025B8
_USBWakeFromSuspend                       text11       00310A
_USB_CD_Ptr                               smallconst   000909
_USB_In_Buffer                            bssBANK2     000200
_USB_Out_Buffer                           bssBANK2     000240
_USB_SD_Ptr                               smallconst   000901
_USER_USB_CALLBACK_EVENT_HANDLER          text23       002E64
_USTAT                                    (abs)        000F61
_USTATcopy                                bssBANK0     0000B4
_WriteSPI1                                text51       00334C
_Write_b_eep                              text9        003146
__CFG_BOREN$SBORDIS                       (abs)        000000
__CFG_BORV$190                            (abs)        000000
__CFG_CCP2MX$RC1                          (abs)        000000
__CFG_CFGPLLEN$OFF                        (abs)        000000
__CFG_CP0$OFF                             (abs)        000000
__CFG_CP1$OFF                             (abs)        000000
__CFG_CP2$OFF                             (abs)        000000
__CFG_CP3$OFF                             (abs)        000000
__CFG_CPB$OFF                             (abs)        000000
__CFG_CPD$OFF                             (abs)        000000
__CFG_CPUDIV$NOCLKDIV                     (abs)        000000
__CFG_EBTR0$OFF                           (abs)        000000
__CFG_EBTR1$OFF                           (abs)        000000
__CFG_EBTR2$OFF                           (abs)        000000
__CFG_EBTR3$OFF                           (abs)        000000
__CFG_EBTRB$OFF                           (abs)        000000
__CFG_FCMEN$OFF                           (abs)        000000
__CFG_FOSC$INTOSCIO                       (abs)        000000
__CFG_ICPRT$ON                            (abs)        000000
__CFG_IESO$OFF                            (abs)        000000
__CFG_LS48MHZ$SYS48X8                     (abs)        000000
__CFG_LVP$OFF                             (abs)        000000
__CFG_MCLRE$ON                            (abs)        000000
__CFG_PBADEN$OFF                          (abs)        000000
__CFG_PCLKEN$OFF                          (abs)        000000
__CFG_PLLSEL$PLL3X                        (abs)        000000
__CFG_SDOMX$RC7                           (abs)        000000
__CFG_STVREN$ON                           (abs)        000000
__CFG_T3CMX$RB5                           (abs)        000000
__CFG_WDTEN$OFF                           (abs)        000000
__CFG_WDTPS$32768                         (abs)        000000
__CFG_WRT0$OFF                            (abs)        000000
__CFG_WRT1$OFF                            (abs)        000000
__CFG_WRT2$OFF                            (abs)        000000
__CFG_WRT3$OFF                            (abs)        000000
__CFG_WRTB$OFF                            (abs)        000000
__CFG_WRTC$OFF                            (abs)        000000
__CFG_WRTD$OFF                            (abs)        000000
__CFG_XINST$OFF                           (abs)        000000
__CFG_nLPBOR$ON                           (abs)        000000
__CFG_nPWRTEN$OFF                         (abs)        000000
__HRAM                                    (abs)        000000
__Habs1                                   abs1         000000
__Hbank0                                  bank0        000000
__Hbank1                                  bank1        000000
__Hbank2                                  bank2        000000
__Hbank3                                  bank3        000000
__Hbank4                                  bank4        000000
__Hbank5                                  bank5        000000
__Hbank6                                  bank6        000000
__Hbank7                                  bank7        000000
__Hbigbss                                 bigbss       000000
__Hbigdata                                bigdata      000000
__Hbigram                                 bigram       000000
__Hbss                                    bss          000000
__HbssBANK0                               bssBANK0     000000
__HbssBANK1                               bssBANK1     000000
__HbssBANK2                               bssBANK2     000000
__HbssCOMRAM                              bssCOMRAM    000000
__Hcinit                                  cinit        000000
__Hclrtext                                clrtext      000000
__Hcomram                                 comram       000000
__Hconfig                                 config       30000E
__Hconst                                  const        000000
__HcstackBANK0                            cstackBANK0  000000
__HcstackCOMRAM                           cstackCOMRAM 000000
__Hdata                                   data         000000
__HdataBANK0                              dataBANK0    000000
__HdataBANK1                              dataBANK1    000000
__HdataBIGRAMl                            dataBIGRAMl  000000
__HdataCOMRAM                             dataCOMRAM   000000
__Heeprom_data                            eeprom_data  F00008
__Hend_init                               end_init     0008AE
__Hfarbss                                 farbss       000000
__Hfardata                                fardata      000000
__Hibigdata                               ibigdata     000000
__Hidata                                  idata        000000
__HidataBANK0                             idataBANK0   000000
__HidataBANK1                             idataBANK1   000000
__HidataBIGRAMl                           idataBIGRAMl 000000
__HidataCOMRAM                            idataCOMRAM  000000
__Hidloc                                  idloc        200008
__Hifardata                               ifardata     000000
__Hinit                                   init         0008AA
__Hintcode                                intcode      000818
__Hintcode_body                           intcode_body 000000
__Hintcodelo                              intcodelo    0008AA
__Hintentry                               intentry     000000
__Hintret                                 intret       000000
__Hintsave_regs                           intsave_regs 000000
__Hirdata                                 irdata       000000
__Hmediumconst                            mediumconst  000000
__HnvBANK0                                nvBANK0      000000
__HnvFARRAM                               nvFARRAM     000000
__Hnvbit                                  nvbit        000000
__Hnvrram                                 nvrram       000000
__Hparam                                  rparam       000000
__Hpowerup                                powerup      0008AA
__Hram                                    ram          000000
__Hramtop                                 ramtop       000800
__Hrbit                                   rbit         000000
__Hrbss                                   rbss         000000
__Hrdata                                  rdata        000000
__Hreset_vec                              reset_vec    000804
__Hrparam                                 rparam       000000
__Hsfr                                    sfr          000000
__Hsmallconst                             smallconst   0009AE
__Hspace_0                                (abs)        F00008
__Hspace_1                                (abs)        000780
__Hspace_2                                (abs)        000000
__Hstack                                  stack        000000
__Hstruct                                 struct       000000
__Htemp                                   temp         000000
__Htext                                   text         000000
__Htext0                                  text0        000000
__Htext1                                  text1        000000
__Htext10                                 text10       000000
__Htext11                                 text11       000000
__Htext12                                 text12       000000
__Htext13                                 text13       000000
__Htext14                                 text14       000000
__Htext15                                 text15       000000
__Htext16                                 text16       000000
__Htext17                                 text17       000000
__Htext18                                 text18       000000
__Htext19                                 text19       000000
__Htext2                                  text2        000000
__Htext20                                 text20       000000
__Htext21                                 text21       000000
__Htext22                                 text22       000000
__Htext23                                 text23       000000
__Htext24                                 text24       000000
__Htext25                                 text25       000000
__Htext26                                 text26       000000
__Htext27                                 text27       000000
__Htext28                                 text28       000000
__Htext29                                 text29       000000
__Htext3                                  text3        000000
__Htext30                                 text30       000000
__Htext31                                 text31       000000
__Htext32                                 text32       000000
__Htext33                                 text33       000000
__Htext34                                 text34       000000
__Htext35                                 text35       000000
__Htext36                                 text36       000000
__Htext37                                 text37       000000
__Htext38                                 text38       000000
__Htext39                                 text39       000000
__Htext4                                  text4        000000
__Htext40                                 text40       000000
__Htext41                                 text41       000000
__Htext42                                 text42       000000
__Htext43                                 text43       000000
__Htext44                                 text44       000000
__Htext45                                 text45       000000
__Htext46                                 text46       000000
__Htext47                                 text47       000000
__Htext48                                 text48       000000
__Htext49                                 text49       000000
__Htext5                                  text5        000000
__Htext50                                 text50       000000
__Htext51                                 text51       000000
__Htext52                                 text52       000000
__Htext53                                 text53       000000
__Htext54                                 text54       000000
__Htext55                                 text55       000000
__Htext56                                 text56       000000
__Htext57                                 text57       000000
__Htext58                                 text58       000000
__Htext59                                 text59       000000
__Htext6                                  text6        000000
__Htext62                                 text62       000000
__Htext63                                 text63       000000
__Htext64                                 text64       000000
__Htext65                                 text65       000000
__Htext66                                 text66       000000
__Htext7                                  text7        000000
__Htext8                                  text8        000000
__Htext9                                  text9        000000
__LRAM                                    (abs)        000001
__Labs1                                   abs1         000000
__Lbank0                                  bank0        000000
__Lbank1                                  bank1        000000
__Lbank2                                  bank2        000000
__Lbank3                                  bank3        000000
__Lbank4                                  bank4        000000
__Lbank5                                  bank5        000000
__Lbank6                                  bank6        000000
__Lbank7                                  bank7        000000
__Lbigbss                                 bigbss       000000
__Lbigdata                                bigdata      000000
__Lbigram                                 bigram       000000
__Lbss                                    bss          000000
__LbssBANK0                               bssBANK0     000000
__LbssBANK1                               bssBANK1     000000
__LbssBANK2                               bssBANK2     000000
__LbssCOMRAM                              bssCOMRAM    000000
__Lcinit                                  cinit        000000
__Lclrtext                                clrtext      000000
__Lcomram                                 comram       000000
__Lconfig                                 config       300000
__Lconst                                  const        000000
__LcstackBANK0                            cstackBANK0  000000
__LcstackCOMRAM                           cstackCOMRAM 000000
__Ldata                                   data         000000
__LdataBANK0                              dataBANK0    000000
__LdataBANK1                              dataBANK1    000000
__LdataBIGRAMl                            dataBIGRAMl  000000
__LdataCOMRAM                             dataCOMRAM   000000
__Leeprom_data                            eeprom_data  F00000
__Lend_init                               end_init     0008AA
__Lfarbss                                 farbss       000000
__Lfardata                                fardata      000000
__Libigdata                               ibigdata     000000
__Lidata                                  idata        000000
__LidataBANK0                             idataBANK0   000000
__LidataBANK1                             idataBANK1   000000
__LidataBIGRAMl                           idataBIGRAMl 000000
__LidataCOMRAM                            idataCOMRAM  000000
__Lidloc                                  idloc        200000
__Lifardata                               ifardata     000000
__Linit                                   init         0008AA
__Lintcode                                intcode      000808
__Lintcode_body                           intcode_body 000000
__Lintcodelo                              intcodelo    000818
__Lintentry                               intentry     000000
__Lintret                                 intret       000000
__Lintsave_regs                           intsave_regs 000000
__Lirdata                                 irdata       000000
__Lmediumconst                            mediumconst  000000
__LnvBANK0                                nvBANK0      000000
__LnvFARRAM                               nvFARRAM     000000
__Lnvbit                                  nvbit        000000
__Lnvrram                                 nvrram       000000
__Lparam                                  rparam       000000
__Lpowerup                                powerup      0008AA
__Lram                                    ram          000000
__Lramtop                                 ramtop       000800
__Lrbit                                   rbit         000000
__Lrbss                                   rbss         000000
__Lrdata                                  rdata        000000
__Lreset_vec                              reset_vec    000800
__Lrparam                                 rparam       000000
__Lsfr                                    sfr          000000
__Lsmallconst                             smallconst   000900
__Lspace_0                                (abs)        000000
__Lspace_1                                (abs)        000000
__Lspace_2                                (abs)        000000
__Lstack                                  stack        000000
__Lstruct                                 struct       000000
__Ltemp                                   temp         000000
__Ltext                                   text         000000
__Ltext0                                  text0        000000
__Ltext1                                  text1        000000
__Ltext10                                 text10       000000
__Ltext11                                 text11       000000
__Ltext12                                 text12       000000
__Ltext13                                 text13       000000
__Ltext14                                 text14       000000
__Ltext15                                 text15       000000
__Ltext16                                 text16       000000
__Ltext17                                 text17       000000
__Ltext18                                 text18       000000
__Ltext19                                 text19       000000
__Ltext2                                  text2        000000
__Ltext20                                 text20       000000
__Ltext21                                 text21       000000
__Ltext22                                 text22       000000
__Ltext23                                 text23       000000
__Ltext24                                 text24       000000
__Ltext25                                 text25       000000
__Ltext26                                 text26       000000
__Ltext27                                 text27       000000
__Ltext28                                 text28       000000
__Ltext29                                 text29       000000
__Ltext3                                  text3        000000
__Ltext30                                 text30       000000
__Ltext31                                 text31       000000
__Ltext32                                 text32       000000
__Ltext33                                 text33       000000
__Ltext34                                 text34       000000
__Ltext35                                 text35       000000
__Ltext36                                 text36       000000
__Ltext37                                 text37       000000
__Ltext38                                 text38       000000
__Ltext39                                 text39       000000
__Ltext4                                  text4        000000
__Ltext40                                 text40       000000
__Ltext41                                 text41       000000
__Ltext42                                 text42       000000
__Ltext43                                 text43       000000
__Ltext44                                 text44       000000
__Ltext45                                 text45       000000
__Ltext46                                 text46       000000
__Ltext47                                 text47       000000
__Ltext48                                 text48       000000
__Ltext49                                 text49       000000
__Ltext5                                  text5        000000
__Ltext50                                 text50       000000
__Ltext51                                 text51       000000
__Ltext52                                 text52       000000
__Ltext53                                 text53       000000
__Ltext54                                 text54       000000
__Ltext55                                 text55       000000
__Ltext56                                 text56       000000
__Ltext57                                 text57       000000
__Ltext58                                 text58       000000
__Ltext59                                 text59       000000
__Ltext6                                  text6        000000
__Ltext62                                 text62       000000
__Ltext63                                 text63       000000
__Ltext64                                 text64       000000
__Ltext65                                 text65       000000
__Ltext66                                 text66       000000
__Ltext7                                  text7        000000
__Ltext8                                  text8        000000
__Ltext9                                  text9        000000
__S0                                      (abs)        F00008
__S1                                      (abs)        000780
__S2                                      (abs)        000000
___awdiv                                  text52       002A86
___awdiv@counter                          cstackCOMRAM 000027
___awdiv@dividend                         cstackCOMRAM 000023
___awdiv@divisor                          cstackCOMRAM 000025
___awdiv@quotient                         cstackCOMRAM 000029
___awdiv@sign                             cstackCOMRAM 000028
___inthi_sp                               stack        000000
___intlo_sp                               stack        000000
___lwdiv                                  text48       002F22
___lwdiv@counter                          cstackCOMRAM 000029
___lwdiv@dividend                         cstackCOMRAM 000023
___lwdiv@divisor                          cstackCOMRAM 000025
___lwdiv@quotient                         cstackCOMRAM 000027
___param_bank                             (abs)        000010
___rparam_used                            (abs)        000001
___sp                                     stack        000000
__accesstop                               (abs)        000060
__activetblptr                            (abs)        000002
__end_of_BlinkUSBStatus                   text40       0030CA
__end_of_BusyADC                          text39       003472
__end_of_Busy_eep                         text38       00347A
__end_of_CDCInitEP                        text25       002D9E
__end_of_CDCTxService                     text8        00196A
__end_of_ConvertADC                       text37       00347E
__end_of_Delay100TCYx                     text47       003430
__end_of_Delay10TCYx                      text46       00341E
__end_of_HighPriorityISRCode              intcode_body 002BAA
__end_of_InitializeSystem                 text41       001AA8
__end_of_LowPriorityISRCode               intcodelo    0008AA
__end_of_OpenSPI1                         text59       00302C
__end_of_ProcessCDC                       text3        000E56
__end_of_ProcessIO                        text1        001FD6
__end_of_ReadADC                          text36       003464
__end_of_ReadSPI1                         text53       0033E4
__end_of_Read_b_eep                       text35       00340C
__end_of_SwitchIsPressed                  text2        0032CE
__end_of_USBCheckCDCRequest               text24       0025B8
__end_of_USBCheckStdRequest               text18       0020BA
__end_of_USBClearUSBInterrupt             text34       0031E4
__end_of_USBConfigureEndpoint             text28       002A86
__end_of_USBCtrlEPAllowDataStage          text17       0029F0
__end_of_USBCtrlEPAllowStatusStage        text31       0024F4
__end_of_USBCtrlEPService                 text14       002356
__end_of_USBCtrlEPServiceComplete         text16       001EEA
__end_of_USBCtrlTrfInHandler              text32       00242C
__end_of_USBCtrlTrfOutHandler             text29       002E64
__end_of_USBCtrlTrfRxService              text30       001CEE
__end_of_USBCtrlTrfSetupHandler           text15       002CBC
__end_of_USBCtrlTrfTxService              text33       00227A
__end_of_USBDeviceInit                    text56       001814
__end_of_USBDeviceTasks                   text10       00130E
__end_of_USBDisableInterrupts             text58       003244
__end_of_USBEnableEndpoint                text27       00310A
__end_of_USBRegisterFix                   text55       001DEE
__end_of_USBStallHandler                  text13       002FD6
__end_of_USBStdFeatureReqHandler          text22       0010EC
__end_of_USBStdGetDscHandler              text21       001BCC
__end_of_USBStdGetStatusHandler           text20       0028A6
__end_of_USBStdSetCfgHandler              text19       00219C
__end_of_USBSuspend                       text12       0031B4
__end_of_USBTransferOnePacket             text26       002678
__end_of_USBWakeFromSuspend               text11       003146
__end_of_USB_CD_Ptr                       smallconst   00090B
__end_of_USB_SD_Ptr                       smallconst   000909
__end_of_USER_USB_CALLBACK_EVENT_HANDLER  text23       002EC4
__end_of_WriteSPI1                        text51       00336E
__end_of_Write_b_eep                      text9        003180
__end_of___awdiv                          text52       002B1C
__end_of___lwdiv                          text48       002F7E
__end_of__initialization                  cinit        00272A
__end_of_comm_send_dat                    text6        002C34
__end_of_comm_send_rply                   text5        00307E
__end_of_configDescriptor1                smallconst   00094E
__end_of_device_dsc                       smallconst   00099E
__end_of_gamma_lookup                     text44       0033CE
__end_of_getsUSBUSART                     text4        0027F0
__end_of_main                             text0        0033F8
__end_of_memset                           text57       0032A2
__end_of_putUSBUSART                      text7        0033B0
__end_of_readDeviceID                     text54       002E02
__end_of_sd000                            smallconst   0009AC
__end_of_sd001                            smallconst   000974
__end_of_sd002                            smallconst   00098C
__end_of_sd003                            smallconst   0009A8
__end_of_tlc5947_count_channels           text49       002D32
__end_of_tlc5947_latch                    text45       0032F8
__end_of_tlc5947_pwm_readback             text42       002954
__end_of_tlc5947_setChannel               text43       0016A4
__end_of_tlc5947_update                   text50       003214
__end_ofi2_Delay100TCYx                   text66       003454
__end_ofi2_Delay10TCYx                    text65       003442
__end_ofi2_WriteSPI1                      text63       003390
__end_ofi2_tlc5947_latch                  text64       003322
__end_ofi2_tlc5947_update                 text62       003274
__initialization                          cinit        002678
__mediumconst                             mediumconst  000000
__pbssBANK0                               bssBANK0     000060
__pbssBANK1                               bssBANK1     000100
__pbssBANK2                               bssBANK2     000200
__pbssCOMRAM                              bssCOMRAM    00003E
__pcinit                                  cinit        002678
__pcstackBANK0                            cstackBANK0  0000DE
__pcstackCOMRAM                           cstackCOMRAM 000001
__pdataBANK0                              dataBANK0    0000B5
__pdataBANK1                              dataBANK1    000180
__pdataBIGRAMl                            dataBIGRAMl  000580
__pdataCOMRAM                             dataCOMRAM   00005D
__pidataBANK0                             idataBANK0   003322
__pidataBANK1                             idataBANK1   002EC4
__pidataBIGRAMl                           idataBIGRAMl 00130E
__pidataCOMRAM                            idataCOMRAM  00347E
__pintcode                                intcode      000808
__pintcode_body                           intcode_body 002B1C
__pintcodelo                              intcodelo    000818
__pnvBANK0                                nvBANK0      0000F1
__psmallconst                             smallconst   000900
__ptext0                                  text0        0033E4
__ptext1                                  text1        001EEA
__ptext10                                 text10       0010EC
__ptext11                                 text11       00310A
__ptext12                                 text12       003180
__ptext13                                 text13       002F7E
__ptext14                                 text14       00227A
__ptext15                                 text15       002C34
__ptext16                                 text16       001DEE
__ptext17                                 text17       002954
__ptext18                                 text18       001FD6
__ptext19                                 text19       0020BA
__ptext2                                  text2        0032A2
__ptext20                                 text20       0027F0
__ptext21                                 text21       001AA8
__ptext22                                 text22       000E56
__ptext23                                 text23       002E64
__ptext24                                 text24       0024F4
__ptext25                                 text25       002D32
__ptext26                                 text26       0025B8
__ptext27                                 text27       0030CA
__ptext28                                 text28       0029F0
__ptext29                                 text29       002E02
__ptext3                                  text3        0009AE
__ptext30                                 text30       001BCC
__ptext31                                 text31       00242C
__ptext32                                 text32       002356
__ptext33                                 text33       00219C
__ptext34                                 text34       0031B4
__ptext35                                 text35       0033F8
__ptext36                                 text36       003454
__ptext37                                 text37       00347A
__ptext38                                 text38       003472
__ptext39                                 text39       003464
__ptext4                                  text4        002734
__ptext40                                 text40       00307E
__ptext41                                 text41       00196A
__ptext42                                 text42       0028A6
__ptext43                                 text43       00150E
__ptext44                                 text44       0033B0
__ptext45                                 text45       0032CE
__ptext46                                 text46       00340C
__ptext47                                 text47       00341E
__ptext48                                 text48       002F22
__ptext49                                 text49       002CBC
__ptext5                                  text5        00302C
__ptext50                                 text50       0031E4
__ptext51                                 text51       00334C
__ptext52                                 text52       002A86
__ptext53                                 text53       0033CE
__ptext54                                 text54       002D9E
__ptext55                                 text55       001CEE
__ptext56                                 text56       0016A4
__ptext57                                 text57       003274
__ptext58                                 text58       003214
__ptext59                                 text59       002FD6
__ptext6                                  text6        002BAA
__ptext62                                 text62       003244
__ptext63                                 text63       00336E
__ptext64                                 text64       0032F8
__ptext65                                 text65       003430
__ptext66                                 text66       003442
__ptext7                                  text7        003390
__ptext8                                  text8        001814
__ptext9                                  text9        003146
__ramtop                                  ramtop       000800
__size_of_BlinkUSBStatus                  (abs)        000000
__size_of_BusyADC                         (abs)        000000
__size_of_Busy_eep                        (abs)        000000
__size_of_CDCInitEP                       (abs)        000000
__size_of_CDCTxService                    (abs)        000000
__size_of_ConvertADC                      (abs)        000000
__size_of_Delay100TCYx                    (abs)        000000
__size_of_Delay10TCYx                     (abs)        000000
__size_of_HighPriorityISRCode             (abs)        000000
__size_of_InitializeSystem                (abs)        000000
__size_of_LowPriorityISRCode              (abs)        000000
__size_of_OpenSPI1                        (abs)        000000
__size_of_ProcessCDC                      (abs)        000000
__size_of_ProcessIO                       (abs)        000000
__size_of_ReadADC                         (abs)        000000
__size_of_ReadSPI1                        (abs)        000000
__size_of_Read_b_eep                      (abs)        000000
__size_of_SwitchIsPressed                 (abs)        000000
__size_of_USBCheckCDCRequest              (abs)        000000
__size_of_USBCheckStdRequest              (abs)        000000
__size_of_USBClearUSBInterrupt            (abs)        000000
__size_of_USBConfigureEndpoint            (abs)        000000
__size_of_USBCtrlEPAllowDataStage         (abs)        000000
__size_of_USBCtrlEPAllowStatusStage       (abs)        000000
__size_of_USBCtrlEPService                (abs)        000000
__size_of_USBCtrlEPServiceComplete        (abs)        000000
__size_of_USBCtrlTrfInHandler             (abs)        000000
__size_of_USBCtrlTrfOutHandler            (abs)        000000
__size_of_USBCtrlTrfRxService             (abs)        000000
__size_of_USBCtrlTrfSetupHandler          (abs)        000000
__size_of_USBCtrlTrfTxService             (abs)        000000
__size_of_USBDeviceInit                   (abs)        000000
__size_of_USBDeviceTasks                  (abs)        000000
__size_of_USBDisableInterrupts            (abs)        000000
__size_of_USBEnableEndpoint               (abs)        000000
__size_of_USBRegisterFix                  (abs)        000000
__size_of_USBStallHandler                 (abs)        000000
__size_of_USBStdFeatureReqHandler         (abs)        000000
__size_of_USBStdGetDscHandler             (abs)        000000
__size_of_USBStdGetStatusHandler          (abs)        000000
__size_of_USBStdSetCfgHandler             (abs)        000000
__size_of_USBSuspend                      (abs)        000000
__size_of_USBTransferOnePacket            (abs)        000000
__size_of_USBWakeFromSuspend              (abs)        000000
__size_of_USER_USB_CALLBACK_EVENT_HANDLER (abs)        000000
__size_of_WriteSPI1                       (abs)        000000
__size_of_Write_b_eep                     (abs)        000000
__size_of___awdiv                         (abs)        000000
__size_of___lwdiv                         (abs)        000000
__size_of_comm_send_dat                   (abs)        000000
__size_of_comm_send_rply                  (abs)        000000
__size_of_gamma_lookup                    (abs)        000000
__size_of_getsUSBUSART                    (abs)        000000
__size_of_main                            (abs)        000000
__size_of_memset                          (abs)        000000
__size_of_putUSBUSART                     (abs)        000000
__size_of_readDeviceID                    (abs)        000000
__size_of_tlc5947_count_channels          (abs)        000000
__size_of_tlc5947_latch                   (abs)        000000
__size_of_tlc5947_pwm_readback            (abs)        000000
__size_of_tlc5947_setChannel              (abs)        000000
__size_of_tlc5947_update                  (abs)        000000
__size_ofi2_Delay100TCYx                  (abs)        000000
__size_ofi2_Delay10TCYx                   (abs)        000000
__size_ofi2_WriteSPI1                     (abs)        000000
__size_ofi2_tlc5947_latch                 (abs)        000000
__size_ofi2_tlc5947_update                (abs)        000000
__smallconst                              smallconst   000900
_cdc_data_rx                              (abs)        000540
_cdc_data_tx                              (abs)        000500
_cdc_mem_type                             bssBANK0     000099
_cdc_notice                               bssBANK0     000060
_cdc_rx_len                               bssCOMRAM    000051
_cdc_trf_state                            bssCOMRAM    000052
_cdc_tx_len                               bssCOMRAM    000053
_comm_send_dat                            text6        002BAA
_comm_send_rply                           text5        00302C
_configDescriptor1                        smallconst   00090B
_controlTransferState                     bssCOMRAM    000054
_control_signal_bitmap                    bssBANK0     00009A
_device_dsc                               smallconst   00098C
_dummy_encapsulated_cmd_response          bssBANK0     0000A3
_endpoint_number                          bssBANK0     00009B
_ep_data_in                               bssBANK0     00007C
_ep_data_out                              bssBANK0     00007F
_gamma_lookup                             text44       0033B0
_gamma_table                              dataBIGRAMl  000580
_getsUSBUSART                             text4        002734
_getsUSBUSART$1647                        cstackCOMRAM 00002E
_green_led_counter                        bssBANK0     00009C
_inPipes                                  bssCOMRAM    000056
_led_count                                bssBANK0     00008A
_line_coding                              bssBANK0     0000AB
_main                                     text0        0033E4
_memset                                   text57       003274
_old_sw2                                  bssBANK0     00009D
_outPipes                                 bssBANK0     00006A
_pBDTEntryEP0OutCurrent                   bssCOMRAM    000046
_pBDTEntryEP0OutNext                      bssCOMRAM    000048
_pBDTEntryIn                              bssCOMRAM    00003E
_pBDTEntryOut                             bssBANK0     000072
_pCDCDst                                  bssBANK0     000082
_pCDCSrc                                  bssBANK0     000085
_pDst                                     bssBANK0     00008C
_pattern_number                           bssBANK0     00009E
_pic18_devid                              nvBANK0      0000F1
_pic18_rev                                bssBANK0     00009F
_putUSBUSART                              text7        003390
_pwr_delay                                bssBANK0     00008E
_readDeviceID                             text54       002D9E
_readDeviceID$2794                        cstackCOMRAM 000027
_sd000                                    smallconst   0009A8
_sd001                                    smallconst   00094E
_sd002                                    smallconst   000974
_sd003                                    smallconst   00099E
_shortPacketStatus                        bssCOMRAM    000055
_tcl5947_testbyte0                        dataBANK0    0000DB
_tcl5947_testbyte1                        dataBANK0    0000DC
_test_pattern                             dataBANK1    0001C8
_tlc5947_count_channels                   text49       002CBC
_tlc5947_latch                            text45       0032CE
_tlc5947_pwm_readback                     text42       0028A6
_tlc5947_setChannel                       text43       00150E
_tlc5947_update                           text50       0031E4
_tlc_memory                               dataBANK1    000180
_tlc_nbytes                               dataCOMRAM   00005F
_tlc_nchannels                            dataBANK0    0000DD
_tlc_pwm_readback_value                   bssCOMRAM    00004A
_tlc_request                              bssBANK0     0000A0
_tmr3h_cal                                bssBANK0     0000A1
_tmr3l_cal                                bssBANK0     0000A2
_txmiss_count                             bssBANK0     000090
_update_count                             bssBANK0     000092
comm_send_dat@i                           cstackCOMRAM 00002F
comm_send_dat@len                         cstackCOMRAM 000030
comm_send_rply@cc                         cstackCOMRAM 00002F
end_of_initialization                     cinit        00272A
gamma_lookup@c                            cstackCOMRAM 000025
getsUSBUSART@buffer                       cstackCOMRAM 00002A
getsUSBUSART@len                          cstackCOMRAM 00002C
i2Delay100TCYx@unit                       cstackCOMRAM 000012
i2Delay10TCYx@unit                        cstackCOMRAM 000012
i2WriteSPI1@TempVar                       cstackCOMRAM 000012
i2WriteSPI1@data_out                      cstackCOMRAM 000013
i2_Delay100TCYx                           text66       003442
i2_Delay10TCYx                            text65       003430
i2_WriteSPI1                              text63       00336E
i2_tlc5947_latch                          text64       0032F8
i2_tlc5947_update                         text62       003244
i2tlc5947_update@x                        cstackCOMRAM 000014
int_func                                  intcode_body 002B1C
intlevel0                                 text         000000
intlevel1                                 text         000000
intlevel2                                 text         000000
intlevel3                                 text         000000
memset@c                                  cstackCOMRAM 000025
memset@n                                  cstackCOMRAM 000027
memset@p                                  cstackCOMRAM 000029
memset@p1                                 cstackCOMRAM 000023
putUSBUSART@data                          cstackCOMRAM 000023
putUSBUSART@length                        cstackCOMRAM 000025
readDeviceID@devID1                       cstackCOMRAM 000025
readDeviceID@devID2                       cstackCOMRAM 000026
stackhi                                   (abs)        0003FF
stacklo                                   (abs)        000280
start                                     init         0008AA
start_initialization                      cinit        002678
tlc5947_count_channels@data               cstackCOMRAM 00002C
tlc5947_count_channels@old_data           cstackCOMRAM 00002B
tlc5947_count_channels@pos                cstackCOMRAM 00002D
tlc5947_pwm_readback@i                    cstackCOMRAM 000035
tlc5947_setChannel@ch                     cstackCOMRAM 00002A
tlc5947_setChannel@col                    cstackCOMRAM 00002B
tlc5947_setChannel@mpos                   cstackCOMRAM 00002E
tlc5947_setChannel@pos                    cstackCOMRAM 00002D
tlc5947_setChannel@val                    cstackCOMRAM 000026
tlc5947_update@x                          cstackCOMRAM 000025


FUNCTION INFORMATION:

 *************** function _main *****************
 Defined at:
		line 74 in file "C:/Users/cpresser/_Daten/mplab_workspace/20_KarateLight/karate_xc8.X/src/karate.c"
 Parameters:    Size  Location     Type
		None
 Auto vars:     Size  Location     Type
		None
 Return value:  Size  Location     Type
		None               void
 Registers used:
		wreg, fsr1l, fsr1h, fsr2l, fsr2h, status,2, status,0, tblptrl, tblptrh, tblptru, prodl, prodh, cstack
 Tracked objects:
		On entry : 
		On exit  : 
		Unchanged: 
 Data sizes:     COMRAM   BANK0   BANK1   BANK2   BANK3   BANK4   BANK5   BANK6   BANK7
      Params:         0       0       0       0       0       0       0       0       0
      Locals:         0       0       0       0       0       0       0       0       0
      Temps:          0       0       0       0       0       0       0       0       0
      Totals:         0       0       0       0       0       0       0       0       0
Total ram usage:        0 bytes
 Hardware stack levels required when called:   15
 This function calls:
		_InitializeSystem
		_ProcessIO
 This function is called by:
		Startup code after reset
 This function uses a non-reentrant model


 *************** function _ProcessIO *****************
 Defined at:
		line 214 in file "C:/Users/cpresser/_Daten/mplab_workspace/20_KarateLight/karate_xc8.X/src/karate.c"
 Parameters:    Size  Location     Type
		None
 Auto vars:     Size  Location     Type
  x               1   18[BANK0 ] unsigned char 
 Return value:  Size  Location     Type
		None               void
 Registers used:
		wreg, fsr1l, fsr1h, fsr2l, fsr2h, status,2, status,0, tblptrl, tblptrh, tblptru, prodl, prodh, cstack
 Tracked objects:
		On entry : 
		On exit  : 
		Unchanged: 
 Data sizes:     COMRAM   BANK0   BANK1   BANK2   BANK3   BANK4   BANK5   BANK6   BANK7
      Params:         0       0       0       0       0       0       0       0       0
      Locals:         0       1       0       0       0       0       0       0       0
[...]
      Locals:         1       0       0       0       0       0       0       0       0
      Temps:          0       0       0       0       0       0       0       0       0
      Totals:         1       0       0       0       0       0       0       0       0
Total ram usage:        1 bytes
 Hardware stack levels used:    1
 Hardware stack levels required when called:    5
 This function calls:
		_USBDisableInterrupts
		_memset
 This function is called by:
		_USBDeviceTasks
		_InitializeSystem
 This function uses a non-reentrant model


 *************** function _memset *****************
 Defined at:
		line 8 in file "C:\Program Files (x86)\Microchip\xc8\v1.34\sources\common\memset.c"
 Parameters:    Size  Location     Type
  p1              2   34[COMRAM] PTR void 
		 -> UEP1(1), RAM(2047), USBAlternateInterface(2), BDT(48), 
  c               2   36[COMRAM] int 
  n               2   38[COMRAM] unsigned int 
 Auto vars:     Size  Location     Type
  p               2   40[COMRAM] PTR unsigned char 
		 -> UEP1(1), RAM(2047), USBAlternateInterface(2), BDT(48), 
 Return value:  Size  Location     Type
                  2   34[COMRAM] PTR void 
 Registers used:
		wreg, fsr2l, fsr2h, status,2, status,0
 Tracked objects:
		On entry : 
		On exit  : 
		Unchanged: 
 Data sizes:     COMRAM   BANK0   BANK1   BANK2   BANK3   BANK4   BANK5   BANK6   BANK7
      Params:         6       0       0       0       0       0       0       0       0
      Locals:         2       0       0       0       0       0       0       0       0
      Temps:          0       0       0       0       0       0       0       0       0
      Totals:         8       0       0       0       0       0       0       0       0
Total ram usage:        8 bytes
 Hardware stack levels used:    1
 Hardware stack levels required when called:    4
 This function calls:
		Nothing
 This function is called by:
		_USBDeviceInit
		_USBStdSetCfgHandler
 This function uses a non-reentrant model


 *************** function _USBDisableInterrupts *****************
 Defined at:
		line 31 in file "C:/Users/cpresser/_Daten/mplab_workspace/20_KarateLight/karate_xc8.X/src/usb_hal_fixes.c"
 Parameters:    Size  Location     Type
		None
 Auto vars:     Size  Location     Type
		None
 Return value:  Size  Location     Type
		None               void
 Registers used:
		wreg, fsr2l, fsr2h, status,2, status,0
 Tracked objects:
		On entry : 
		On exit  : 
		Unchanged: 
 Data sizes:     COMRAM   BANK0   BANK1   BANK2   BANK3   BANK4   BANK5   BANK6   BANK7
      Params:         0       0       0       0       0       0       0       0       0
      Locals:         0       0       0       0       0       0       0       0       0
      Temps:          0       0       0       0       0       0       0       0       0
      Totals:         0       0       0       0       0       0       0       0       0
Total ram usage:        0 bytes
 Hardware stack levels used:    1
 Hardware stack levels required when called:    4
 This function calls:
		Nothing
 This function is called by:
		_USBDeviceInit
 This function uses a non-reentrant model


 *************** function _OpenSPI1 *****************
 Defined at:
		line 63 in file "C:\Program Files (x86)\Microchip\xc8\v1.34\sources\pic18\plib\SPI\spi1open.c"
 Parameters:    Size  Location     Type
  sync_mode       1    wreg     unsigned char 
  bus_mode        1   34[COMRAM] unsigned char 
  smp_phase       1   35[COMRAM] unsigned char 
 Auto vars:     Size  Location     Type
  sync_mode       1   36[COMRAM] unsigned char 
 Return value:  Size  Location     Type
		None               void
 Registers used:
		wreg, status,2, status,0
 Tracked objects:
		On entry : 
		On exit  : 
		Unchanged: 
 Data sizes:     COMRAM   BANK0   BANK1   BANK2   BANK3   BANK4   BANK5   BANK6   BANK7
      Params:         2       0       0       0       0       0       0       0       0
      Locals:         1       0       0       0       0       0       0       0       0
      Temps:          0       0       0       0       0       0       0       0       0
      Totals:         3       0       0       0       0       0       0       0       0
Total ram usage:        3 bytes
 Hardware stack levels used:    1
 Hardware stack levels required when called:    4
 This function calls:
		Nothing
 This function is called by:
		_InitializeSystem
 This function uses a non-reentrant model


 *************** function _LowPriorityISRCode *****************
 Defined at:
		line 66 in file "C:/Users/cpresser/_Daten/mplab_workspace/20_KarateLight/karate_xc8.X/src/karate.c"
 Parameters:    Size  Location     Type
		None
 Auto vars:     Size  Location     Type
		None
 Return value:  Size  Location     Type
		None               void
 Registers used:
		None
 Tracked objects:
		On entry : 
		On exit  : 
		Unchanged: 
 Data sizes:     COMRAM   BANK0   BANK1   BANK2   BANK3   BANK4   BANK5   BANK6   BANK7
      Params:         0       0       0       0       0       0       0       0       0
      Locals:         0       0       0       0       0       0       0       0       0
      Temps:         17       0       0       0       0       0       0       0       0
      Totals:        17       0       0       0       0       0       0       0       0
Total ram usage:       17 bytes
 Hardware stack levels used:    1
 Hardware stack levels required when called:    3
 This function calls:
		Nothing
 This function is called by:
		Interrupt level 1
 This function uses a non-reentrant model


 *************** function _HighPriorityISRCode *****************
 Defined at:
		line 45 in file "C:/Users/cpresser/_Daten/mplab_workspace/20_KarateLight/karate_xc8.X/src/karate.c"
 Parameters:    Size  Location     Type
		None
 Auto vars:     Size  Location     Type
		None
 Return value:  Size  Location     Type
		None               void
 Registers used:
		wreg, fsr2l, fsr2h, status,2, status,0, prodl, prodh, cstack
 Tracked objects:
		On entry : 
		On exit  : 
		Unchanged: 
 Data sizes:     COMRAM   BANK0   BANK1   BANK2   BANK3   BANK4   BANK5   BANK6   BANK7
      Params:         0       0       0       0       0       0       0       0       0
      Locals:         0       0       0       0       0       0       0       0       0
      Temps:         14       0       0       0       0       0       0       0       0
      Totals:        14       0       0       0       0       0       0       0       0
Total ram usage:       14 bytes
 Hardware stack levels used:    1
 Hardware stack levels required when called:    2
 This function calls:
		i2_tlc5947_latch
		i2_tlc5947_update
 This function is called by:
		Interrupt level 2
 This function uses a non-reentrant model


 *************** function i2_tlc5947_update *****************
 Defined at:
		line 175 in file "C:/Users/cpresser/_Daten/mplab_workspace/20_KarateLight/karate_xc8.X/src/tlc5947.c"
 Parameters:    Size  Location     Type
		None
 Auto vars:     Size  Location     Type
  tlc5947_upda    1   19[COMRAM] unsigned char 
 Return value:  Size  Location     Type
		None               void
 Registers used:
		wreg, fsr2l, fsr2h, status,2, status,0, prodl, prodh, cstack
 Tracked objects:
		On entry : 
		On exit  : 
		Unchanged: 
 Data sizes:     COMRAM   BANK0   BANK1   BANK2   BANK3   BANK4   BANK5   BANK6   BANK7
      Params:         0       0       0       0       0       0       0       0       0
      Locals:         1       0       0       0       0       0       0       0       0
      Temps:          0       0       0       0       0       0       0       0       0
      Totals:         1       0       0       0       0       0       0       0       0
Total ram usage:        1 bytes
 Hardware stack levels used:    1
 Hardware stack levels required when called:    1
 This function calls:
		i2_WriteSPI1
 This function is called by:
		_HighPriorityISRCode
 This function uses a non-reentrant model


 *************** function i2_WriteSPI1 *****************
 Defined at:
		line 13 in file "C:\Program Files (x86)\Microchip\xc8\v1.34\sources\pic18\plib\SPI\spi1writ.c"
 Parameters:    Size  Location     Type
  data_out        1    wreg     unsigned char 
 Auto vars:     Size  Location     Type
  data_out        1   18[COMRAM] unsigned char 
  WriteSPI1       1   17[COMRAM] unsigned char 
 Return value:  Size  Location     Type
                  1    wreg      char 
 Registers used:
		wreg
 Tracked objects:
		On entry : 
		On exit  : 
		Unchanged: 
 Data sizes:     COMRAM   BANK0   BANK1   BANK2   BANK3   BANK4   BANK5   BANK6   BANK7
      Params:         0       0       0       0       0       0       0       0       0
      Locals:         2       0       0       0       0       0       0       0       0
      Temps:          0       0       0       0       0       0       0       0       0
      Totals:         2       0       0       0       0       0       0       0       0
Total ram usage:        2 bytes
 Hardware stack levels used:    1
 This function calls:
		Nothing
 This function is called by:
		i2_tlc5947_update
 This function uses a non-reentrant model


 *************** function i2_tlc5947_latch *****************
 Defined at:
		line 185 in file "C:/Users/cpresser/_Daten/mplab_workspace/20_KarateLight/karate_xc8.X/src/tlc5947.c"
 Parameters:    Size  Location     Type
		None
 Auto vars:     Size  Location     Type
		None
 Return value:  Size  Location     Type
		None               void
 Registers used:
		wreg, status,2, cstack
 Tracked objects:
		On entry : 
		On exit  : 
		Unchanged: 
 Data sizes:     COMRAM   BANK0   BANK1   BANK2   BANK3   BANK4   BANK5   BANK6   BANK7
      Params:         0       0       0       0       0       0       0       0       0
      Locals:         0       0       0       0       0       0       0       0       0
      Temps:          0       0       0       0       0       0       0       0       0
      Totals:         0       0       0       0       0       0       0       0       0
Total ram usage:        0 bytes
 Hardware stack levels used:    1
 Hardware stack levels required when called:    1
 This function calls:
		i2_Delay100TCYx
		i2_Delay10TCYx
 This function is called by:
		_HighPriorityISRCode
 This function uses a non-reentrant model


 *************** function i2_Delay10TCYx *****************
 Defined at:
		line 8 in file "C:\Program Files (x86)\Microchip\xc8\v1.34\sources\pic18\d10tcyx.c"
 Parameters:    Size  Location     Type
  unit            1    wreg     unsigned char 
 Auto vars:     Size  Location     Type
  unit            1   17[COMRAM] unsigned char 
 Return value:  Size  Location     Type
		None               void
 Registers used:
		wreg
 Tracked objects:
		On entry : 
		On exit  : 
		Unchanged: 
 Data sizes:     COMRAM   BANK0   BANK1   BANK2   BANK3   BANK4   BANK5   BANK6   BANK7
      Params:         0       0       0       0       0       0       0       0       0
      Locals:         1       0       0       0       0       0       0       0       0
      Temps:          0       0       0       0       0       0       0       0       0
      Totals:         1       0       0       0       0       0       0       0       0
Total ram usage:        1 bytes
 Hardware stack levels used:    1
 This function calls:
		Nothing
 This function is called by:
		i2_tlc5947_latch
 This function uses a non-reentrant model


 *************** function i2_Delay100TCYx *****************
 Defined at:
		line 8 in file "C:\Program Files (x86)\Microchip\xc8\v1.34\sources\pic18\d100tcyx.c"
 Parameters:    Size  Location     Type
  unit            1    wreg     unsigned char 
 Auto vars:     Size  Location     Type
  unit            1   17[COMRAM] unsigned char 
 Return value:  Size  Location     Type
		None               void
 Registers used:
		wreg
 Tracked objects:
		On entry : 
		On exit  : 
		Unchanged: 
 Data sizes:     COMRAM   BANK0   BANK1   BANK2   BANK3   BANK4   BANK5   BANK6   BANK7
      Params:         0       0       0       0       0       0       0       0       0
      Locals:         1       0       0       0       0       0       0       0       0
      Temps:          0       0       0       0       0       0       0       0       0
      Totals:         1       0       0       0       0       0       0       0       0
Total ram usage:        1 bytes
 Hardware stack levels used:    1
 This function calls:
		Nothing
 This function is called by:
		i2_tlc5947_latch
 This function uses a non-reentrant model



MODULE INFORMATION

Module		Function		Class		Link	Load	Size
C:\Program Files (x86)\Microchip\xc8\v1.34\sources\pic18\plib\SPI\spi1read.c
		_ReadSPI1      		CODE           	33CE	0000	23

C:\Program Files (x86)\Microchip\xc8\v1.34\sources\pic18\plib\SPI\spi1read.c estimated size: 23

C:/Users/cpresser/_Daten/mplab_workspace/20_KarateLight/karate_xc8.X/src/usb/src/usb_device_cdc.c
		_CDCTxService  		CODE           	1814	0000	343
		_CDCInitEP     		CODE           	2D32	0000	109
		_putUSBUSART   		CODE           	3390	0000	33
		_getsUSBUSART  		CODE           	2734	0000	189
		_USBCheckCDCReq		CODE           	24F4	0000	197

C:/Users/cpresser/_Daten/mplab_workspace/20_KarateLight/karate_xc8.X/src/usb/src/usb_device_cdc.c estimated size: 871

C:\Program Files (x86)\Microchip\xc8\v1.34\sources\pic18\plib\ADC\adcbusy.c
		_BusyADC       		CODE           	3464	0000	15

C:\Program Files (x86)\Microchip\xc8\v1.34\sources\pic18\plib\ADC\adcbusy.c estimated size: 15

C:\Program Files (x86)\Microchip\xc8\v1.34\sources\pic18\plib\EEP\read_B.c
		_Read_b_eep    		CODE           	33F8	0000	21

C:\Program Files (x86)\Microchip\xc8\v1.34\sources\pic18\plib\EEP\read_B.c estimated size: 21

C:/Users/cpresser/_Daten/mplab_workspace/20_KarateLight/karate_xc8.X/src/usb/src/usb_device.c
		_USBCtrlTrfInHa		CODE           	2356	0000	215
		_USBTransferOne		CODE           	25B8	0000	193
		_USBStdGetDscHa		CODE           	1AA8	0000	293
		_USBCtrlEPAllow		CODE           	2954	0000	157
		_USBStdFeatureR		CODE           	0E56	0000	663
		_USBCtrlEPAllow		CODE           	242C	0000	201
		_USBCtrlTrfSetu		CODE           	2C34	0000	137
		_USBCtrlTrfOutH		CODE           	2E02	0000	99
		_USBCtrlEPServi		CODE           	1DEE	0000	253
		_USBSuspend    		CODE           	3180	0000	53
		_USBStdSetCfgHa		CODE           	20BA	0000	227
		_USBStdGetStatu		CODE           	27F0	0000	183
		_USBWakeFromSus		CODE           	310A	0000	61
		_USBCtrlTrfRxSe		CODE           	1BCC	0000	291
		_USBCtrlTrfTxSe		CODE           	219C	0000	223
		_USBEnableEndpo		CODE           	30CA	0000	65
		_USBConfigureEn		CODE           	29F0	0000	151
		_USBDeviceInit 		CODE           	16A4	0000	369
		_USBCtrlEPServi		CODE           	227A	0000	221
		_USBStallHandle		CODE           	2F7E	0000	89
		_USBDeviceTasks		CODE           	10EC	0000	547
		_USBCheckStdReq		CODE           	1FD6	0000	229

C:/Users/cpresser/_Daten/mplab_workspace/20_KarateLight/karate_xc8.X/src/usb/src/usb_device.c estimated size: 4920

C:/Users/cpresser/_Daten/mplab_workspace/20_KarateLight/karate_xc8.X/src/gamma.c
		_gamma_lookup  		CODE           	33B0	0000	31

C:/Users/cpresser/_Daten/mplab_workspace/20_KarateLight/karate_xc8.X/src/gamma.c estimated size: 31

C:\Program Files (x86)\Microchip\xc8\v1.34\sources\pic18\plib\EEP\busy_eep.c
		_Busy_eep      		CODE           	3472	0000	9

C:\Program Files (x86)\Microchip\xc8\v1.34\sources\pic18\plib\EEP\busy_eep.c estimated size: 9

C:\Program Files (x86)\Microchip\xc8\v1.34\sources\pic18\plib\ADC\adcread.c
		_ReadADC       		CODE           	3454	0000	17

C:\Program Files (x86)\Microchip\xc8\v1.34\sources\pic18\plib\ADC\adcread.c estimated size: 17

C:\Program Files (x86)\Microchip\xc8\v1.34\sources\pic18\plib\SPI\spi1writ.c
		_WriteSPI1     		CODE           	334C	0000	35

C:\Program Files (x86)\Microchip\xc8\v1.34\sources\pic18\plib\SPI\spi1writ.c estimated size: 35

shared
		i2_tlc5947_latc		CODE           	32F8	0000	43
		_configDescript		SMALLCONST     	090B	0000	68
		_USB_CD_Ptr    		SMALLCONST     	0909	0000	3
		_sd001         		SMALLCONST     	094E	0000	39
		_sd002         		SMALLCONST     	0974	0000	25
		_sd003         		SMALLCONST     	099E	0000	11
		__initializatio		CODE           	2678	0000	179
		_device_dsc    		SMALLCONST     	098C	0000	19
		i2_tlc5947_upda		CODE           	3244	0000	49
		i2_Delay10TCYx 		CODE           	3430	0000	19
		i2_WriteSPI1   		CODE           	336E	0000	35
		i2_Delay100TCYx		CODE           	3442	0000	19
		_USB_SD_Ptr    		SMALLCONST     	0901	0000	9
		_sd000         		SMALLCONST     	09A8	0000	5

shared estimated size: 523

C:\Program Files (x86)\Microchip\xc8\v1.34\sources\pic18\plib\ADC\adcconv.c
		_ConvertADC    		CODE           	347A	0000	5

C:\Program Files (x86)\Microchip\xc8\v1.34\sources\pic18\plib\ADC\adcconv.c estimated size: 5

C:\Program Files (x86)\Microchip\xc8\v1.34\sources\common\memset.c
		_memset        		CODE           	3274	0000	47

C:\Program Files (x86)\Microchip\xc8\v1.34\sources\common\memset.c estimated size: 47

C:\Program Files (x86)\Microchip\xc8\v1.34\sources\common\lwdiv.c
		___lwdiv       		CODE           	2F22	0000	93

C:\Program Files (x86)\Microchip\xc8\v1.34\sources\common\lwdiv.c estimated size: 93

C:\Program Files (x86)\Microchip\xc8\v1.34\sources\common\awdiv.c
		___awdiv       		CODE           	2A86	0000	151

C:\Program Files (x86)\Microchip\xc8\v1.34\sources\common\awdiv.c estimated size: 151

C:\Program Files (x86)\Microchip\xc8\v1.34\sources\pic18\plib\SPI\spi1open.c
		_OpenSPI1      		CODE           	2FD6	0000	87

C:\Program Files (x86)\Microchip\xc8\v1.34\sources\pic18\plib\SPI\spi1open.c estimated size: 87

C:\Program Files (x86)\Microchip\xc8\v1.34\sources\pic18\d100tcyx.c
		_Delay100TCYx  		CODE           	341E	0000	19

C:\Program Files (x86)\Microchip\xc8\v1.34\sources\pic18\d100tcyx.c estimated size: 19

C:\Program Files (x86)\Microchip\xc8\v1.34\sources\pic18\d10tcyx.c
		_Delay10TCYx   		CODE           	340C	0000	19

C:\Program Files (x86)\Microchip\xc8\v1.34\sources\pic18\d10tcyx.c estimated size: 19

C:/Users/cpresser/_Daten/mplab_workspace/20_KarateLight/karate_xc8.X/src/usb_hal_fixes.c
		_USBClearUSBInt		CODE           	31B4	0000	49
		_USBDisableInte		CODE           	3214	0000	49
		_USBRegisterFix		CODE           	1CEE	0000	257

C:/Users/cpresser/_Daten/mplab_workspace/20_KarateLight/karate_xc8.X/src/usb_hal_fixes.c estimated size: 355

C:/Users/cpresser/_Daten/mplab_workspace/20_KarateLight/karate_xc8.X/src/karate.c
		_BlinkUSBStatus		CODE           	307E	0000	77
		_HighPriorityIS		CODE           	0808	0000	159
		_main          		CODE           	33E4	0000	21
		_USER_USB_CALLB		CODE           	2E64	0000	97
		_SwitchIsPresse		CODE           	32A2	0000	45
		_InitializeSyst		CODE           	196A	0000	319
		_LowPriorityISR		CODE           	0818	0000	147
		_ProcessIO     		CODE           	1EEA	0000	237
		_readDeviceID  		CODE           	2D9E	0000	101

C:/Users/cpresser/_Daten/mplab_workspace/20_KarateLight/karate_xc8.X/src/karate.c estimated size: 1203

C:/Users/cpresser/_Daten/mplab_workspace/20_KarateLight/karate_xc8.X/src/comm.c
		_comm_send_dat 		CODE           	2BAA	0000	139
		_comm_send_rply		CODE           	302C	0000	83
		_ProcessCDC    		CODE           	09AE	0000	1193

C:/Users/cpresser/_Daten/mplab_workspace/20_KarateLight/karate_xc8.X/src/comm.c estimated size: 1415

C:/Users/cpresser/_Daten/mplab_workspace/20_KarateLight/karate_xc8.X/src/tlc5947.c
		_tlc5947_count_		CODE           	2CBC	0000	119
		_tlc5947_latch 		CODE           	32CE	0000	43
		_tlc5947_update		CODE           	31E4	0000	49
		_tlc5947_setCha		CODE           	150E	0000	407
		_tlc5947_pwm_re		CODE           	28A6	0000	175

C:/Users/cpresser/_Daten/mplab_workspace/20_KarateLight/karate_xc8.X/src/tlc5947.c estimated size: 793

C:\Program Files (x86)\Microchip\xc8\v1.34\sources\pic18\plib\EEP\write_B.c
		_Write_b_eep   		CODE           	3146	0000	59

C:\Program Files (x86)\Microchip\xc8\v1.34\sources\pic18\plib\EEP\write_B.c estimated size: 59

