Microchip MPLAB XC8 Compiler V1.34 ()

Linker command line:

--edf=C:\Program Files (x86)\Microchip\xc8\v1.34\dat\en_msgs.txt -cs \
  -h+dist/default/production\karate_xc8.X.production.sym \
  --cmf=dist/default/production\karate_xc8.X.production.cmf -z -Q18F45K50 \
  -oC:\Users\cpresser\AppData\Local\Temp\s47c.6 \
  -Mdist/default/production/karate_xc8.X.production.map -E1 -ver=XC8 \
  -ASTACK=0640h-07ffh -pstack=STACK -ACODE=00h-07FFFh -ACONST=00h-07FFFh \
  -ASMALLCONST=0800h-08FFhx120 -AMEDIUMCONST=0800h-07FFFh -ACOMRAM=01h-05Fh \
  -AABS1=00h-07FFh -ABIGRAM=01h-07FFh -ARAM=060h-0FFh,0100h-01FFhx7 \
  -ABANK0=060h-0FFh -ABANK1=0100h-01FFh -ABANK2=0200h-02FFh \
  -ABANK3=0300h-03FFh -ABANK4=0400h-04FFh -ABANK5=0500h-05FFh \
  -ABANK6=0600h-06FFh -ABANK7=0700h-07FFh -ASFR=0F53h-0F5Fh,0F60h-0FFFh \
  -preset_vec=00h,intcode=08h,intcodelo=018h,powerup,init,end_init \
  -pramtop=0800h -psmallconst=SMALLCONST -pmediumconst=MEDIUMCONST \
  -pconst=CONST -AFARRAM=00h-00h -ACONFIG=0300000h-030000Dh -pconfig=CONFIG \
  -AIDLOC=0200000h-0200007h -pidloc=IDLOC -AEEDATA=0F00000h-0F000FFh \
  -peeprom_data=EEDATA \
  -prdata=COMRAM,nvrram=COMRAM,nvbit=COMRAM,rbss=COMRAM,rbit=COMRAM \
  -pfarbss=FARRAM,fardata=FARRAM,nvFARRAM=FARRAM \
  -pintsave_regs=BIGRAM,bigbss=BIGRAM,bigdata=BIGRAM -pbss=RAM \
  -pidata=CODE,irdata=CODE,ibigdata=CODE,ifardata=CODE -prparam=COMRAM \
  C:\Users\cpresser\AppData\Local\Temp\s47c.obj \
  dist/default/production\karate_xc8.X.production.obj 

Object code version is 3.11

Machine type is 18F45K50

Call graph: (short form)




                Name                               Link     Load   Length Selector   Space Scale
C:\Users\cpresser\AppData\Local\Temp\s47c.obj
                end_init                             AA       AA        4        C       0
                reset_vec                             0        0        4        0       0
                idloc                            200000   200000        8   200000       0
                config                           300000   300000        E   300000       0
dist/default/production\karate_xc8.X.production.obj
                eeprom_data                      F00000   F00000        8   F00000       0
                intcodelo                            18       18       92        C       0
                intcode                               8        8       10        4       0
                smallconst                          800      800       CC      400       0
                text66                             3420     3420       12      466       0
                text65                             340E     340E       12      466       0
                text64                             32B8     32B8       26      466       0
                text63                             336A     336A       22      466       0
                text62                             3238     3238       2E      466       0
                intcode_body                       2B76     2B76       8A      466       0
                text59                             3440     3440        A      466       0
                text58                             2EB2     2EB2       60      466       0
                text57                             3010     3010       4A      466       0
                text56                             31D0     31D0       36      466       0
                text55                             175A     175A      158      466       0
                text54                             2D7C     2D7C       6E      466       0
                text53                             33D0     33D0       16      466       0
                text52                             250A     250A       D0      466       0
                text51                             3302     3302       24      466       0
                text50                             319A     319A       36      466       0
                text49                             2C82     2C82       82      466       0
                text48                             2C00     2C00       82      466       0
                text47                             33BA     33BA       16      466       0
                text46                             33A4     33A4       16      466       0
                text45                             3292     3292       26      466       0
                text44                             3348     3348       22      466       0
                text43                              C82      C82      2E8      466       0
                text42                             243A     243A       D0      466       0
                text41                             228E     228E       DC      466       0
                text40                             2FC0     2FC0       50      466       0
                text39                             3432     3432        E      466       0
                text38                             344A     344A        8      466       0
                text37                             3452     3452        4      466       0
                text36                             33FA     33FA       14      466       0
                text35                             33E6     33E6       14      466       0
                text34                             1E0C     1E0C       EE      466       0
                text33                             26A8     26A8       C8      466       0
                text32                             236A     236A       D0      466       0
                text31                             19E2     19E2      124      466       0
                text30                             2E50     2E50       62      466       0
                text29                             25DA     25DA       CE      466       0
                text28                             2F6C     2F6C       54      466       0
                text27                             21B0     21B0       DE      466       0
                text26                             2D04     2D04       78      466       0
                text25                             2832     2832       BA      466       0
                text24                             2DEA     2DEA       66      466       0
                text23                              F6A      F6A      2E6      466       0
                text22                             18B2     18B2      130      466       0
                text21                             2770     2770       C2      466       0
                text20                             1B06     1B06      10C      466       0
                text19                             1EFA     1EFA       EC      466       0
                text18                             2A46     2A46       A0      466       0
                text17                             1C12     1C12      10A      466       0
                text16                             2AE6     2AE6       90      466       0
                text15                             20CC     20CC       E4      466       0
                text14                             30A2     30A2       44      466       0
                text13                             3206     3206       32      466       0
                text12                             3160     3160       3A      466       0
                text11                             15DA     15DA      180      466       0
                text10                             30E6     30E6       40      466       0
                text9                              1450     1450      18A      466       0
                text8                              32DE     32DE       24      466       0
                text7                              29A4     29A4       A2      466       0
                text6                              2F12     2F12       5A      466       0
                text5                              1FE6     1FE6       E6      466       0
                text4                               8CC      8CC      3B6      466       0
                text3                              3266     3266       2C      466       0
                text2                              1D1C     1D1C       F0      466       0
                text1                              3126     3126       3A      466       0
                text0                              3326     3326       22      466       0
                cstackCOMRAM                          1        1       22        1       1
                cstackBANK0                          B4       B4       2E       60       1
                dataBIGRAMl                         440      440      200      440       1
                bssBANK2                            200      200      100      200       1
                dataBANK1                           180      180       48      100       1
                bssBANK1                            100      100       80      100       1
                dataBANK0                            E2       E2       18       60       1
                bssBANK0                             60       60       54       60       1
                dataCOMRAM                           44       44        1        1       1
                bssCOMRAM                            23       23       21        1       1
                cinit                              28EC     28EC       B8      466       0
                idataBANK1                         305A     305A       48      466       0
                idataBANK0                         338C     338C       18      466       0
                idataBIGRAMl                       1250     1250      200      466       0
                idataCOMRAM                        3456     3456        1      466       0

TOTAL           Name                               Link     Load   Length     Space
        CLASS   STACK          

        CLASS   CODE           
                end_init                             AA       AA        4         0
                intcodelo                            18       18       92         0
                intcode                               8        8       10         0
                reset_vec                             0        0        4         0
                text66                             3420     3420       12         0
                text65                             340E     340E       12         0
                text64                             32B8     32B8       26         0
                text63                             336A     336A       22         0
                text62                             3238     3238       2E         0
                intcode_body                       2B76     2B76       8A         0
                text59                             3440     3440        A         0
                text58                             2EB2     2EB2       60         0
                text57                             3010     3010       4A         0
                text56                             31D0     31D0       36         0
                text55                             175A     175A      158         0
                text54                             2D7C     2D7C       6E         0
                text53                             33D0     33D0       16         0
                text52                             250A     250A       D0         0
                text51                             3302     3302       24         0
                text50                             319A     319A       36         0
                text49                             2C82     2C82       82         0
                text48                             2C00     2C00       82         0
                text47                             33BA     33BA       16         0
                text46                             33A4     33A4       16         0
                text45                             3292     3292       26         0
                text44                             3348     3348       22         0
                text43                              C82      C82      2E8         0
                text42                             243A     243A       D0         0
                text41                             228E     228E       DC         0
                text40                             2FC0     2FC0       50         0
                text39                             3432     3432        E         0
                text38                             344A     344A        8         0
                text37                             3452     3452        4         0
                text36                             33FA     33FA       14         0
                text35                             33E6     33E6       14         0
                text34                             1E0C     1E0C       EE         0
                text33                             26A8     26A8       C8         0
                text32                             236A     236A       D0         0
                text31                             19E2     19E2      124         0
                text30                             2E50     2E50       62         0
                text29                             25DA     25DA       CE         0
                text28                             2F6C     2F6C       54         0
                text27                             21B0     21B0       DE         0
                text26                             2D04     2D04       78         0
                text25                             2832     2832       BA         0
                text24                             2DEA     2DEA       66         0
                text23                              F6A      F6A      2E6         0
                text22                             18B2     18B2      130         0
                text21                             2770     2770       C2         0
                text20                             1B06     1B06      10C         0
                text19                             1EFA     1EFA       EC         0
                text18                             2A46     2A46       A0         0
                text17                             1C12     1C12      10A         0
                text16                             2AE6     2AE6       90         0
                text15                             20CC     20CC       E4         0
                text14                             30A2     30A2       44         0
                text13                             3206     3206       32         0
                text12                             3160     3160       3A         0
                text11                             15DA     15DA      180         0
                text10                             30E6     30E6       40         0
                text9                              1450     1450      18A         0
                text8                              32DE     32DE       24         0
                text7                              29A4     29A4       A2         0
                text6                              2F12     2F12       5A         0
                text5                              1FE6     1FE6       E6         0
                text4                               8CC      8CC      3B6         0
                text3                              3266     3266       2C         0
                text2                              1D1C     1D1C       F0         0
                text1                              3126     3126       3A         0
                text0                              3326     3326       22         0
                cinit                              28EC     28EC       B8         0
                idataBANK1                         305A     305A       48         0
                idataBANK0                         338C     338C       18         0
                idataBIGRAMl                       1250     1250      200         0
                idataCOMRAM                        3456     3456        1         0

        CLASS   CONST          

        CLASS   SMALLCONST     
                smallconst                          800      800       CC         0

        CLASS   MEDIUMCONST    

        CLASS   COMRAM         
                cstackCOMRAM                          1        1       22         1
                dataCOMRAM                           44       44        1         1
                bssCOMRAM                            23       23       21         1

        CLASS   ABS1           
                abs_s1                              400      400       40         1

        CLASS   BIGRAM         
                dataBIGRAMl                         440      440      200         1

        CLASS   RAM            

        CLASS   BANK0          
                cstackBANK0                          B4       B4       2E         1
                dataBANK0                            E2       E2       18         1
                bssBANK0                             60       60       54         1

        CLASS   BANK1          
                dataBANK1                           180      180       48         1
                bssBANK1                            100      100       80         1

        CLASS   BANK2          
                bssBANK2                            200      200      100         1

        CLASS   BANK3          

        CLASS   BANK4          

        CLASS   BANK5          

        CLASS   BANK6          

        CLASS   BANK7          

        CLASS   SFR            

        CLASS   FARRAM         

        CLASS   CONFIG         
                config                           300000   300000        E         0

        CLASS   IDLOC          
                idloc                            200000   200000        8         0

        CLASS   EEDATA         
                eeprom_data                      F00000   F00000        8         0



SEGMENTS        Name                           Load    Length   Top    Selector   Space  Class

                reset_vec                      000000  000004  000004         0       0  CODE    
                cstackCOMRAM                   000001  000044  000045         1       1  COMRAM  
                intcode                        000008  000010  000018         4       0  CODE    
                intcodelo                      000018  000096  0000AE         C       0  CODE    
                bssBANK0                       000060  00009A  0000FA        60       1  BANK0   
                bssBANK1                       000100  0000C8  0001C8       100       1  BANK1   
                bssBANK2                       000200  000100  000300       200       1  BANK2   
                dataBIGRAMl                    000440  000200  000640       440       1  BIGRAM  
                smallconst                     000800  0000CC  0008CC       400       0  SMALLCON
                text4                          0008CC  002B8B  003457       466       0  CODE    
                idloc                          200000  000008  200008    200000       0  IDLOC   
                config                         300000  00000E  30000E    300000       0  CONFIG  
                eeprom_data                    F00000  000008  F00008    F00000       0  EEDATA  


UNUSED ADDRESS RANGES

        Name                Unused          Largest block    Delta
        BANK0            0000FA-0000FF                6
        BANK1            0001C8-0001FF               38
        BANK3            000300-0003FF              100
        BANK6            000640-0006FF               C0
        BANK7            000700-0007FF              100
        BIGRAM           000045-00005F               1B
                         0000FA-0000FF                6
                         0001C8-0001FF               38
                         000300-0003FF              100
                         000640-0007FF              1C0
        CODE             000004-000007                4
                         0000AE-0007FF              752
                         003457-007FFF             4BA9
        COMRAM           000045-00005F               1B
        CONST            000004-000007                4
                         0000AE-0007FF              752
                         003457-007FFF             4BA9
        EEDATA           F00008-F000FF               F8
        MEDIUMCONST      003457-007FFF             4BA9
        RAM              0000FA-0000FF                6
                         0001C8-0001FF               38
                         000300-0003FF              100
                         000640-0007FF               C0
        SFR              000F53-000FFF                D
        SMALLCONST       003457-007FFF              100
        STACK            000640-0007FF              1C0

                                  Symbol Table

?_ReadADC                                 cstackBANK0  0000B4
?_USBTransferOnePacket                    cstackBANK0  0000B4
?___awdiv                                 cstackBANK0  0000B4
?___lwdiv                                 cstackBANK0  0000B4
?_gamma_lookup                            cstackBANK0  0000B4
?_readDeviceID                            cstackBANK0  0000B4
CDCTxService@byte_to_send                 cstackBANK0  0000BF
CDCTxService@i                            cstackBANK0  0000BE
Delay100TCYx@unit                         cstackBANK0  0000B4
Delay10TCYx@unit                          cstackBANK0  0000B4
OpenSPI1@bus_mode                         cstackBANK0  0000B4
OpenSPI1@smp_phase                        cstackBANK0  0000B5
OpenSPI1@sync_mode                        cstackBANK0  0000B6
OpenTimer3@config                         cstackBANK0  0000B6
OpenTimer3@config1                        cstackBANK0  0000B4
ProcessCDC@_c                             cstackBANK0  0000D7
ProcessCDC@_x                             cstackBANK0  0000DF
ProcessCDC@_y                             cstackBANK0  0000DC
ProcessCDC@boot_request0                  cstackBANK0  0000DA
ProcessCDC@boot_request1                  cstackBANK0  0000DB
ProcessCDC@checksum                       cstackBANK0  0000D8
ProcessCDC@cmd                            cstackBANK0  0000D9
ProcessCDC@csum                           cstackBANK0  0000D6
ProcessCDC@len                            cstackBANK0  0000E0
ProcessCDC@numBytes                       cstackBANK0  0000DE
ProcessIO@x                               cstackBANK0  0000E1
ReadSPI1@TempVar                          cstackBANK0  0000B4
Read_b_eep@badd                           cstackBANK0  0000B4
USBConfigureEndpoint@EPNum                cstackBANK0  0000B9
USBConfigureEndpoint@direction            cstackBANK0  0000B4
USBConfigureEndpoint@handle               cstackBANK0  0000BA
USBCtrlEPService@setup_cnt                cstackBANK0  0000D0
USBCtrlTrfInHandler@lastDTS               cstackBANK0  0000B5
USBCtrlTrfRxService@byteToRead            cstackBANK0  0000B5
USBCtrlTrfRxService@i                     cstackBANK0  0000B4
USBCtrlTrfTxService@byteToSend            cstackBANK0  0000B4
USBDeviceInit@i                           cstackBANK0  0000BC
USBDeviceTasks@i                          cstackBANK0  0000D1
USBEnableEndpoint@ep                      cstackBANK0  0000BF
USBEnableEndpoint@options                 cstackBANK0  0000BC
USBEnableEndpoint@p                       cstackBANK0  0000BD
USBStdFeatureReqHandler@current_ep_data   cstackBANK0  0000CB
USBStdFeatureReqHandler@p                 cstackBANK0  0000CC
USBStdFeatureReqHandler@pUEP              cstackBANK0  0000C9
USBStdGetStatusHandler@p                  cstackBANK0  0000B5
USBStdSetCfgHandler@i                     cstackBANK0  0000C8
USBTransferOnePacket@data                 cstackBANK0  0000B5
USBTransferOnePacket@dir                  cstackBANK0  0000B4
USBTransferOnePacket@ep                   cstackBANK0  0000B8
USBTransferOnePacket@handle               cstackBANK0  0000B9
USBTransferOnePacket@len                  cstackBANK0  0000B7
USER_USB_CALLBACK_EVENT_HANDLER@event     cstackBANK0  0000C0
USER_USB_CALLBACK_EVENT_HANDLER@pdata     cstackBANK0  0000C2
USER_USB_CALLBACK_EVENT_HANDLER@size      cstackBANK0  0000C4
WriteSPI1@TempVar                         cstackBANK0  0000B4
WriteSPI1@data_out                        cstackBANK0  0000B5
Write_b_eep@GIE_BIT_VAL                   cstackBANK0  0000B7
Write_b_eep@badd                          cstackBANK0  0000B4
Write_b_eep@bdat                          cstackBANK0  0000B6
_ACTCON                                   (abs)        000FB5
_ADCON0                                   (abs)        000FC2
_ADCON0bits                               (abs)        000FC2
_ADCON1                                   (abs)        000FC1
_ADCON2                                   (abs)        000FC0
_ADRESH                                   (abs)        000FC4
_ADRESL                                   (abs)        000FC3
_ANSELAbits                               (abs)        000F5B
_ANSELCbits                               (abs)        000F5D
_BDT                                      (abs)        000400
_BaudRateGen                              bssBANK0     000070
_BlinkUSBStatus                           text40       002FC0
_BothEP0OutUOWNsSet                       bssBANK0     000090
_BusyADC                                  text39       003432
_Busy_eep                                 text38       00344A
_CDCBufferIn                              bssBANK1     000100
_CDCBufferOut                             bssBANK1     000140
_CDCDataInHandle                          bssBANK0     000080
_CDCDataOutHandle                         bssBANK0     000082
_CDCInitEP                                text26       002D04
_CDCTxService                             text9        001450
_CDCTxService$3255                        cstackBANK0  0000BC
_CloseTimer3                              text59       003440
_ConvertADC                               text37       003452
_CtrlTrfData                              (abs)        000438
_DDRA                                     (abs)        000F92
_DDRAbits                                 (abs)        000F92
_DDRB                                     (abs)        000F93
_DDRBbits                                 (abs)        000F93
_DDRC                                     (abs)        000F94
_DDRD                                     (abs)        000F95
_DDRE                                     (abs)        000F96
_Delay100TCYx                             text47       0033BA
_Delay10TCYx                              text46       0033A4
_EEADR                                    (abs)        000FA9
_EECON1bits                               (abs)        000FA6
_EECON2                                   (abs)        000FA7
_EEDATA                                   (abs)        000FA8
_HighPriorityISRCode                      intcode      000008
_INTCONbits                               (abs)        000FF2
_IOCBbits                                 (abs)        000F86
_IPR1bits                                 (abs)        000F9F
_IPR3bits                                 (abs)        000FA5
_InitializeSystem                         text41       00228E
_LATBbits                                 (abs)        000F8A
_LATC                                     (abs)        000F8B
_LATCbits                                 (abs)        000F8B
_LowPriorityISRCode                       intcodelo    000018
_OSCCON                                   (abs)        000FD3
_OSCCON2                                  (abs)        000FD2
_OSCCON2bits                              (abs)        000FD2
_OSCTUNE                                  (abs)        000F9B
_OpenSPI1                                 text58       002EB2
_OpenTimer3                               text57       003010
_PIE1bits                                 (abs)        000F9D
_PIE2bits                                 (abs)        000FA0
_PIE3bits                                 (abs)        000FA3
_PIR1bits                                 (abs)        000F9E
_PIR2bits                                 (abs)        000FA1
_PIR3bits                                 (abs)        000FA4
_PORTAbits                                (abs)        000F80
_PORTBbits                                (abs)        000F81
_PORTCbits                                (abs)        000F82
_PR2                                      (abs)        000FBB
_ProcessCDC                               text4        0008CC
_ProcessIO                                text2        001D1C
_RCONbits                                 (abs)        000FD0
_ReadADC                                  text36       0033FA
_ReadSPI1                                 text53       0033D0
_Read_b_eep                               text35       0033E6
_RemoteWakeup                             bssBANK0     000091
_SSP1BUF                                  (abs)        000FC9
_SSP1CON1                                 (abs)        000FC6
_SSP1CON1bits                             (abs)        000FC6
_SSP1STAT                                 (abs)        000FC7
_SSP1STATbits                             (abs)        000FC7
_SetupPkt                                 (abs)        000430
_SwitchIsPressed                          text3        003266
_T2CON                                    (abs)        000FBA
_T3CON                                    (abs)        000FB1
_T3CONbits                                (abs)        000FB1
_T3GCON                                   (abs)        000FB4
_T3GCONbits                               (abs)        000FB4
_TABLAT                                   (abs)        000FF5
_TBLPTRH                                  (abs)        000FF7
_TBLPTRL                                  (abs)        000FF6
_TBLPTRU                                  (abs)        000FF8
_TMR3H                                    (abs)        000FB3
_TMR3L                                    (abs)        000FB2
_TRISAbits                                (abs)        000F92
_TRISBbits                                (abs)        000F93
_TRISC                                    (abs)        000F94
_TRISCbits                                (abs)        000F94
_UADDR                                    (abs)        000F63
_UCFG                                     (abs)        000F62
_UCON                                     (abs)        000F60
_UCONbits                                 (abs)        000F60
_UEIE                                     (abs)        000F66
_UEIR                                     (abs)        000F67
_UEP0                                     (abs)        000F6A
_UEP0bits                                 (abs)        000F6A
_UEP1                                     (abs)        000F6B
_UIE                                      (abs)        000F64
_UIEbits                                  (abs)        000F64
_UIR                                      (abs)        000F65
_UIRbits                                  (abs)        000F65
_USBActiveConfiguration                   bssCOMRAM    000043
_USBAlternateInterface                    bssBANK0     0000B1
_USBBusIsSuspended                        bssBANK0     000092
_USBCheckCDCRequest                       text25       002832
_USBCheckStdRequest                       text19       001EFA
_USBConfigureEndpoint                     text29       0025DA
_USBCtrlEPAllowDataStage                  text18       002A46
_USBCtrlEPAllowStatusStage                text32       00236A
_USBCtrlEPService                         text15       0020CC
_USBCtrlEPServiceComplete                 text17       001C12
_USBCtrlTrfInHandler                      text33       0026A8
_USBCtrlTrfOutHandler                     text30       002E50
_USBCtrlTrfRxService                      text31       0019E2
_USBCtrlTrfSetupHandler                   text16       002AE6
_USBCtrlTrfTxService                      text34       001E0C
_USBDeferINDataStagePackets               bssBANK0     000093
_USBDeferOUTDataStagePackets              bssBANK0     000094
_USBDeferStatusStagePacket                bssCOMRAM    000035
_USBDeviceAttach                          text1        003126
_USBDeviceInit                            text55       00175A
_USBDeviceState                           bssBANK0     000095
_USBDeviceTasks                           text11       0015DA
_USBEnableEndpoint                        text28       002F6C
_USBStallHandler                          text14       0030A2
_USBStatusStageEnabledFlag1               bssBANK0     000096
_USBStatusStageEnabledFlag2               bssBANK0     000097
_USBStatusStageTimeoutCounter             bssBANK0     000098
_USBStdFeatureReqHandler                  text23       000F6A
_USBStdGetDscHandler                      text22       0018B2
_USBStdGetStatusHandler                   text21       002770
_USBStdSetCfgHandler                      text20       001B06
_USBSuspend                               text13       003206
_USBTransferOnePacket                     text27       0021B0
_USBWakeFromSuspend                       text12       003160
_USB_CD_Ptr                               smallconst   000807
_USB_In_Buffer                            bssBANK2     000200
_USB_Out_Buffer                           bssBANK2     000240
_USB_SD_Ptr                               smallconst   000801
_USER_USB_CALLBACK_EVENT_HANDLER          text24       002DEA
_USTAT                                    (abs)        000F61
_USTATcopy                                bssBANK0     0000B3
_WriteSPI1                                text51       003302
_Write_b_eep                              text10       0030E6
__CFG_BOREN$SBORDIS                       (abs)        000000
__CFG_BORV$190                            (abs)        000000
__CFG_CCP2MX$RC1                          (abs)        000000
__CFG_CFGPLLEN$OFF                        (abs)        000000
__CFG_CP0$OFF                             (abs)        000000
__CFG_CP1$OFF                             (abs)        000000
__CFG_CP2$OFF                             (abs)        000000
__CFG_CP3$OFF                             (abs)        000000
__CFG_CPB$OFF                             (abs)        000000
__CFG_CPD$OFF                             (abs)        000000
__CFG_CPUDIV$NOCLKDIV                     (abs)        000000
__CFG_EBTR0$OFF                           (abs)        000000
__CFG_EBTR1$OFF                           (abs)        000000
__CFG_EBTR2$OFF                           (abs)        000000
__CFG_EBTR3$OFF                           (abs)        000000
__CFG_EBTRB$OFF                           (abs)        000000
__CFG_FCMEN$OFF                           (abs)        000000
__CFG_FOSC$INTOSCIO                       (abs)        000000
__CFG_ICPRT$ON                            (abs)        000000
__CFG_IESO$OFF                            (abs)        000000
__CFG_LS48MHZ$SYS48X8                     (abs)        000000
__CFG_LVP$OFF                             (abs)        000000
__CFG_MCLRE$ON                            (abs)        000000
__CFG_PBADEN$OFF                          (abs)        000000
__CFG_PCLKEN$OFF                          (abs)        000000
__CFG_PLLSEL$PLL3X                        (abs)        000000
__CFG_SDOMX$RC7                           (abs)        000000
__CFG_STVREN$ON                           (abs)        000000
__CFG_T3CMX$RB5                           (abs)        000000
__CFG_WDTEN$OFF                           (abs)        000000
__CFG_WDTPS$32768                         (abs)        000000
__CFG_WRT0$OFF                            (abs)        000000
__CFG_WRT1$OFF                            (abs)        000000
__CFG_WRT2$OFF                            (abs)        000000
__CFG_WRT3$OFF                            (abs)        000000
__CFG_WRTB$OFF                            (abs)        000000
__CFG_WRTC$OFF                            (abs)        000000
__CFG_WRTD$OFF                            (abs)        000000
__CFG_XINST$OFF                           (abs)        000000
__CFG_nLPBOR$ON                           (abs)        000000
__CFG_nPWRTEN$OFF                         (abs)        000000
__HRAM                                    (abs)        000000
__Habs1                                   abs1         000000
__Hbank0                                  bank0        000000
__Hbank1                                  bank1        000000
__Hbank2                                  bank2        000000
__Hbank3                                  bank3        000000
__Hbank4                                  bank4        000000
__Hbank5                                  bank5        000000
__Hbank6                                  bank6        000000
__Hbank7                                  bank7        000000
__Hbigbss                                 bigbss       000000
__Hbigdata                                bigdata      000000
__Hbigram                                 bigram       000000
__Hbss                                    bss          000000
__HbssBANK0                               bssBANK0     000000
__HbssBANK1                               bssBANK1     000000
__HbssBANK2                               bssBANK2     000000
__HbssCOMRAM                              bssCOMRAM    000000
__Hcinit                                  cinit        000000
__Hclrtext                                clrtext      000000
__Hcomram                                 comram       000000
__Hconfig                                 config       30000E
__Hconst                                  const        000000
__HcstackBANK0                            cstackBANK0  000000
__HcstackCOMRAM                           cstackCOMRAM 000000
__Hdata                                   data         000000
__HdataBANK0                              dataBANK0    000000
__HdataBANK1                              dataBANK1    000000
__HdataBIGRAMl                            dataBIGRAMl  000000
__HdataCOMRAM                             dataCOMRAM   000000
__Heeprom_data                            eeprom_data  F00008
__Hend_init                               end_init     0000AE
__Hfarbss                                 farbss       000000
__Hfardata                                fardata      000000
__Hibigdata                               ibigdata     000000
__Hidata                                  idata        000000
__HidataBANK0                             idataBANK0   000000
__HidataBANK1                             idataBANK1   000000
__HidataBIGRAMl                           idataBIGRAMl 000000
__HidataCOMRAM                            idataCOMRAM  000000
__Hidloc                                  idloc        200008
__Hifardata                               ifardata     000000
__Hinit                                   init         0000AA
__Hintcode                                intcode      000018
__Hintcode_body                           intcode_body 000000
__Hintcodelo                              intcodelo    0000AA
__Hintentry                               intentry     000000
__Hintret                                 intret       000000
__Hintsave_regs                           intsave_regs 000000
__Hirdata                                 irdata       000000
__Hmediumconst                            mediumconst  000000
__HnvFARRAM                               nvFARRAM     000000
__Hnvbit                                  nvbit        000000
__Hnvrram                                 nvrram       000000
__Hparam                                  rparam       000000
__Hpowerup                                powerup      0000AA
__Hram                                    ram          000000
__Hramtop                                 ramtop       000800
__Hrbit                                   rbit         000000
__Hrbss                                   rbss         000000
__Hrdata                                  rdata        000000
__Hreset_vec                              reset_vec    000004
__Hrparam                                 rparam       000000
__Hsfr                                    sfr          000000
__Hsmallconst                             smallconst   0008CC
__Hspace_0                                (abs)        F00008
__Hspace_1                                (abs)        000640
__Hspace_2                                (abs)        000000
__Hstack                                  stack        000000
__Hstruct                                 struct       000000
__Htemp                                   temp         000000
__Htext                                   text         000000
__Htext0                                  text0        000000
__Htext1                                  text1        000000
__Htext10                                 text10       000000
__Htext11                                 text11       000000
__Htext12                                 text12       000000
__Htext13                                 text13       000000
__Htext14                                 text14       000000
__Htext15                                 text15       000000
__Htext16                                 text16       000000
__Htext17                                 text17       000000
__Htext18                                 text18       000000
__Htext19                                 text19       000000
__Htext2                                  text2        000000
__Htext20                                 text20       000000
__Htext21                                 text21       000000
__Htext22                                 text22       000000
__Htext23                                 text23       000000
__Htext24                                 text24       000000
__Htext25                                 text25       000000
__Htext26                                 text26       000000
__Htext27                                 text27       000000
__Htext28                                 text28       000000
__Htext29                                 text29       000000
__Htext3                                  text3        000000
__Htext30                                 text30       000000
__Htext31                                 text31       000000
__Htext32                                 text32       000000
__Htext33                                 text33       000000
__Htext34                                 text34       000000
__Htext35                                 text35       000000
__Htext36                                 text36       000000
__Htext37                                 text37       000000
__Htext38                                 text38       000000
__Htext39                                 text39       000000
__Htext4                                  text4        000000
__Htext40                                 text40       000000
__Htext41                                 text41       000000
__Htext42                                 text42       000000
__Htext43                                 text43       000000
__Htext44                                 text44       000000
__Htext45                                 text45       000000
__Htext46                                 text46       000000
__Htext47                                 text47       000000
__Htext48                                 text48       000000
__Htext49                                 text49       000000
__Htext5                                  text5        000000
__Htext50                                 text50       000000
__Htext51                                 text51       000000
__Htext52                                 text52       000000
__Htext53                                 text53       000000
__Htext54                                 text54       000000
__Htext55                                 text55       000000
__Htext56                                 text56       000000
__Htext57                                 text57       000000
__Htext58                                 text58       000000
__Htext59                                 text59       000000
__Htext6                                  text6        000000
__Htext62                                 text62       000000
__Htext63                                 text63       000000
__Htext64                                 text64       000000
__Htext65                                 text65       000000
__Htext66                                 text66       000000
__Htext7                                  text7        000000
__Htext8                                  text8        000000
__Htext9                                  text9        000000
__LRAM                                    (abs)        000001
__Labs1                                   abs1         000000
__Lbank0                                  bank0        000000
__Lbank1                                  bank1        000000
__Lbank2                                  bank2        000000
__Lbank3                                  bank3        000000
__Lbank4                                  bank4        000000
__Lbank5                                  bank5        000000
__Lbank6                                  bank6        000000
__Lbank7                                  bank7        000000
__Lbigbss                                 bigbss       000000
__Lbigdata                                bigdata      000000
__Lbigram                                 bigram       000000
__Lbss                                    bss          000000
__LbssBANK0                               bssBANK0     000000
__LbssBANK1                               bssBANK1     000000
__LbssBANK2                               bssBANK2     000000
__LbssCOMRAM                              bssCOMRAM    000000
__Lcinit                                  cinit        000000
__Lclrtext                                clrtext      000000
__Lcomram                                 comram       000000
__Lconfig                                 config       300000
__Lconst                                  const        000000
__LcstackBANK0                            cstackBANK0  000000
__LcstackCOMRAM                           cstackCOMRAM 000000
__Ldata                                   data         000000
__LdataBANK0                              dataBANK0    000000
__LdataBANK1                              dataBANK1    000000
__LdataBIGRAMl                            dataBIGRAMl  000000
__LdataCOMRAM                             dataCOMRAM   000000
__Leeprom_data                            eeprom_data  F00000
__Lend_init                               end_init     0000AA
__Lfarbss                                 farbss       000000
__Lfardata                                fardata      000000
__Libigdata                               ibigdata     000000
__Lidata                                  idata        000000
__LidataBANK0                             idataBANK0   000000
__LidataBANK1                             idataBANK1   000000
__LidataBIGRAMl                           idataBIGRAMl 000000
__LidataCOMRAM                            idataCOMRAM  000000
__Lidloc                                  idloc        200000
__Lifardata                               ifardata     000000
__Linit                                   init         0000AA
__Lintcode                                intcode      000008
__Lintcode_body                           intcode_body 000000
__Lintcodelo                              intcodelo    000018
__Lintentry                               intentry     000000
__Lintret                                 intret       000000
__Lintsave_regs                           intsave_regs 000000
__Lirdata                                 irdata       000000
__Lmediumconst                            mediumconst  000000
__LnvFARRAM                               nvFARRAM     000000
__Lnvbit                                  nvbit        000000
__Lnvrram                                 nvrram       000000
__Lparam                                  rparam       000000
__Lpowerup                                powerup      0000AA
__Lram                                    ram          000000
__Lramtop                                 ramtop       000800
__Lrbit                                   rbit         000000
__Lrbss                                   rbss         000000
__Lrdata                                  rdata        000000
__Lreset_vec                              reset_vec    000000
__Lrparam                                 rparam       000000
__Lsfr                                    sfr          000000
__Lsmallconst                             smallconst   000800
__Lspace_0                                (abs)        000000
__Lspace_1                                (abs)        000000
__Lspace_2                                (abs)        000000
__Lstack                                  stack        000000
__Lstruct                                 struct       000000
__Ltemp                                   temp         000000
__Ltext                                   text         000000
__Ltext0                                  text0        000000
__Ltext1                                  text1        000000
__Ltext10                                 text10       000000
__Ltext11                                 text11       000000
__Ltext12                                 text12       000000
__Ltext13                                 text13       000000
__Ltext14                                 text14       000000
__Ltext15                                 text15       000000
__Ltext16                                 text16       000000
__Ltext17                                 text17       000000
__Ltext18                                 text18       000000
__Ltext19                                 text19       000000
__Ltext2                                  text2        000000
__Ltext20                                 text20       000000
__Ltext21                                 text21       000000
__Ltext22                                 text22       000000
__Ltext23                                 text23       000000
__Ltext24                                 text24       000000
__Ltext25                                 text25       000000
__Ltext26                                 text26       000000
__Ltext27                                 text27       000000
__Ltext28                                 text28       000000
__Ltext29                                 text29       000000
__Ltext3                                  text3        000000
__Ltext30                                 text30       000000
__Ltext31                                 text31       000000
__Ltext32                                 text32       000000
__Ltext33                                 text33       000000
__Ltext34                                 text34       000000
__Ltext35                                 text35       000000
__Ltext36                                 text36       000000
__Ltext37                                 text37       000000
__Ltext38                                 text38       000000
__Ltext39                                 text39       000000
__Ltext4                                  text4        000000
__Ltext40                                 text40       000000
__Ltext41                                 text41       000000
__Ltext42                                 text42       000000
__Ltext43                                 text43       000000
__Ltext44                                 text44       000000
__Ltext45                                 text45       000000
__Ltext46                                 text46       000000
__Ltext47                                 text47       000000
__Ltext48                                 text48       000000
__Ltext49                                 text49       000000
__Ltext5                                  text5        000000
__Ltext50                                 text50       000000
__Ltext51                                 text51       000000
__Ltext52                                 text52       000000
__Ltext53                                 text53       000000
__Ltext54                                 text54       000000
__Ltext55                                 text55       000000
__Ltext56                                 text56       000000
__Ltext57                                 text57       000000
__Ltext58                                 text58       000000
__Ltext59                                 text59       000000
__Ltext6                                  text6        000000
__Ltext62                                 text62       000000
__Ltext63                                 text63       000000
__Ltext64                                 text64       000000
__Ltext65                                 text65       000000
__Ltext66                                 text66       000000
__Ltext7                                  text7        000000
__Ltext8                                  text8        000000
__Ltext9                                  text9        000000
__S0                                      (abs)        F00008
__S1                                      (abs)        000640
__S2                                      (abs)        000000
___awdiv                                  text52       00250A
___awdiv@counter                          cstackBANK0  0000B8
___awdiv@dividend                         cstackBANK0  0000B4
___awdiv@divisor                          cstackBANK0  0000B6
___awdiv@quotient                         cstackBANK0  0000BA
___awdiv@sign                             cstackBANK0  0000B9
___inthi_sp                               stack        000000
___intlo_sp                               stack        000000
___lwdiv                                  text48       002C00
___lwdiv@counter                          cstackBANK0  0000B8
___lwdiv@dividend                         cstackBANK0  0000B4
___lwdiv@divisor                          cstackBANK0  0000B6
___lwdiv@quotient                         cstackBANK0  0000B9
___param_bank                             (abs)        000010
___rparam_used                            (abs)        000001
___sp                                     stack        000000
__accesstop                               (abs)        000060
__activetblptr                            (abs)        000002
__end_of_BlinkUSBStatus                   text40       003010
__end_of_BusyADC                          text39       003440
__end_of_Busy_eep                         text38       003452
__end_of_CDCInitEP                        text26       002D7C
__end_of_CDCTxService                     text9        0015DA
__end_of_CloseTimer3                      text59       00344A
__end_of_ConvertADC                       text37       003456
__end_of_Delay100TCYx                     text47       0033D0
__end_of_Delay10TCYx                      text46       0033BA
__end_of_HighPriorityISRCode              intcode_body 002C00
__end_of_InitializeSystem                 text41       00236A
__end_of_LowPriorityISRCode               intcodelo    0000AA
__end_of_OpenSPI1                         text58       002F12
__end_of_OpenTimer3                       text57       00305A
__end_of_ProcessCDC                       text4        000C82
__end_of_ProcessIO                        text2        001E0C
__end_of_ReadADC                          text36       00340E
__end_of_ReadSPI1                         text53       0033E6
__end_of_Read_b_eep                       text35       0033FA
__end_of_SwitchIsPressed                  text3        003292
__end_of_USBCheckCDCRequest               text25       0028EC
__end_of_USBCheckStdRequest               text19       001FE6
__end_of_USBConfigureEndpoint             text29       0026A8
__end_of_USBCtrlEPAllowDataStage          text18       002AE6
__end_of_USBCtrlEPAllowStatusStage        text32       00243A
__end_of_USBCtrlEPService                 text15       0021B0
__end_of_USBCtrlEPServiceComplete         text17       001D1C
__end_of_USBCtrlTrfInHandler              text33       002770
__end_of_USBCtrlTrfOutHandler             text30       002EB2
__end_of_USBCtrlTrfRxService              text31       001B06
__end_of_USBCtrlTrfSetupHandler           text16       002B76
__end_of_USBCtrlTrfTxService              text34       001EFA
__end_of_USBDeviceAttach                  text1        003160
__end_of_USBDeviceInit                    text55       0018B2
__end_of_USBDeviceTasks                   text11       00175A
__end_of_USBEnableEndpoint                text28       002FC0
__end_of_USBStallHandler                  text14       0030E6
__end_of_USBStdFeatureReqHandler          text23       001250
__end_of_USBStdGetDscHandler              text22       0019E2
__end_of_USBStdGetStatusHandler           text21       002832
__end_of_USBStdSetCfgHandler              text20       001C12
__end_of_USBSuspend                       text13       003238
__end_of_USBTransferOnePacket             text27       00228E
__end_of_USBWakeFromSuspend               text12       00319A
__end_of_USB_CD_Ptr                       smallconst   000809
__end_of_USB_SD_Ptr                       smallconst   000807
__end_of_USER_USB_CALLBACK_EVENT_HANDLER  text24       002E50
__end_of_WriteSPI1                        text51       003326
__end_of_Write_b_eep                      text10       003126
__end_of___awdiv                          text52       0025DA
__end_of___lwdiv                          text48       002C82
__end_of__initialization                  cinit        00299A
__end_of_comm_send_dat                    text7        002A46
__end_of_comm_send_rply                   text6        002F6C
__end_of_configDescriptor1                smallconst   00084C
__end_of_device_dsc                       smallconst   0008C6
__end_of_gamma_lookup                     text44       00336A
__end_of_getsUSBUSART                     text5        0020CC
__end_of_main                             text0        003348
__end_of_memset                           text56       003206
__end_of_putUSBUSART                      text8        003302
__end_of_readDeviceID                     text54       002DEA
__end_of_sd000                            smallconst   0008CA
__end_of_sd001                            smallconst   000880
__end_of_sd002                            smallconst   0008B4
__end_of_tlc5947_count_channels           text49       002D04
__end_of_tlc5947_latch                    text45       0032B8
__end_of_tlc5947_pwm_readback             text42       00250A
__end_of_tlc5947_setChannel               text43       000F6A
__end_of_tlc5947_update                   text50       0031D0
__end_ofi2_Delay100TCYx                   text66       003432
__end_ofi2_Delay10TCYx                    text65       003420
__end_ofi2_WriteSPI1                      text63       00338C
__end_ofi2_tlc5947_latch                  text64       0032DE
__end_ofi2_tlc5947_update                 text62       003266
__initialization                          cinit        0028EC
__mediumconst                             mediumconst  000000
__pbssBANK0                               bssBANK0     000060
__pbssBANK1                               bssBANK1     000100
__pbssBANK2                               bssBANK2     000200
__pbssCOMRAM                              bssCOMRAM    000023
__pcinit                                  cinit        0028EC
__pcstackBANK0                            cstackBANK0  0000B4
__pcstackCOMRAM                           cstackCOMRAM 000001
__pdataBANK0                              dataBANK0    0000E2
__pdataBANK1                              dataBANK1    000180
__pdataBIGRAMl                            dataBIGRAMl  000440
__pdataCOMRAM                             dataCOMRAM   000044
__pidataBANK0                             idataBANK0   00338C
__pidataBANK1                             idataBANK1   00305A
__pidataBIGRAMl                           idataBIGRAMl 001250
__pidataCOMRAM                            idataCOMRAM  003456
__pintcode                                intcode      000008
__pintcode_body                           intcode_body 002B76
__pintcodelo                              intcodelo    000018
__psmallconst                             smallconst   000800
__ptext0                                  text0        003326
__ptext1                                  text1        003126
__ptext10                                 text10       0030E6
__ptext11                                 text11       0015DA
__ptext12                                 text12       003160
__ptext13                                 text13       003206
__ptext14                                 text14       0030A2
__ptext15                                 text15       0020CC
__ptext16                                 text16       002AE6
__ptext17                                 text17       001C12
__ptext18                                 text18       002A46
__ptext19                                 text19       001EFA
__ptext2                                  text2        001D1C
__ptext20                                 text20       001B06
__ptext21                                 text21       002770
__ptext22                                 text22       0018B2
__ptext23                                 text23       000F6A
__ptext24                                 text24       002DEA
__ptext25                                 text25       002832
__ptext26                                 text26       002D04
__ptext27                                 text27       0021B0
__ptext28                                 text28       002F6C
__ptext29                                 text29       0025DA
__ptext3                                  text3        003266
__ptext30                                 text30       002E50
__ptext31                                 text31       0019E2
__ptext32                                 text32       00236A
__ptext33                                 text33       0026A8
__ptext34                                 text34       001E0C
__ptext35                                 text35       0033E6
__ptext36                                 text36       0033FA
__ptext37                                 text37       003452
__ptext38                                 text38       00344A
__ptext39                                 text39       003432
__ptext4                                  text4        0008CC
__ptext40                                 text40       002FC0
__ptext41                                 text41       00228E
__ptext42                                 text42       00243A
__ptext43                                 text43       000C82
__ptext44                                 text44       003348
__ptext45                                 text45       003292
__ptext46                                 text46       0033A4
__ptext47                                 text47       0033BA
__ptext48                                 text48       002C00
__ptext49                                 text49       002C82
__ptext5                                  text5        001FE6
__ptext50                                 text50       00319A
__ptext51                                 text51       003302
__ptext52                                 text52       00250A
__ptext53                                 text53       0033D0
__ptext54                                 text54       002D7C
__ptext55                                 text55       00175A
__ptext56                                 text56       0031D0
__ptext57                                 text57       003010
__ptext58                                 text58       002EB2
__ptext59                                 text59       003440
__ptext6                                  text6        002F12
__ptext62                                 text62       003238
__ptext63                                 text63       00336A
__ptext64                                 text64       0032B8
__ptext65                                 text65       00340E
__ptext66                                 text66       003420
__ptext7                                  text7        0029A4
__ptext8                                  text8        0032DE
__ptext9                                  text9        001450
__ramtop                                  ramtop       000800
__size_of_BlinkUSBStatus                  (abs)        000000
__size_of_BusyADC                         (abs)        000000
__size_of_Busy_eep                        (abs)        000000
__size_of_CDCInitEP                       (abs)        000000
__size_of_CDCTxService                    (abs)        000000
__size_of_CloseTimer3                     (abs)        000000
__size_of_ConvertADC                      (abs)        000000
__size_of_Delay100TCYx                    (abs)        000000
__size_of_Delay10TCYx                     (abs)        000000
__size_of_HighPriorityISRCode             (abs)        000000
__size_of_InitializeSystem                (abs)        000000
__size_of_LowPriorityISRCode              (abs)        000000
__size_of_OpenSPI1                        (abs)        000000
__size_of_OpenTimer3                      (abs)        000000
__size_of_ProcessCDC                      (abs)        000000
__size_of_ProcessIO                       (abs)        000000
__size_of_ReadADC                         (abs)        000000
__size_of_ReadSPI1                        (abs)        000000
__size_of_Read_b_eep                      (abs)        000000
__size_of_SwitchIsPressed                 (abs)        000000
__size_of_USBCheckCDCRequest              (abs)        000000
__size_of_USBCheckStdRequest              (abs)        000000
__size_of_USBConfigureEndpoint            (abs)        000000
__size_of_USBCtrlEPAllowDataStage         (abs)        000000
__size_of_USBCtrlEPAllowStatusStage       (abs)        000000
__size_of_USBCtrlEPService                (abs)        000000
__size_of_USBCtrlEPServiceComplete        (abs)        000000
__size_of_USBCtrlTrfInHandler             (abs)        000000
__size_of_USBCtrlTrfOutHandler            (abs)        000000
__size_of_USBCtrlTrfRxService             (abs)        000000
__size_of_USBCtrlTrfSetupHandler          (abs)        000000
__size_of_USBCtrlTrfTxService             (abs)        000000
__size_of_USBDeviceAttach                 (abs)        000000
__size_of_USBDeviceInit                   (abs)        000000
__size_of_USBDeviceTasks                  (abs)        000000
__size_of_USBEnableEndpoint               (abs)        000000
__size_of_USBStallHandler                 (abs)        000000
__size_of_USBStdFeatureReqHandler         (abs)        000000
__size_of_USBStdGetDscHandler             (abs)        000000
__size_of_USBStdGetStatusHandler          (abs)        000000
__size_of_USBStdSetCfgHandler             (abs)        000000
__size_of_USBSuspend                      (abs)        000000
__size_of_USBTransferOnePacket            (abs)        000000
__size_of_USBWakeFromSuspend              (abs)        000000
__size_of_USER_USB_CALLBACK_EVENT_HANDLER (abs)        000000
__size_of_WriteSPI1                       (abs)        000000
__size_of_Write_b_eep                     (abs)        000000
__size_of___awdiv                         (abs)        000000
__size_of___lwdiv                         (abs)        000000
__size_of_comm_send_dat                   (abs)        000000
__size_of_comm_send_rply                  (abs)        000000
__size_of_gamma_lookup                    (abs)        000000
__size_of_getsUSBUSART                    (abs)        000000
__size_of_main                            (abs)        000000
__size_of_memset                          (abs)        000000
__size_of_putUSBUSART                     (abs)        000000
__size_of_readDeviceID                    (abs)        000000
__size_of_tlc5947_count_channels          (abs)        000000
__size_of_tlc5947_latch                   (abs)        000000
__size_of_tlc5947_pwm_readback            (abs)        000000
__size_of_tlc5947_setChannel              (abs)        000000
__size_of_tlc5947_update                  (abs)        000000
__size_ofi2_Delay100TCYx                  (abs)        000000
__size_ofi2_Delay10TCYx                   (abs)        000000
__size_ofi2_WriteSPI1                     (abs)        000000
__size_ofi2_tlc5947_latch                 (abs)        000000
__size_ofi2_tlc5947_update                (abs)        000000
__smallconst                              smallconst   000800
_cdc_data_rx                              bssBANK2     000280
_cdc_data_tx                              bssBANK2     0002C0
_cdc_mem_type                             bssBANK0     000099
_cdc_notice                               bssBANK0     000060
_cdc_rx_len                               bssCOMRAM    000036
_cdc_trf_state                            bssCOMRAM    000037
_cdc_tx_len                               bssCOMRAM    000038
_comm_send_dat                            text7        0029A4
_comm_send_rply                           text6        002F12
_configDescriptor1                        smallconst   000809
_controlTransferState                     bssCOMRAM    000039
_control_signal_bitmap                    bssBANK0     00009A
_device_dsc                               smallconst   0008B4
_dummy_encapsulated_cmd_response          bssBANK0     0000A2
_endpoint_number                          bssBANK0     00009B
_ep_data_in                               bssBANK0     000074
_ep_data_out                              bssBANK0     000077
_gamma_lookup                             text44       003348
_gamma_table                              dataBIGRAMl  000440
_getsUSBUSART                             text5        001FE6
_getsUSBUSART$3207                        cstackBANK0  0000BF
_green_led_counter                        bssBANK0     00009C
_inPipes                                  bssCOMRAM    00003D
_led_count                                bssBANK0     000084
_line_coding                              bssBANK0     0000AA
_main                                     text0        003326
_memset                                   text56       0031D0
_old_sw2                                  bssBANK0     00009D
_outPipes                                 bssCOMRAM    000023
_pBDTEntryEP0OutCurrent                   bssCOMRAM    000031
_pBDTEntryEP0OutNext                      bssCOMRAM    000033
_pBDTEntryIn                              bssCOMRAM    00002B
_pBDTEntryOut                             bssBANK0     00006A
_pCDCDst                                  bssBANK0     00007A
_pCDCSrc                                  bssBANK0     00007D
_pDst                                     bssBANK0     000086
_pattern_number                           bssBANK0     00009E
_pic18_devid                              bssBANK0     000088
_pic18_rev                                bssBANK0     00009F
_putUSBUSART                              text8        0032DE
_pwr_delay                                bssCOMRAM    00003A
_readDeviceID                             text54       002D7C
_sd000                                    smallconst   0008C6
_sd001                                    smallconst   00084C
_sd002                                    smallconst   000880
_shortPacketStatus                        bssCOMRAM    00003B
_tcl5947_testbyte0                        dataBANK0    0000F7
_tcl5947_testbyte1                        dataBANK0    0000F8
_test_pattern                             dataBANK0    0000E2
_tlc5947_count_channels                   text49       002C82
_tlc5947_latch                            text45       003292
_tlc5947_pwm_readback                     text42       00243A
_tlc5947_setChannel                       text43       000C82
_tlc5947_update                           text50       00319A
_tlc_memory                               dataBANK1    000180
_tlc_nbytes                               dataCOMRAM   000044
_tlc_nchannels                            dataBANK0    0000F9
_tlc_pwm_readback_value                   bssBANK0     00008A
_tlc_request                              bssCOMRAM    00003C
_tmr3h_cal                                bssBANK0     0000A0
_tmr3l_cal                                bssBANK0     0000A1
_txmiss_count                             bssBANK0     00008C
_update_count                             bssBANK0     00008E
comm_send_dat@i                           cstackBANK0  0000C0
comm_send_dat@len                         cstackBANK0  0000C1
comm_send_rply@cc                         cstackBANK0  0000C0
end_of_initialization                     cinit        00299A
gamma_lookup@c                            cstackBANK0  0000B6
getsUSBUSART@buffer                       cstackBANK0  0000BB
getsUSBUSART@len                          cstackBANK0  0000BD
i2Delay100TCYx@unit                       cstackCOMRAM 000012
i2Delay10TCYx@unit                        cstackCOMRAM 000012
i2WriteSPI1@TempVar                       cstackCOMRAM 000012
i2WriteSPI1@data_out                      cstackCOMRAM 000013
i2_Delay100TCYx                           text66       003420
i2_Delay10TCYx                            text65       00340E
i2_WriteSPI1                              text63       00336A
i2_tlc5947_latch                          text64       0032B8
i2_tlc5947_update                         text62       003238
i2tlc5947_update@x                        cstackCOMRAM 000014
int_func                                  intcode_body 002B76
intlevel0                                 text         000000
intlevel1                                 text         000000
intlevel2                                 text         000000
intlevel3                                 text         000000
memset@c                                  cstackBANK0  0000B6
memset@n                                  cstackBANK0  0000B8
memset@p                                  cstackBANK0  0000BA
memset@p1                                 cstackBANK0  0000B4
putUSBUSART@data                          cstackBANK0  0000B4
putUSBUSART@length                        cstackBANK0  0000B6
readDeviceID@devID1                       cstackBANK0  0000BC
readDeviceID@devID2                       cstackBANK0  0000BD
readDeviceID@pic18_devid                  cstackBANK0  0000BA
stackhi                                   (abs)        0007FF
stacklo                                   (abs)        000640
start                                     init         0000AA
start_initialization                      cinit        0028EC
tlc5947_count_channels@data               cstackBANK0  0000BD
tlc5947_count_channels@old_data           cstackBANK0  0000BC
tlc5947_count_channels@pos                cstackBANK0  0000BE
tlc5947_pwm_readback@i                    cstackBANK0  0000CA
tlc5947_setChannel@ch                     cstackBANK0  0000C0
tlc5947_setChannel@col                    cstackBANK0  0000C1
tlc5947_setChannel@pos                    cstackBANK0  0000C3
tlc5947_setChannel@val                    cstackBANK0  0000BC
tlc5947_update@x                          cstackBANK0  0000B6


FUNCTION INFORMATION:

 *************** function _main *****************
 Defined at:
		line 70 in file "C:/Users/cpresser/_Daten/mplab_workspace/20_KarateLight/karate_xc8.X/src/karate.c"
 Parameters:    Size  Location     Type
		None
 Auto vars:     Size  Location     Type
		None
 Return value:  Size  Location     Type
		None               void
 Registers used:
		wreg, fsr1l, fsr1h, fsr2l, fsr2h, status,2, status,0, tblptrl, tblptrh, tblptru, prodl, prodh, cstack
 Tracked objects:
		On entry : 
		On exit  : 
		Unchanged: 
 Data sizes:     COMRAM   BANK0   BANK1   BANK2   BANK3   BANK4   BANK5   BANK6   BANK7
      Params:         0       0       0       0       0       0       0       0       0
      Locals:         0       0       0       0       0       0       0       0       0
      Temps:          0       0       0       0       0       0       0       0       0
      Totals:         0       0       0       0       0       0       0       0       0
Total ram usage:        0 bytes
 Hardware stack levels required when called:   15
 This function calls:
		_InitializeSystem
		_ProcessIO
		_USBDeviceAttach
 This function is called by:
		Startup code after reset
 This function uses a non-reentrant model


 *************** function _USBDeviceAttach *****************
 Defined at:
		line 1352 in file "C:/Users/cpresser/_Daten/mplab_workspace/20_KarateLight/karate_xc8.X/src/usb/src/usb_device.c"
 Parameters:    Size  Location     Type
		None
 Auto vars:     Size  Location     Type
		None
 Return value:  Size  Location     Type
		None               void
 Registers used:
		wreg, status,2
 Tracked objects:
		On entry : 
		On exit  : 
		Unchanged: 
 Data sizes:     COMRAM   BANK0   BANK1   BANK2   BANK3   BANK4   BANK5   BANK6   BANK7
      Params:         0       0       0       0       0       0       0       0       0
      Locals:         0       0       0       0       0       0       0       0       0
      Temps:          0       0       0       0       0       0       0       0       0
      Totals:         0       0       0       0       0       0       0       0       0
Total ram usage:        0 bytes
 Hardware stack levels used:    1
 Hardware stack levels required when called:    4
 This function calls:
		Nothing
 This function is called by:
		_main
 This function uses a non-reentrant model


 *************** function _ProcessIO *****************
 Defined at:
		line 203 in file "C:/Users/cpresser/_Daten/mplab_workspace/20_KarateLight/karate_xc8.X/src/karate.c"
 Parameters:    Size  Location     Type
		None
 Auto vars:     Size  Location     Type
  x               1   45[BANK0 ] unsigned char 
 Return value:  Size  Location     Type
		None               void
 Registers used:
		wreg, fsr1l, fsr1h, fsr2l, fsr2h, status,2, status,0, tblptrl, tblptrh, tblptru, prodl, prodh, cstack
 Tracked objects:
		On entry : 
		On exit  : 
		Unchanged: 
 Data sizes:     COMRAM   BANK0   BANK1   BANK2   BANK3   BANK4   BANK5   BANK6   BANK7
      Params:         0       0       0       0       0       0       0       0       0
      Locals:         0       1       0       0       0       0       0       0       0
      Temps:          0       0       0       0       0       0       0       0       0
      Totals:         0       1       0       0       0       0       0       0       0
Total ram usage:        1 bytes
 Hardware stack levels used:    1
 Hardware stack levels required when called:   14
 This function calls:
		_BlinkUSBStatus
		_CDCTxService
		_ProcessCDC
		_SwitchIsPressed
		_USBDeviceTasks
		_tlc5947_setChannel
 This function is called by:
		_main
 This function uses a non-reentrant model


 *************** function _SwitchIsPressed *****************
 Defined at:
		line 174 in file "C:/Users/cpresser/_Daten/mplab_workspace/20_KarateLight/karate_xc8.X/src/karate.c"
 Parameters:    Size  Location     Type
		None
 Auto vars:     Size  Location     Type
		None
 Return value:  Size  Location     Type
                  1    wreg      unsigned char 
 Registers used:
		wreg, status,2
 Tracked objects:
		On entry : 
		On exit  : 
		Unchanged: 
[...]
		Unchanged: 
 Data sizes:     COMRAM   BANK0   BANK1   BANK2   BANK3   BANK4   BANK5   BANK6   BANK7
      Params:         0       6       0       0       0       0       0       0       0
      Locals:         0       2       0       0       0       0       0       0       0
      Temps:          0       0       0       0       0       0       0       0       0
      Totals:         0       8       0       0       0       0       0       0       0
Total ram usage:        8 bytes
 Hardware stack levels used:    1
 Hardware stack levels required when called:    4
 This function calls:
		Nothing
 This function is called by:
		_USBDeviceInit
		_USBStdSetCfgHandler
 This function uses a non-reentrant model


 *************** function _OpenTimer3 *****************
 Defined at:
		line 94 in file "C:\Program Files (x86)\Microchip\xc8\v1.34\sources\pic18\plib\Timers\t3open.c"
 Parameters:    Size  Location     Type
  config          1    wreg     unsigned char 
  config1         1    0[BANK0 ] unsigned char 
 Auto vars:     Size  Location     Type
  config          1    2[BANK0 ] unsigned char 
 Return value:  Size  Location     Type
		None               void
 Registers used:
		wreg, status,2, status,0
 Tracked objects:
		On entry : 
		On exit  : 
		Unchanged: 
 Data sizes:     COMRAM   BANK0   BANK1   BANK2   BANK3   BANK4   BANK5   BANK6   BANK7
      Params:         0       1       0       0       0       0       0       0       0
      Locals:         0       1       0       0       0       0       0       0       0
      Temps:          0       1       0       0       0       0       0       0       0
      Totals:         0       3       0       0       0       0       0       0       0
Total ram usage:        3 bytes
 Hardware stack levels used:    1
 Hardware stack levels required when called:    4
 This function calls:
		Nothing
 This function is called by:
		_InitializeSystem
 This function uses a non-reentrant model


 *************** function _OpenSPI1 *****************
 Defined at:
		line 63 in file "C:\Program Files (x86)\Microchip\xc8\v1.34\sources\pic18\plib\SPI\spi1open.c"
 Parameters:    Size  Location     Type
  sync_mode       1    wreg     unsigned char 
  bus_mode        1    0[BANK0 ] unsigned char 
  smp_phase       1    1[BANK0 ] unsigned char 
 Auto vars:     Size  Location     Type
  sync_mode       1    2[BANK0 ] unsigned char 
 Return value:  Size  Location     Type
		None               void
 Registers used:
		wreg, status,2, status,0
 Tracked objects:
		On entry : 
		On exit  : 
		Unchanged: 
 Data sizes:     COMRAM   BANK0   BANK1   BANK2   BANK3   BANK4   BANK5   BANK6   BANK7
      Params:         0       2       0       0       0       0       0       0       0
      Locals:         0       1       0       0       0       0       0       0       0
      Temps:          0       0       0       0       0       0       0       0       0
      Totals:         0       3       0       0       0       0       0       0       0
Total ram usage:        3 bytes
 Hardware stack levels used:    1
 Hardware stack levels required when called:    4
 This function calls:
		Nothing
 This function is called by:
		_InitializeSystem
 This function uses a non-reentrant model


 *************** function _CloseTimer3 *****************
 Defined at:
		line 29 in file "C:\Program Files (x86)\Microchip\xc8\v1.34\sources\pic18\plib\Timers\t3close.c"
 Parameters:    Size  Location     Type
		None
 Auto vars:     Size  Location     Type
		None
 Return value:  Size  Location     Type
		None               void
 Registers used:
		None
 Tracked objects:
		On entry : 
		On exit  : 
		Unchanged: 
 Data sizes:     COMRAM   BANK0   BANK1   BANK2   BANK3   BANK4   BANK5   BANK6   BANK7
      Params:         0       0       0       0       0       0       0       0       0
      Locals:         0       0       0       0       0       0       0       0       0
      Temps:          0       0       0       0       0       0       0       0       0
      Totals:         0       0       0       0       0       0       0       0       0
Total ram usage:        0 bytes
 Hardware stack levels used:    1
 Hardware stack levels required when called:    4
 This function calls:
		Nothing
 This function is called by:
		_InitializeSystem
 This function uses a non-reentrant model


 *************** function _LowPriorityISRCode *****************
 Defined at:
		line 62 in file "C:/Users/cpresser/_Daten/mplab_workspace/20_KarateLight/karate_xc8.X/src/karate.c"
 Parameters:    Size  Location     Type
		None
 Auto vars:     Size  Location     Type
		None
 Return value:  Size  Location     Type
		None               void
 Registers used:
		None
 Tracked objects:
		On entry : 
		On exit  : 
		Unchanged: 
 Data sizes:     COMRAM   BANK0   BANK1   BANK2   BANK3   BANK4   BANK5   BANK6   BANK7
      Params:         0       0       0       0       0       0       0       0       0
      Locals:         0       0       0       0       0       0       0       0       0
      Temps:         17       0       0       0       0       0       0       0       0
      Totals:        17       0       0       0       0       0       0       0       0
Total ram usage:       17 bytes
 Hardware stack levels used:    1
 Hardware stack levels required when called:    3
 This function calls:
		Nothing
 This function is called by:
		Interrupt level 1
 This function uses a non-reentrant model


 *************** function _HighPriorityISRCode *****************
 Defined at:
		line 41 in file "C:/Users/cpresser/_Daten/mplab_workspace/20_KarateLight/karate_xc8.X/src/karate.c"
 Parameters:    Size  Location     Type
		None
 Auto vars:     Size  Location     Type
		None
 Return value:  Size  Location     Type
		None               void
 Registers used:
		wreg, fsr2l, fsr2h, status,2, status,0, prodl, prodh, cstack
 Tracked objects:
		On entry : 
		On exit  : 
		Unchanged: 
 Data sizes:     COMRAM   BANK0   BANK1   BANK2   BANK3   BANK4   BANK5   BANK6   BANK7
      Params:         0       0       0       0       0       0       0       0       0
      Locals:         0       0       0       0       0       0       0       0       0
      Temps:         14       0       0       0       0       0       0       0       0
      Totals:        14       0       0       0       0       0       0       0       0
Total ram usage:       14 bytes
 Hardware stack levels used:    1
 Hardware stack levels required when called:    2
 This function calls:
		i2_tlc5947_latch
		i2_tlc5947_update
 This function is called by:
		Interrupt level 2
 This function uses a non-reentrant model


 *************** function i2_tlc5947_update *****************
 Defined at:
		line 167 in file "C:/Users/cpresser/_Daten/mplab_workspace/20_KarateLight/karate_xc8.X/src/tlc5947.c"
 Parameters:    Size  Location     Type
		None
 Auto vars:     Size  Location     Type
  tlc5947_upda    1   19[COMRAM] unsigned char 
 Return value:  Size  Location     Type
		None               void
 Registers used:
		wreg, fsr2l, fsr2h, status,2, status,0, prodl, prodh, cstack
 Tracked objects:
		On entry : 
		On exit  : 
		Unchanged: 
 Data sizes:     COMRAM   BANK0   BANK1   BANK2   BANK3   BANK4   BANK5   BANK6   BANK7
      Params:         0       0       0       0       0       0       0       0       0
      Locals:         1       0       0       0       0       0       0       0       0
      Temps:          0       0       0       0       0       0       0       0       0
      Totals:         1       0       0       0       0       0       0       0       0
Total ram usage:        1 bytes
 Hardware stack levels used:    1
 Hardware stack levels required when called:    1
 This function calls:
		i2_WriteSPI1
 This function is called by:
		_HighPriorityISRCode
 This function uses a non-reentrant model


 *************** function i2_WriteSPI1 *****************
 Defined at:
		line 13 in file "C:\Program Files (x86)\Microchip\xc8\v1.34\sources\pic18\plib\SPI\spi1writ.c"
 Parameters:    Size  Location     Type
  data_out        1    wreg     unsigned char 
 Auto vars:     Size  Location     Type
  data_out        1   18[COMRAM] unsigned char 
  WriteSPI1       1   17[COMRAM] unsigned char 
 Return value:  Size  Location     Type
                  1    wreg      char 
 Registers used:
		wreg
 Tracked objects:
		On entry : 
		On exit  : 
		Unchanged: 
 Data sizes:     COMRAM   BANK0   BANK1   BANK2   BANK3   BANK4   BANK5   BANK6   BANK7
      Params:         0       0       0       0       0       0       0       0       0
      Locals:         2       0       0       0       0       0       0       0       0
      Temps:          0       0       0       0       0       0       0       0       0
      Totals:         2       0       0       0       0       0       0       0       0
Total ram usage:        2 bytes
 Hardware stack levels used:    1
 This function calls:
		Nothing
 This function is called by:
		i2_tlc5947_update
 This function uses a non-reentrant model


 *************** function i2_tlc5947_latch *****************
 Defined at:
		line 177 in file "C:/Users/cpresser/_Daten/mplab_workspace/20_KarateLight/karate_xc8.X/src/tlc5947.c"
 Parameters:    Size  Location     Type
		None
 Auto vars:     Size  Location     Type
		None
 Return value:  Size  Location     Type
		None               void
 Registers used:
		wreg, status,2, cstack
 Tracked objects:
		On entry : 
		On exit  : 
		Unchanged: 
 Data sizes:     COMRAM   BANK0   BANK1   BANK2   BANK3   BANK4   BANK5   BANK6   BANK7
      Params:         0       0       0       0       0       0       0       0       0
      Locals:         0       0       0       0       0       0       0       0       0
      Temps:          0       0       0       0       0       0       0       0       0
      Totals:         0       0       0       0       0       0       0       0       0
Total ram usage:        0 bytes
 Hardware stack levels used:    1
 Hardware stack levels required when called:    1
 This function calls:
		i2_Delay100TCYx
		i2_Delay10TCYx
 This function is called by:
		_HighPriorityISRCode
 This function uses a non-reentrant model


 *************** function i2_Delay10TCYx *****************
 Defined at:
		line 8 in file "C:\Program Files (x86)\Microchip\xc8\v1.34\sources\pic18\d10tcyx.c"
 Parameters:    Size  Location     Type
  unit            1    wreg     unsigned char 
 Auto vars:     Size  Location     Type
  unit            1   17[COMRAM] unsigned char 
 Return value:  Size  Location     Type
		None               void
 Registers used:
		wreg
 Tracked objects:
		On entry : 
		On exit  : 
		Unchanged: 
 Data sizes:     COMRAM   BANK0   BANK1   BANK2   BANK3   BANK4   BANK5   BANK6   BANK7
      Params:         0       0       0       0       0       0       0       0       0
      Locals:         1       0       0       0       0       0       0       0       0
      Temps:          0       0       0       0       0       0       0       0       0
      Totals:         1       0       0       0       0       0       0       0       0
Total ram usage:        1 bytes
 Hardware stack levels used:    1
 This function calls:
		Nothing
 This function is called by:
		i2_tlc5947_latch
 This function uses a non-reentrant model


 *************** function i2_Delay100TCYx *****************
 Defined at:
		line 8 in file "C:\Program Files (x86)\Microchip\xc8\v1.34\sources\pic18\d100tcyx.c"
 Parameters:    Size  Location     Type
  unit            1    wreg     unsigned char 
 Auto vars:     Size  Location     Type
  unit            1   17[COMRAM] unsigned char 
 Return value:  Size  Location     Type
		None               void
 Registers used:
		wreg
 Tracked objects:
		On entry : 
		On exit  : 
		Unchanged: 
 Data sizes:     COMRAM   BANK0   BANK1   BANK2   BANK3   BANK4   BANK5   BANK6   BANK7
      Params:         0       0       0       0       0       0       0       0       0
      Locals:         1       0       0       0       0       0       0       0       0
      Temps:          0       0       0       0       0       0       0       0       0
      Totals:         1       0       0       0       0       0       0       0       0
Total ram usage:        1 bytes
 Hardware stack levels used:    1
 This function calls:
		Nothing
 This function is called by:
		i2_tlc5947_latch
 This function uses a non-reentrant model



MODULE INFORMATION

Module		Function		Class		Link	Load	Size
C:\Program Files (x86)\Microchip\xc8\v1.34\sources\pic18\plib\SPI\spi1read.c
		_ReadSPI1      		CODE           	33D0	0000	23

C:\Program Files (x86)\Microchip\xc8\v1.34\sources\pic18\plib\SPI\spi1read.c estimated size: 23

C:/Users/cpresser/_Daten/mplab_workspace/20_KarateLight/karate_xc8.X/src/usb/src/usb_device_cdc.c
		_CDCTxService  		CODE           	1450	0000	395
		_CDCInitEP     		CODE           	2D04	0000	121
		_putUSBUSART   		CODE           	32DE	0000	37
		_getsUSBUSART  		CODE           	1FE6	0000	231
		_USBCheckCDCReq		CODE           	2832	0000	187

C:/Users/cpresser/_Daten/mplab_workspace/20_KarateLight/karate_xc8.X/src/usb/src/usb_device_cdc.c estimated size: 971

C:\Program Files (x86)\Microchip\xc8\v1.34\sources\pic18\plib\ADC\adcbusy.c
		_BusyADC       		CODE           	3432	0000	15

C:\Program Files (x86)\Microchip\xc8\v1.34\sources\pic18\plib\ADC\adcbusy.c estimated size: 15

C:\Program Files (x86)\Microchip\xc8\v1.34\sources\pic18\plib\EEP\read_B.c
		_Read_b_eep    		CODE           	33E6	0000	21

C:\Program Files (x86)\Microchip\xc8\v1.34\sources\pic18\plib\EEP\read_B.c estimated size: 21

C:/Users/cpresser/_Daten/mplab_workspace/20_KarateLight/karate_xc8.X/src/usb/src/usb_device.c
		_USBCtrlTrfInHa		CODE           	26A8	0000	201
		_USBTransferOne		CODE           	21B0	0000	223
		_USBDeviceAttac		CODE           	3126	0000	59
		_USBStdGetDscHa		CODE           	18B2	0000	305
		_USBCtrlEPAllow		CODE           	2A46	0000	161
		_USBStdFeatureR		CODE           	0F6A	0000	743
		_USBCtrlEPAllow		CODE           	236A	0000	209
		_USBCtrlTrfSetu		CODE           	2AE6	0000	145
		_USBCtrlTrfOutH		CODE           	2E50	0000	99
		_USBCtrlEPServi		CODE           	1C12	0000	267
		_USBSuspend    		CODE           	3206	0000	51
		_USBStdSetCfgHa		CODE           	1B06	0000	269
		_USBStdGetStatu		CODE           	2770	0000	195
		_USBWakeFromSus		CODE           	3160	0000	59
		_USBCtrlTrfRxSe		CODE           	19E2	0000	293
		_USBCtrlTrfTxSe		CODE           	1E0C	0000	239
		_USBEnableEndpo		CODE           	2F6C	0000	85
		_USBConfigureEn		CODE           	25DA	0000	207
		_USBDeviceInit 		CODE           	175A	0000	345
		_USBCtrlEPServi		CODE           	20CC	0000	229
		_USBStallHandle		CODE           	30A2	0000	69
		_USBDeviceTasks		CODE           	15DA	0000	385
		_USBCheckStdReq		CODE           	1EFA	0000	237

C:/Users/cpresser/_Daten/mplab_workspace/20_KarateLight/karate_xc8.X/src/usb/src/usb_device.c estimated size: 5075

C:/Users/cpresser/_Daten/mplab_workspace/20_KarateLight/karate_xc8.X/src/gamma.c
		_gamma_lookup  		CODE           	3348	0000	35

C:/Users/cpresser/_Daten/mplab_workspace/20_KarateLight/karate_xc8.X/src/gamma.c estimated size: 35

C:\Program Files (x86)\Microchip\xc8\v1.34\sources\pic18\plib\EEP\busy_eep.c
		_Busy_eep      		CODE           	344A	0000	9

C:\Program Files (x86)\Microchip\xc8\v1.34\sources\pic18\plib\EEP\busy_eep.c estimated size: 9

C:\Program Files (x86)\Microchip\xc8\v1.34\sources\pic18\plib\ADC\adcread.c
		_ReadADC       		CODE           	33FA	0000	21

C:\Program Files (x86)\Microchip\xc8\v1.34\sources\pic18\plib\ADC\adcread.c estimated size: 21

C:\Program Files (x86)\Microchip\xc8\v1.34\sources\pic18\plib\SPI\spi1writ.c
		_WriteSPI1     		CODE           	3302	0000	37

C:\Program Files (x86)\Microchip\xc8\v1.34\sources\pic18\plib\SPI\spi1writ.c estimated size: 37

shared
		i2_tlc5947_latc		CODE           	32B8	0000	39
		_configDescript		SMALLCONST     	0809	0000	68
		_USB_CD_Ptr    		SMALLCONST     	0807	0000	3
		_sd001         		SMALLCONST     	084C	0000	53
		_sd002         		SMALLCONST     	0880	0000	53
		__initializatio		CODE           	28EC	0000	175
		_device_dsc    		SMALLCONST     	08B4	0000	19
		i2_tlc5947_upda		CODE           	3238	0000	47
		i2_Delay10TCYx 		CODE           	340E	0000	19
		i2_WriteSPI1   		CODE           	336A	0000	35
		i2_Delay100TCYx		CODE           	3420	0000	19
		_USB_SD_Ptr    		SMALLCONST     	0801	0000	7
		_sd000         		SMALLCONST     	08C6	0000	5

shared estimated size: 542

C:\Program Files (x86)\Microchip\xc8\v1.34\sources\pic18\plib\ADC\adcconv.c
		_ConvertADC    		CODE           	3452	0000	5

C:\Program Files (x86)\Microchip\xc8\v1.34\sources\pic18\plib\ADC\adcconv.c estimated size: 5

C:\Program Files (x86)\Microchip\xc8\v1.34\sources\common\memset.c
		_memset        		CODE           	31D0	0000	55

C:\Program Files (x86)\Microchip\xc8\v1.34\sources\common\memset.c estimated size: 55

C:\Program Files (x86)\Microchip\xc8\v1.34\sources\pic18\plib\Timers\t3close.c
		_CloseTimer3   		CODE           	3440	0000	11

C:\Program Files (x86)\Microchip\xc8\v1.34\sources\pic18\plib\Timers\t3close.c estimated size: 11

C:\Program Files (x86)\Microchip\xc8\v1.34\sources\common\lwdiv.c
		___lwdiv       		CODE           	2C00	0000	131

C:\Program Files (x86)\Microchip\xc8\v1.34\sources\common\lwdiv.c estimated size: 131

C:\Program Files (x86)\Microchip\xc8\v1.34\sources\pic18\plib\Timers\t3open.c
		_OpenTimer3    		CODE           	3010	0000	75

C:\Program Files (x86)\Microchip\xc8\v1.34\sources\pic18\plib\Timers\t3open.c estimated size: 75

C:\Program Files (x86)\Microchip\xc8\v1.34\sources\common\awdiv.c
		___awdiv       		CODE           	250A	0000	209

C:\Program Files (x86)\Microchip\xc8\v1.34\sources\common\awdiv.c estimated size: 209

C:\Program Files (x86)\Microchip\xc8\v1.34\sources\pic18\plib\SPI\spi1open.c
		_OpenSPI1      		CODE           	2EB2	0000	97

C:\Program Files (x86)\Microchip\xc8\v1.34\sources\pic18\plib\SPI\spi1open.c estimated size: 97

C:\Program Files (x86)\Microchip\xc8\v1.34\sources\pic18\d100tcyx.c
		_Delay100TCYx  		CODE           	33BA	0000	23

C:\Program Files (x86)\Microchip\xc8\v1.34\sources\pic18\d100tcyx.c estimated size: 23

C:\Program Files (x86)\Microchip\xc8\v1.34\sources\pic18\d10tcyx.c
		_Delay10TCYx   		CODE           	33A4	0000	23

C:\Program Files (x86)\Microchip\xc8\v1.34\sources\pic18\d10tcyx.c estimated size: 23

C:/Users/cpresser/_Daten/mplab_workspace/20_KarateLight/karate_xc8.X/src/karate.c
		_BlinkUSBStatus		CODE           	2FC0	0000	81
		_HighPriorityIS		CODE           	0008	0000	155
		_main          		CODE           	3326	0000	35
		_USER_USB_CALLB		CODE           	2DEA	0000	103
		_SwitchIsPresse		CODE           	3266	0000	45
		_InitializeSyst		CODE           	228E	0000	221
		_LowPriorityISR		CODE           	0018	0000	147
		_ProcessIO     		CODE           	1D1C	0000	241
		_readDeviceID  		CODE           	2D7C	0000	111

C:/Users/cpresser/_Daten/mplab_workspace/20_KarateLight/karate_xc8.X/src/karate.c estimated size: 1139

C:/Users/cpresser/_Daten/mplab_workspace/20_KarateLight/karate_xc8.X/src/comm.c
		_comm_send_dat 		CODE           	29A4	0000	163
		_comm_send_rply		CODE           	2F12	0000	91
		_ProcessCDC    		CODE           	08CC	0000	951

C:/Users/cpresser/_Daten/mplab_workspace/20_KarateLight/karate_xc8.X/src/comm.c estimated size: 1205

C:/Users/cpresser/_Daten/mplab_workspace/20_KarateLight/karate_xc8.X/src/tlc5947.c
		_tlc5947_count_		CODE           	2C82	0000	131
		_tlc5947_latch 		CODE           	3292	0000	39
		_tlc5947_update		CODE           	319A	0000	55
		_tlc5947_setCha		CODE           	0C82	0000	745
		_tlc5947_pwm_re		CODE           	243A	0000	209

C:/Users/cpresser/_Daten/mplab_workspace/20_KarateLight/karate_xc8.X/src/tlc5947.c estimated size: 1179

C:\Program Files (x86)\Microchip\xc8\v1.34\sources\pic18\plib\EEP\write_B.c
		_Write_b_eep   		CODE           	30E6	0000	65

C:\Program Files (x86)\Microchip\xc8\v1.34\sources\pic18\plib\EEP\write_B.c estimated size: 65

