Microchip MPLAB XC8 Compiler V1.34 ()

Linker command line:

--edf=C:\Program Files (x86)\Microchip\xc8\v1.34\dat\en_msgs.txt -cs \
  -h+dist/default/debug\karate_xc8.X.debug.sym \
  --cmf=dist/default/debug\karate_xc8.X.debug.cmf -z -Q18F45K50 \
  -oC:\Users\cpresser\AppData\Local\Temp\s1e8.6 \
  -Mdist/default/debug/karate_xc8.X.debug.map -E1 -ver=XC8 \
  -ASTACK=0640h-07ffh -pstack=STACK -ACODE=00h-07FFFh -ACONST=00h-07FFFh \
  -ASMALLCONST=0800h-08FFhx120 -AMEDIUMCONST=0800h-07FFFh -ACOMRAM=01h-05Fh \
  -AABS1=00h-07FFh -ABIGRAM=01h-07FFh -ARAM=060h-0FFh,0100h-01FFhx7 \
  -ABANK0=060h-0FFh -ABANK1=0100h-01FFh -ABANK2=0200h-02FFh \
  -ABANK3=0300h-03FFh -ABANK4=0400h-04FFh -ABANK5=0500h-05FFh \
  -ABANK6=0600h-06FFh -ABANK7=0700h-07FFh -ASFR=0F53h-0F5Fh,0F60h-0FFCh \
  -preset_vec=00h,intcode=08h,intcodelo=018h,powerup,init,end_init \
  -pramtop=0800h -psmallconst=SMALLCONST -pmediumconst=MEDIUMCONST \
  -pconst=CONST -AFARRAM=00h-00h -ACONFIG=0300000h-030000Dh -pconfig=CONFIG \
  -AIDLOC=0200000h-0200007h -pidloc=IDLOC -AEEDATA=0F00000h-0F000FFh \
  -peeprom_data=EEDATA \
  -prdata=COMRAM,nvrram=COMRAM,nvbit=COMRAM,rbss=COMRAM,rbit=COMRAM \
  -pfarbss=FARRAM,fardata=FARRAM,nvFARRAM=FARRAM \
  -pintsave_regs=BIGRAM,bigbss=BIGRAM,bigdata=BIGRAM -pbss=RAM \
  -pidata=CODE,irdata=CODE,ibigdata=CODE,ifardata=CODE -prparam=COMRAM \
  C:\Users\cpresser\AppData\Local\Temp\s1e8.obj \
  dist/default/debug\karate_xc8.X.debug.obj 

Object code version is 3.11

Machine type is 18F45K50

Call graph: (short form)




                Name                               Link     Load   Length Selector   Space Scale
C:\Users\cpresser\AppData\Local\Temp\s1e8.obj
                end_init                             AA       AA        4        C       0
                reset_vec                             0        0        6        0       0
                idloc                            200000   200000        8   200000       0
                config                           300000   300000        E   300000       0
dist/default/debug\karate_xc8.X.debug.obj
                eeprom_data                      F00000   F00000        8   F00000       0
                intcodelo                            18       18       92        C       0
                intcode                               8        8       10        4       0
                smallconst                          800      800       D2      400       0
                text93                             2C88     2C88       F2      469       0
                text92                             37BE     37BE       D0      469       0
                text91                             32C2     32C2       DE      469       0
                text90                             2214     2214      12E      469       0
                text89                             42B2     42B2       6A      469       0
                text88                             3EC2     3EC2       96      469       0
                text87                             470E     470E       40     22B0       0
                text86                             3A22     3A22       C0      469       0
                text85                             416A     416A       70      469       0
                text84                             31E4     31E4       DE      469       0
                text83                             4444     4444       60      469       0
                text82                             1256     1256      29A      469       0
                text81                             1F96     1F96      140      469       0
                text80                             395C     395C       C6      469       0
                text79                             48C4     48C4       2E     22B0       0
                text78                             2D7A     2D7A       EE      469       0
                text77                             29A6     29A6       FC      469       0
                text76                             3B8E     3B8E       AC      469       0
                text75                             2462     2462      120      469       0
                text74                             3E28     3E28       9A      469       0
                text73                             2E68     2E68       E2      469       0
                text72                             1E50     1E50      146      469       0
                text71                             468A     468A       44     22B0       0
                text70                             4946     4946       2A     22B0       0
                text69                             4862     4862       32     22B0       0
                text68                             1BA2     1BA2      162      469       0
                text67                             4ACA     4ACA       12     22B0       0
                text66                             4AB8     4AB8       12     22B0       0
                text65                             491C     491C       2A     22B0       0
                text64                             4A2C     4A2C       22     22B0       0
                text63                             4894     4894       30     22B0       0
                intcode_body                       3F58     3F58       8E      469       0
                text60                             4AEA     4AEA        A     22B0       0
                text59                             43E4     43E4       60      469       0
                text58                             45B4     45B4       4A     22B0       0
                text57                             41DA     41DA       6E      469       0
                text56                             4A7A     4A7A       16     22B0       0
                text55                             36EE     36EE       D0      469       0
                text54                             49E6     49E6       24     22B0       0
                text53                             47C2     47C2       38     22B0       0
                text52                             3FE6     3FE6       86      469       0
                text51                             406C     406C       82      469       0
                text50                             4A64     4A64       16     22B0       0
                text49                             4A4E     4A4E       16     22B0       0
                text48                             48F2     48F2       2A     22B0       0
                text47                             4A0A     4A0A       22     22B0       0
                text46                              F6E      F6E      2E8      469       0
                text45                             361C     361C       D2      469       0
                text44                             3476     3476       D4      469       0
                text43                             45FE     45FE       48     22B0       0
                text42                             4ADC     4ADC        E     22B0       0
                text41                             4AF4     4AF4        8     22B0       0
                text40                             4B00     4B00        4     22B0       0
                text39                             4AA4     4AA4       14     22B0       0
                text38                             4A90     4A90       14     22B0       0
                text37                             28A4     28A4      102      469       0
                text36                             33A0     33A0       D6      469       0
                text35                             3106     3106       DE      469       0
                text34                             20D6     20D6      13E      469       0
                text33                             4248     4248       6A      469       0
                text32                             388E     388E       CE      469       0
                text31                             4560     4560       54     22B0       0
                text30                             3028     3028       DE      469       0
                text29                             40EE     40EE       7C      469       0
                text28                             2F4A     2F4A       DE      469       0
                text27                             431C     431C       66      469       0
                text26                              C84      C84      2EA      469       0
                text25                             1D04     1D04      14C      469       0
                text24                             354A     354A       D2      469       0
                text23                             47FA     47FA       36     22B0       0
                text22                             2582     2582      118      469       0
                text21                             27A0     27A0      104      469       0
                text20                             3AE2     3AE2       AC      469       0
                text19                             2342     2342      120      469       0
                text18                             3D86     3D86       A2      469       0
                text17                             2B96     2B96       F2      469       0
                text16                             1A3E     1A3E      164      469       0
                text15                             4646     4646       44     22B0       0
                text14                             4830     4830       32     22B0       0
                text13                             4788     4788       3A     22B0       0
                text12                             18BE     18BE      180      469       0
                text11                             46CE     46CE       40     22B0       0
                text10                             16F0     16F0      1CE      469       0
                text9                              4998     4998       28     22B0       0
                text8                              3CE0     3CE0       A6      469       0
                text7                              44A4     44A4       5E      469       0
                text6                              2AA2     2AA2       F4      469       0
                text5                               8D2      8D2      3B2      469       0
                text4                              4970     4970       28     22B0       0
                text3                              4382     4382       62      469       0
                text2                              269A     269A      106      469       0
                text1                              474E     474E       3A     22B0       0
                text0                              49C0     49C0       26     22B0       0
                cstackCOMRAM                          1        1       2F        1       1
                cstackBANK0                          BD       BD       31       60       1
                cstackBANK1                         1DD      1DD        B      100       1
                dataBIGRAMl                         440      440      200      440       1
                bssBANK2                            200      200      100      200       1
                dataBANK1                           180      180       5D      100       1
                bssBANK1                            100      100       80      100       1
                dataBANK0                            EE       EE        4       60       1
                bssBANK0                             60       60       5D       60       1
                bssCOMRAM                            30       30       18        1       1
                cinit                              3C3A     3C3A       A6      469       0
                idataBANK1                         4502     4502       5D      469       0
                idataBANK0                         4AFC     4AFC        4     22B0       0
                idataBIGRAMl                       14F0     14F0      200      469       0

TOTAL           Name                               Link     Load   Length     Space
        CLASS   STACK          

        CLASS   CODE           
                end_init                             AA       AA        4         0
                intcodelo                            18       18       92         0
                intcode                               8        8       10         0
                reset_vec                             0        0        6         0
                text93                             2C88     2C88       F2         0
                text92                             37BE     37BE       D0         0
                text91                             32C2     32C2       DE         0
                text90                             2214     2214      12E         0
                text89                             42B2     42B2       6A         0
                text88                             3EC2     3EC2       96         0
                text87                             470E     470E       40         0
                text86                             3A22     3A22       C0         0
                text85                             416A     416A       70         0
                text84                             31E4     31E4       DE         0
                text83                             4444     4444       60         0
                text82                             1256     1256      29A         0
                text81                             1F96     1F96      140         0
                text80                             395C     395C       C6         0
                text79                             48C4     48C4       2E         0
                text78                             2D7A     2D7A       EE         0
                text77                             29A6     29A6       FC         0
                text76                             3B8E     3B8E       AC         0
                text75                             2462     2462      120         0
                text74                             3E28     3E28       9A         0
                text73                             2E68     2E68       E2         0
                text72                             1E50     1E50      146         0
                text71                             468A     468A       44         0
                text70                             4946     4946       2A         0
                text69                             4862     4862       32         0
                text68                             1BA2     1BA2      162         0
                text67                             4ACA     4ACA       12         0
                text66                             4AB8     4AB8       12         0
                text65                             491C     491C       2A         0
                text64                             4A2C     4A2C       22         0
                text63                             4894     4894       30         0
                intcode_body                       3F58     3F58       8E         0
                text60                             4AEA     4AEA        A         0
                text59                             43E4     43E4       60         0
                text58                             45B4     45B4       4A         0
                text57                             41DA     41DA       6E         0
                text56                             4A7A     4A7A       16         0
                text55                             36EE     36EE       D0         0
                text54                             49E6     49E6       24         0
                text53                             47C2     47C2       38         0
                text52                             3FE6     3FE6       86         0
                text51                             406C     406C       82         0
                text50                             4A64     4A64       16         0
                text49                             4A4E     4A4E       16         0
                text48                             48F2     48F2       2A         0
                text47                             4A0A     4A0A       22         0
                text46                              F6E      F6E      2E8         0
                text45                             361C     361C       D2         0
                text44                             3476     3476       D4         0
                text43                             45FE     45FE       48         0
                text42                             4ADC     4ADC        E         0
                text41                             4AF4     4AF4        8         0
                text40                             4B00     4B00        4         0
                text39                             4AA4     4AA4       14         0
                text38                             4A90     4A90       14         0
                text37                             28A4     28A4      102         0
                text36                             33A0     33A0       D6         0
                text35                             3106     3106       DE         0
                text34                             20D6     20D6      13E         0
                text33                             4248     4248       6A         0
                text32                             388E     388E       CE         0
                text31                             4560     4560       54         0
                text30                             3028     3028       DE         0
                text29                             40EE     40EE       7C         0
                text28                             2F4A     2F4A       DE         0
                text27                             431C     431C       66         0
                text26                              C84      C84      2EA         0
                text25                             1D04     1D04      14C         0
                text24                             354A     354A       D2         0
                text23                             47FA     47FA       36         0
                text22                             2582     2582      118         0
                text21                             27A0     27A0      104         0
                text20                             3AE2     3AE2       AC         0
                text19                             2342     2342      120         0
                text18                             3D86     3D86       A2         0
                text17                             2B96     2B96       F2         0
                text16                             1A3E     1A3E      164         0
                text15                             4646     4646       44         0
                text14                             4830     4830       32         0
                text13                             4788     4788       3A         0
                text12                             18BE     18BE      180         0
                text11                             46CE     46CE       40         0
                text10                             16F0     16F0      1CE         0
                text9                              4998     4998       28         0
                text8                              3CE0     3CE0       A6         0
                text7                              44A4     44A4       5E         0
                text6                              2AA2     2AA2       F4         0
                text5                               8D2      8D2      3B2         0
                text4                              4970     4970       28         0
                text3                              4382     4382       62         0
                text2                              269A     269A      106         0
                text1                              474E     474E       3A         0
                text0                              49C0     49C0       26         0
                cinit                              3C3A     3C3A       A6         0
                idataBANK1                         4502     4502       5D         0
                idataBANK0                         4AFC     4AFC        4         0
                idataBIGRAMl                       14F0     14F0      200         0

        CLASS   CONST          

        CLASS   SMALLCONST     
                smallconst                          800      800       D2         0

        CLASS   MEDIUMCONST    

        CLASS   COMRAM         
                cstackCOMRAM                          1        1       2F         1
                bssCOMRAM                            30       30       18         1

        CLASS   ABS1           
                abs_s1                              400      400       40         1

        CLASS   BIGRAM         
                dataBIGRAMl                         440      440      200         1

        CLASS   RAM            

        CLASS   BANK0          
                cstackBANK0                          BD       BD       31         1
                dataBANK0                            EE       EE        4         1
                bssBANK0                             60       60       5D         1

        CLASS   BANK1          
                cstackBANK1                         1DD      1DD        B         1
                dataBANK1                           180      180       5D         1
                bssBANK1                            100      100       80         1

        CLASS   BANK2          
                bssBANK2                            200      200      100         1

        CLASS   BANK3          

        CLASS   BANK4          

        CLASS   BANK5          

        CLASS   BANK6          

        CLASS   BANK7          

        CLASS   SFR            

        CLASS   FARRAM         

        CLASS   CONFIG         
                config                           300000   300000        E         0

        CLASS   IDLOC          
                idloc                            200000   200000        8         0

        CLASS   EEDATA         
                eeprom_data                      F00000   F00000        8         0



SEGMENTS        Name                           Load    Length   Top    Selector   Space  Class

                reset_vec                      000000  000006  000006         0       0  CODE    
                cstackCOMRAM                   000001  000047  000048         1       1  COMRAM  
                intcode                        000008  000010  000018         4       0  CODE    
                intcodelo                      000018  000096  0000AE         C       0  CODE    
                bssBANK0                       000060  000092  0000F2        60       1  BANK0   
                bssBANK1                       000100  0000E8  0001E8       100       1  BANK1   
                bssBANK2                       000200  000100  000300       200       1  BANK2   
                dataBIGRAMl                    000440  000200  000640       440       1  BIGRAM  
                smallconst                     000800  0000D2  0008D2       400       0  SMALLCON
                text5                          0008D2  003C8D  00455F       469       0  CODE    
                text31                         004560  0005A4  004B04      22B0       0  CODE    
                idloc                          200000  000008  200008    200000       0  IDLOC   
                config                         300000  00000E  30000E    300000       0  CONFIG  
                eeprom_data                    F00000  000008  F00008    F00000       0  EEDATA  


UNUSED ADDRESS RANGES

        Name                Unused          Largest block    Delta
        BANK0            0000F2-0000FF                E
        BANK1            0001E8-0001FF               18
        BANK3            000300-0003FF              100
        BANK6            000640-0006FF               C0
        BANK7            000700-0007FF              100
        BIGRAM           000048-00005F               18
                         0000F2-0000FF                E
                         0001E8-0001FF               18
                         000300-0003FF              100
                         000640-0007FF              1C0
        CODE             000006-000007                2
                         0000AE-0007FF              752
                         00455F-00455F                1
                         004B04-007FFF             34FC
        COMRAM           000048-00005F               18
        CONST            000006-000007                2
                         0000AE-0007FF              752
                         00455F-00455F                1
                         004B04-007FFF             34FC
        EEDATA           F00008-F000FF               F8
        MEDIUMCONST      00455F-00455F                1
                         004B04-007FFF             34FC
        RAM              0000F2-0000FF                E
                         0001E8-0001FF               18
                         000300-0003FF              100
                         000640-0007FF               C0
        SFR              000F53-000FFC                D
        SMALLCONST       00455F-00455F                1
                         004B04-007FFF              100
        STACK            000640-0007FF              1C0

                                  Symbol Table

?_ReadADC                                   cstackBANK0  0000CB
?_USBTransferOnePacket                      cstackBANK0  0000CB
?___awdiv                                   cstackBANK0  0000CB
?___lwdiv                                   cstackBANK0  0000CB
?_gamma_lookup                              cstackBANK0  0000CB
?_readDeviceID                              cstackBANK0  0000CB
?i2_USBTransferOnePacket                    cstackCOMRAM 000012
CDCTxService@byte_to_send                   cstackBANK0  0000D6
CDCTxService@i                              cstackBANK0  0000D5
Delay100TCYx@unit                           cstackBANK0  0000CB
Delay10TCYx@unit                            cstackBANK0  0000CB
OpenSPI1@bus_mode                           cstackBANK0  0000CB
OpenSPI1@smp_phase                          cstackBANK0  0000CC
OpenSPI1@sync_mode                          cstackBANK0  0000CD
OpenTimer3@config                           cstackBANK0  0000CD
OpenTimer3@config1                          cstackBANK0  0000CB
ProcessCDC@_c                               cstackBANK1  0001DE
ProcessCDC@_x                               cstackBANK1  0001E6
ProcessCDC@_y                               cstackBANK1  0001E3
ProcessCDC@boot_request0                    cstackBANK1  0001E1
ProcessCDC@boot_request1                    cstackBANK1  0001E2
ProcessCDC@checksum                         cstackBANK1  0001DF
ProcessCDC@cmd                              cstackBANK1  0001E0
ProcessCDC@csum                             cstackBANK1  0001DD
ProcessCDC@len                              cstackBANK1  0001E7
ProcessCDC@numBytes                         cstackBANK1  0001E5
ProcessIO@x                                 cstackBANK0  0000ED
ReadSPI1@TempVar                            cstackBANK0  0000CB
Read_b_eep@badd                             cstackBANK0  0000CB
USBConfigureEndpoint@EPNum                  cstackBANK0  0000D0
USBConfigureEndpoint@direction              cstackBANK0  0000CB
USBConfigureEndpoint@handle                 cstackBANK0  0000D1
USBCtrlEPService@setup_cnt                  cstackBANK0  0000E7
USBCtrlTrfInHandler@lastDTS                 cstackBANK0  0000CC
USBCtrlTrfRxService@byteToRead              cstackBANK0  0000CC
USBCtrlTrfRxService@i                       cstackBANK0  0000CB
USBCtrlTrfTxService@byteToSend              cstackBANK0  0000CB
USBDeviceInit@i                             cstackBANK0  0000D3
USBDeviceTasks@i                            cstackBANK0  0000E8
USBEnableEndpoint@ep                        cstackBANK0  0000D6
USBEnableEndpoint@options                   cstackBANK0  0000D3
USBEnableEndpoint@p                         cstackBANK0  0000D4
USBStdFeatureReqHandler@current_ep_data     cstackBANK0  0000E2
USBStdFeatureReqHandler@p                   cstackBANK0  0000E3
USBStdFeatureReqHandler@pUEP                cstackBANK0  0000E0
USBStdGetStatusHandler@p                    cstackBANK0  0000CC
USBStdSetCfgHandler@i                       cstackBANK0  0000DF
USBTransferOnePacket@data                   cstackBANK0  0000CC
USBTransferOnePacket@dir                    cstackBANK0  0000CB
USBTransferOnePacket@ep                     cstackBANK0  0000CF
USBTransferOnePacket@handle                 cstackBANK0  0000D0
USBTransferOnePacket@len                    cstackBANK0  0000CE
USER_USB_CALLBACK_EVENT_HANDLER@event       cstackBANK0  0000D7
USER_USB_CALLBACK_EVENT_HANDLER@pdata       cstackBANK0  0000D9
USER_USB_CALLBACK_EVENT_HANDLER@size        cstackBANK0  0000DB
WriteSPI1@TempVar                           cstackBANK0  0000CB
WriteSPI1@data_out                          cstackBANK0  0000CC
Write_b_eep@GIE_BIT_VAL                     cstackBANK0  0000CE
Write_b_eep@badd                            cstackBANK0  0000CB
Write_b_eep@bdat                            cstackBANK0  0000CD
_ACTCON                                     (abs)        000FB5
_ADCON0                                     (abs)        000FC2
_ADCON0bits                                 (abs)        000FC2
_ADCON1                                     (abs)        000FC1
_ADCON2                                     (abs)        000FC0
_ADRESH                                     (abs)        000FC4
_ADRESL                                     (abs)        000FC3
_ANSELAbits                                 (abs)        000F5B
_ANSELCbits                                 (abs)        000F5D
_BDT                                        (abs)        000400
_BaudRateGen                                bssCOMRAM    00003A
_BlinkUSBStatus                             text43       0045FE
_BothEP0OutUOWNsSet                         bssBANK0     000090
_BusyADC                                    text42       004ADC
_Busy_eep                                   text41       004AF4
_CDCBufferIn                                bssBANK1     000100
_CDCBufferOut                               bssBANK1     000140
_CDCDataInHandle                            bssBANK0     000080
_CDCDataOutHandle                           bssBANK0     000082
_CDCInitEP                                  text29       0040EE
_CDCTxService                               text10       0016F0
_CDCTxService$3262                          cstackBANK0  0000D3
_CloseTimer3                                text60       004AEA
_ConvertADC                                 text40       004B00
_CtrlTrfData                                (abs)        000438
_DDRA                                       (abs)        000F92
_DDRAbits                                   (abs)        000F92
_DDRB                                       (abs)        000F93
_DDRBbits                                   (abs)        000F93
_DDRC                                       (abs)        000F94
_DDRD                                       (abs)        000F95
_DDRE                                       (abs)        000F96
_Delay100TCYx                               text50       004A64
_Delay10TCYx                                text49       004A4E
_EEADR                                      (abs)        000FA9
_EECON1bits                                 (abs)        000FA6
_EECON2                                     (abs)        000FA7
_EEDATA                                     (abs)        000FA8
_HighPriorityISRCode                        intcode      000008
_INTCONbits                                 (abs)        000FF2
_IOCBbits                                   (abs)        000F86
_IPR1bits                                   (abs)        000F9F
_IPR3bits                                   (abs)        000FA5
_InitializeSystem                           text44       003476
_LATBbits                                   (abs)        000F8A
_LATC                                       (abs)        000F8B
_LATCbits                                   (abs)        000F8B
_LowPriorityISRCode                         intcodelo    000018
_OSCCON                                     (abs)        000FD3
_OSCCON2                                    (abs)        000FD2
_OSCCON2bits                                (abs)        000FD2
_OSCTUNE                                    (abs)        000F9B
_OpenSPI1                                   text59       0043E4
_OpenTimer3                                 text58       0045B4
_PIE1bits                                   (abs)        000F9D
_PIE2bits                                   (abs)        000FA0
_PIE3bits                                   (abs)        000FA3
_PIR1bits                                   (abs)        000F9E
_PIR2bits                                   (abs)        000FA1
_PIR3bits                                   (abs)        000FA4
_PORTAbits                                  (abs)        000F80
_PORTBbits                                  (abs)        000F81
_PORTCbits                                  (abs)        000F82
_PR2                                        (abs)        000FBB
_ProcessCDC                                 text5        0008D2
_ProcessIO                                  text2        00269A
_RCONbits                                   (abs)        000FD0
_ReadADC                                    text39       004AA4
_ReadSPI1                                   text56       004A7A
_Read_b_eep                                 text38       004A90
_RemoteWakeup                               bssBANK0     000091
_SSP1BUF                                    (abs)        000FC9
_SSP1CON1                                   (abs)        000FC6
_SSP1CON1bits                               (abs)        000FC6
_SSP1STAT                                   (abs)        000FC7
_SSP1STATbits                               (abs)        000FC7
_SetupPkt                                   (abs)        000430
_SwitchIsPressed                            text4        004970
_T2CON                                      (abs)        000FBA
_T3CON                                      (abs)        000FB1
_T3CONbits                                  (abs)        000FB1
_T3GCON                                     (abs)        000FB4
_T3GCONbits                                 (abs)        000FB4
_TABLAT                                     (abs)        000FF5
_TBLPTRH                                    (abs)        000FF7
_TBLPTRL                                    (abs)        000FF6
_TBLPTRU                                    (abs)        000FF8
_TMR3H                                      (abs)        000FB3
_TMR3L                                      (abs)        000FB2
_TRISAbits                                  (abs)        000F92
_TRISBbits                                  (abs)        000F93
_TRISC                                      (abs)        000F94
_TRISCbits                                  (abs)        000F94
_UADDR                                      (abs)        000F63
_UCFG                                       (abs)        000F62
_UCON                                       (abs)        000F60
_UCONbits                                   (abs)        000F60
_UEIE                                       (abs)        000F66
_UEIR                                       (abs)        000F67
_UEP0                                       (abs)        000F6A
_UEP0bits                                   (abs)        000F6A
_UEP1                                       (abs)        000F6B
_UIE                                        (abs)        000F64
_UIEbits                                    (abs)        000F64
_UIR                                        (abs)        000F65
_UIRbits                                    (abs)        000F65
_USBActiveConfiguration                     bssBANK0     0000BB
_USBAlternateInterface                      bssBANK0     0000B9
_USBBusIsSuspended                          bssBANK0     000092
_USBCheckCDCRequest                         text28       002F4A
_USBCheckStdRequest                         text21       0027A0
_USBConfigureEndpoint                       text32       00388E
_USBCtrlEPAllowDataStage                    text20       003AE2
_USBCtrlEPAllowStatusStage                  text35       003106
_USBCtrlEPService                           text17       002B96
_USBCtrlEPServiceComplete                   text19       002342
_USBCtrlTrfInHandler                        text36       0033A0
_USBCtrlTrfOutHandler                       text33       004248
_USBCtrlTrfRxService                        text34       0020D6
_USBCtrlTrfSetupHandler                     text18       003D86
_USBCtrlTrfTxService                        text37       0028A4
_USBDeferINDataStagePackets                 bssBANK0     000093
_USBDeferOUTDataStagePackets                bssBANK0     000094
_USBDeferStatusStagePacket                  bssBANK0     000095
_USBDeviceAttach                            text1        00474E
_USBDeviceInit                              text16       001A3E
_USBDeviceState                             bssBANK0     000096
_USBDeviceTasks                             text12       0018BE
_USBEnableEndpoint                          text31       004560
_USBStallHandler                            text15       004646
_USBStatusStageEnabledFlag1                 bssBANK0     000097
_USBStatusStageEnabledFlag2                 bssBANK0     000098
_USBStatusStageTimeoutCounter               bssBANK0     000099
_USBStdFeatureReqHandler                    text26       000C84
_USBStdGetDscHandler                        text25       001D04
_USBStdGetStatusHandler                     text24       00354A
_USBStdSetCfgHandler                        text22       002582
_USBSuspend                                 text14       004830
_USBTransferOnePacket                       text30       003028
_USBWakeFromSuspend                         text13       004788
_USB_CD_Ptr                                 smallconst   000807
_USB_In_Buffer                              bssBANK2     000200
_USB_Out_Buffer                             bssBANK2     000240
_USB_SD_Ptr                                 smallconst   000801
_USER_USB_CALLBACK_EVENT_HANDLER            text27       00431C
_USTAT                                      (abs)        000F61
_USTATcopy                                  bssBANK0     0000BC
_WriteSPI1                                  text54       0049E6
_Write_b_eep                                text11       0046CE
__CFG_BOREN$SBORDIS                         (abs)        000000
__CFG_BORV$190                              (abs)        000000
__CFG_CCP2MX$RC1                            (abs)        000000
__CFG_CFGPLLEN$OFF                          (abs)        000000
__CFG_CP0$OFF                               (abs)        000000
__CFG_CP1$OFF                               (abs)        000000
__CFG_CP2$OFF                               (abs)        000000
__CFG_CP3$OFF                               (abs)        000000
__CFG_CPB$OFF                               (abs)        000000
__CFG_CPD$OFF                               (abs)        000000
__CFG_CPUDIV$NOCLKDIV                       (abs)        000000
__CFG_EBTR0$OFF                             (abs)        000000
__CFG_EBTR1$OFF                             (abs)        000000
__CFG_EBTR2$OFF                             (abs)        000000
__CFG_EBTR3$OFF                             (abs)        000000
__CFG_EBTRB$OFF                             (abs)        000000
__CFG_FCMEN$OFF                             (abs)        000000
__CFG_FOSC$INTOSCIO                         (abs)        000000
__CFG_ICPRT$ON                              (abs)        000000
__CFG_IESO$OFF                              (abs)        000000
__CFG_LS48MHZ$SYS48X8                       (abs)        000000
__CFG_LVP$OFF                               (abs)        000000
__CFG_MCLRE$ON                              (abs)        000000
__CFG_PBADEN$OFF                            (abs)        000000
__CFG_PCLKEN$OFF                            (abs)        000000
__CFG_PLLSEL$PLL3X                          (abs)        000000
__CFG_SDOMX$RC7                             (abs)        000000
__CFG_STVREN$ON                             (abs)        000000
__CFG_T3CMX$RB5                             (abs)        000000
__CFG_WDTEN$OFF                             (abs)        000000
__CFG_WDTPS$32768                           (abs)        000000
__CFG_WRT0$OFF                              (abs)        000000
__CFG_WRT1$OFF                              (abs)        000000
__CFG_WRT2$OFF                              (abs)        000000
__CFG_WRT3$OFF                              (abs)        000000
__CFG_WRTB$OFF                              (abs)        000000
__CFG_WRTC$OFF                              (abs)        000000
__CFG_WRTD$OFF                              (abs)        000000
__CFG_XINST$OFF                             (abs)        000000
__CFG_nLPBOR$ON                             (abs)        000000
__CFG_nPWRTEN$OFF                           (abs)        000000
__HRAM                                      (abs)        000000
__Habs1                                     abs1         000000
__Hbank0                                    bank0        000000
__Hbank1                                    bank1        000000
__Hbank2                                    bank2        000000
__Hbank3                                    bank3        000000
__Hbank4                                    bank4        000000
__Hbank5                                    bank5        000000
__Hbank6                                    bank6        000000
__Hbank7                                    bank7        000000
__Hbigbss                                   bigbss       000000
__Hbigdata                                  bigdata      000000
__Hbigram                                   bigram       000000
__Hbss                                      bss          000000
__HbssBANK0                                 bssBANK0     000000
__HbssBANK1                                 bssBANK1     000000
__HbssBANK2                                 bssBANK2     000000
__HbssCOMRAM                                bssCOMRAM    000000
__Hcinit                                    cinit        000000
__Hclrtext                                  clrtext      000000
__Hcomram                                   comram       000000
__Hconfig                                   config       30000E
__Hconst                                    const        000000
__HcstackBANK0                              cstackBANK0  000000
__HcstackBANK1                              cstackBANK1  000000
__HcstackCOMRAM                             cstackCOMRAM 000000
__Hdata                                     data         000000
__HdataBANK0                                dataBANK0    000000
__HdataBANK1                                dataBANK1    000000
__HdataBIGRAMl                              dataBIGRAMl  000000
__Heeprom_data                              eeprom_data  F00008
__Hend_init                                 end_init     0000AE
__Hfarbss                                   farbss       000000
__Hfardata                                  fardata      000000
__Hibigdata                                 ibigdata     000000
__Hidata                                    idata        000000
__HidataBANK0                               idataBANK0   000000
__HidataBANK1                               idataBANK1   000000
__HidataBIGRAMl                             idataBIGRAMl 000000
__Hidloc                                    idloc        200008
__Hifardata                                 ifardata     000000
__Hinit                                     init         0000AA
__Hintcode                                  intcode      000018
__Hintcode_body                             intcode_body 000000
__Hintcodelo                                intcodelo    0000AA
__Hintentry                                 intentry     000000
__Hintret                                   intret       000000
__Hintsave_regs                             intsave_regs 000000
__Hirdata                                   irdata       000000
__Hmediumconst                              mediumconst  000000
__HnvFARRAM                                 nvFARRAM     000000
__Hnvbit                                    nvbit        000000
__Hnvrram                                   nvrram       000000
__Hparam                                    rparam       000000
__Hpowerup                                  powerup      0000AA
__Hram                                      ram          000000
__Hramtop                                   ramtop       000800
__Hrbit                                     rbit         000000
__Hrbss                                     rbss         000000
__Hrdata                                    rdata        000000
__Hreset_vec                                reset_vec    000006
__Hrparam                                   rparam       000000
__Hsfr                                      sfr          000000
__Hsmallconst                               smallconst   0008D2
__Hspace_0                                  (abs)        F00008
__Hspace_1                                  (abs)        000640
__Hspace_2                                  (abs)        000000
__Hstack                                    stack        000000
__Hstruct                                   struct       000000
__Htemp                                     temp         000000
__Htext                                     text         000000
__Htext0                                    text0        000000
__Htext1                                    text1        000000
__Htext10                                   text10       000000
__Htext11                                   text11       000000
__Htext12                                   text12       000000
__Htext13                                   text13       000000
__Htext14                                   text14       000000
__Htext15                                   text15       000000
__Htext16                                   text16       000000
__Htext17                                   text17       000000
__Htext18                                   text18       000000
__Htext19                                   text19       000000
__Htext2                                    text2        000000
__Htext20                                   text20       000000
__Htext21                                   text21       000000
__Htext22                                   text22       000000
__Htext23                                   text23       000000
__Htext24                                   text24       000000
__Htext25                                   text25       000000
__Htext26                                   text26       000000
__Htext27                                   text27       000000
__Htext28                                   text28       000000
__Htext29                                   text29       000000
__Htext3                                    text3        000000
__Htext30                                   text30       000000
__Htext31                                   text31       000000
__Htext32                                   text32       000000
__Htext33                                   text33       000000
__Htext34                                   text34       000000
__Htext35                                   text35       000000
__Htext36                                   text36       000000
__Htext37                                   text37       000000
__Htext38                                   text38       000000
__Htext39                                   text39       000000
__Htext4                                    text4        000000
__Htext40                                   text40       000000
__Htext41                                   text41       000000
__Htext42                                   text42       000000
__Htext43                                   text43       000000
__Htext44                                   text44       000000
__Htext45                                   text45       000000
__Htext46                                   text46       000000
__Htext47                                   text47       000000
__Htext48                                   text48       000000
__Htext49                                   text49       000000
__Htext5                                    text5        000000
__Htext50                                   text50       000000
__Htext51                                   text51       000000
__Htext52                                   text52       000000
__Htext53                                   text53       000000
__Htext54                                   text54       000000
__Htext55                                   text55       000000
__Htext56                                   text56       000000
__Htext57                                   text57       000000
__Htext58                                   text58       000000
__Htext59                                   text59       000000
__Htext6                                    text6        000000
__Htext60                                   text60       000000
__Htext63                                   text63       000000
__Htext64                                   text64       000000
__Htext65                                   text65       000000
__Htext66                                   text66       000000
__Htext67                                   text67       000000
__Htext68                                   text68       000000
__Htext69                                   text69       000000
__Htext7                                    text7        000000
__Htext70                                   text70       000000
__Htext71                                   text71       000000
__Htext72                                   text72       000000
__Htext73                                   text73       000000
__Htext74                                   text74       000000
__Htext75                                   text75       000000
__Htext76                                   text76       000000
__Htext77                                   text77       000000
__Htext78                                   text78       000000
__Htext79                                   text79       000000
__Htext8                                    text8        000000
__Htext80                                   text80       000000
__Htext81                                   text81       000000
__Htext82                                   text82       000000
__Htext83                                   text83       000000
__Htext84                                   text84       000000
__Htext85                                   text85       000000
__Htext86                                   text86       000000
__Htext87                                   text87       000000
__Htext88                                   text88       000000
__Htext89                                   text89       000000
__Htext9                                    text9        000000
__Htext90                                   text90       000000
__Htext91                                   text91       000000
__Htext92                                   text92       000000
__Htext93                                   text93       000000
__LRAM                                      (abs)        000001
__Labs1                                     abs1         000000
__Lbank0                                    bank0        000000
__Lbank1                                    bank1        000000
__Lbank2                                    bank2        000000
__Lbank3                                    bank3        000000
__Lbank4                                    bank4        000000
__Lbank5                                    bank5        000000
__Lbank6                                    bank6        000000
__Lbank7                                    bank7        000000
__Lbigbss                                   bigbss       000000
__Lbigdata                                  bigdata      000000
__Lbigram                                   bigram       000000
__Lbss                                      bss          000000
__LbssBANK0                                 bssBANK0     000000
__LbssBANK1                                 bssBANK1     000000
__LbssBANK2                                 bssBANK2     000000
__LbssCOMRAM                                bssCOMRAM    000000
__Lcinit                                    cinit        000000
__Lclrtext                                  clrtext      000000
__Lcomram                                   comram       000000
__Lconfig                                   config       300000
__Lconst                                    const        000000
__LcstackBANK0                              cstackBANK0  000000
__LcstackBANK1                              cstackBANK1  000000
__LcstackCOMRAM                             cstackCOMRAM 000000
__Ldata                                     data         000000
__LdataBANK0                                dataBANK0    000000
__LdataBANK1                                dataBANK1    000000
__LdataBIGRAMl                              dataBIGRAMl  000000
__Leeprom_data                              eeprom_data  F00000
__Lend_init                                 end_init     0000AA
__Lfarbss                                   farbss       000000
__Lfardata                                  fardata      000000
__Libigdata                                 ibigdata     000000
__Lidata                                    idata        000000
__LidataBANK0                               idataBANK0   000000
__LidataBANK1                               idataBANK1   000000
__LidataBIGRAMl                             idataBIGRAMl 000000
__Lidloc                                    idloc        200000
__Lifardata                                 ifardata     000000
__Linit                                     init         0000AA
__Lintcode                                  intcode      000008
__Lintcode_body                             intcode_body 000000
__Lintcodelo                                intcodelo    000018
__Lintentry                                 intentry     000000
__Lintret                                   intret       000000
__Lintsave_regs                             intsave_regs 000000
__Lirdata                                   irdata       000000
__Lmediumconst                              mediumconst  000000
__LnvFARRAM                                 nvFARRAM     000000
__Lnvbit                                    nvbit        000000
__Lnvrram                                   nvrram       000000
__Lparam                                    rparam       000000
__Lpowerup                                  powerup      0000AA
__Lram                                      ram          000000
__Lramtop                                   ramtop       000800
__Lrbit                                     rbit         000000
__Lrbss                                     rbss         000000
__Lrdata                                    rdata        000000
__Lreset_vec                                reset_vec    000000
__Lrparam                                   rparam       000000
__Lsfr                                      sfr          000000
__Lsmallconst                               smallconst   000800
__Lspace_0                                  (abs)        000000
__Lspace_1                                  (abs)        000000
__Lspace_2                                  (abs)        000000
__Lstack                                    stack        000000
__Lstruct                                   struct       000000
__Ltemp                                     temp         000000
__Ltext                                     text         000000
__Ltext0                                    text0        000000
__Ltext1                                    text1        000000
__Ltext10                                   text10       000000
__Ltext11                                   text11       000000
__Ltext12                                   text12       000000
__Ltext13                                   text13       000000
__Ltext14                                   text14       000000
__Ltext15                                   text15       000000
__Ltext16                                   text16       000000
__Ltext17                                   text17       000000
__Ltext18                                   text18       000000
__Ltext19                                   text19       000000
__Ltext2                                    text2        000000
__Ltext20                                   text20       000000
__Ltext21                                   text21       000000
__Ltext22                                   text22       000000
__Ltext23                                   text23       000000
__Ltext24                                   text24       000000
__Ltext25                                   text25       000000
__Ltext26                                   text26       000000
__Ltext27                                   text27       000000
__Ltext28                                   text28       000000
__Ltext29                                   text29       000000
__Ltext3                                    text3        000000
__Ltext30                                   text30       000000
__Ltext31                                   text31       000000
__Ltext32                                   text32       000000
__Ltext33                                   text33       000000
__Ltext34                                   text34       000000
__Ltext35                                   text35       000000
__Ltext36                                   text36       000000
__Ltext37                                   text37       000000
__Ltext38                                   text38       000000
__Ltext39                                   text39       000000
__Ltext4                                    text4        000000
__Ltext40                                   text40       000000
__Ltext41                                   text41       000000
__Ltext42                                   text42       000000
__Ltext43                                   text43       000000
__Ltext44                                   text44       000000
__Ltext45                                   text45       000000
__Ltext46                                   text46       000000
__Ltext47                                   text47       000000
__Ltext48                                   text48       000000
__Ltext49                                   text49       000000
__Ltext5                                    text5        000000
__Ltext50                                   text50       000000
__Ltext51                                   text51       000000
__Ltext52                                   text52       000000
__Ltext53                                   text53       000000
__Ltext54                                   text54       000000
__Ltext55                                   text55       000000
__Ltext56                                   text56       000000
__Ltext57                                   text57       000000
__Ltext58                                   text58       000000
__Ltext59                                   text59       000000
__Ltext6                                    text6        000000
__Ltext60                                   text60       000000
__Ltext63                                   text63       000000
__Ltext64                                   text64       000000
__Ltext65                                   text65       000000
__Ltext66                                   text66       000000
__Ltext67                                   text67       000000
__Ltext68                                   text68       000000
__Ltext69                                   text69       000000
__Ltext7                                    text7        000000
__Ltext70                                   text70       000000
__Ltext71                                   text71       000000
__Ltext72                                   text72       000000
__Ltext73                                   text73       000000
__Ltext74                                   text74       000000
__Ltext75                                   text75       000000
__Ltext76                                   text76       000000
__Ltext77                                   text77       000000
__Ltext78                                   text78       000000
__Ltext79                                   text79       000000
__Ltext8                                    text8        000000
__Ltext80                                   text80       000000
__Ltext81                                   text81       000000
__Ltext82                                   text82       000000
__Ltext83                                   text83       000000
__Ltext84                                   text84       000000
__Ltext85                                   text85       000000
__Ltext86                                   text86       000000
__Ltext87                                   text87       000000
__Ltext88                                   text88       000000
__Ltext89                                   text89       000000
__Ltext9                                    text9        000000
__Ltext90                                   text90       000000
__Ltext91                                   text91       000000
__Ltext92                                   text92       000000
__Ltext93                                   text93       000000
__S0                                        (abs)        F00008
__S1                                        (abs)        000640
__S2                                        (abs)        000000
___awdiv                                    text55       0036EE
___awdiv@counter                            cstackBANK0  0000CF
___awdiv@dividend                           cstackBANK0  0000CB
___awdiv@divisor                            cstackBANK0  0000CD
___awdiv@quotient                           cstackBANK0  0000D1
___awdiv@sign                               cstackBANK0  0000D0
___inthi_sp                                 stack        000000
___intlo_sp                                 stack        000000
___lwdiv                                    text51       00406C
___lwdiv@counter                            cstackBANK0  0000CF
___lwdiv@dividend                           cstackBANK0  0000CB
___lwdiv@divisor                            cstackBANK0  0000CD
___lwdiv@quotient                           cstackBANK0  0000D0
___param_bank                               (abs)        000010
___rparam_used                              (abs)        000001
___sp                                       stack        000000
__accesstop                                 (abs)        000060
__activetblptr                              (abs)        000002
__end_of_BlinkUSBStatus                     text43       004646
__end_of_BusyADC                            text42       004AEA
__end_of_Busy_eep                           text41       004AFC
__end_of_CDCInitEP                          text29       00416A
__end_of_CDCTxService                       text10       0018BE
__end_of_CloseTimer3                        text60       004AF4
__end_of_ConvertADC                         text40       004B04
__end_of_Delay100TCYx                       text50       004A7A
__end_of_Delay10TCYx                        text49       004A64
__end_of_HighPriorityISRCode                intcode_body 003FE6
__end_of_InitializeSystem                   text44       00354A
__end_of_LowPriorityISRCode                 intcodelo    0000AA
__end_of_OpenSPI1                           text59       004444
__end_of_OpenTimer3                         text58       0045FE
__end_of_ProcessCDC                         text5        000C84
__end_of_ProcessIO                          text2        0027A0
__end_of_ReadADC                            text39       004AB8
__end_of_ReadSPI1                           text56       004A90
__end_of_Read_b_eep                         text38       004AA4
__end_of_SwitchIsPressed                    text4        004998
__end_of_USBCheckCDCRequest                 text28       003028
__end_of_USBCheckStdRequest                 text21       0028A4
__end_of_USBConfigureEndpoint               text32       00395C
__end_of_USBCtrlEPAllowDataStage            text20       003B8E
__end_of_USBCtrlEPAllowStatusStage          text35       0031E4
__end_of_USBCtrlEPService                   text17       002C88
__end_of_USBCtrlEPServiceComplete           text19       002462
__end_of_USBCtrlTrfInHandler                text36       003476
__end_of_USBCtrlTrfOutHandler               text33       0042B2
__end_of_USBCtrlTrfRxService                text34       002214
__end_of_USBCtrlTrfSetupHandler             text18       003E28
__end_of_USBCtrlTrfTxService                text37       0029A6
__end_of_USBDeviceAttach                    text1        004788
__end_of_USBDeviceInit                      text16       001BA2
__end_of_USBDeviceTasks                     text12       001A3E
__end_of_USBEnableEndpoint                  text31       0045B4
__end_of_USBStallHandler                    text15       00468A
__end_of_USBStdFeatureReqHandler            text26       000F6E
__end_of_USBStdGetDscHandler                text25       001E50
__end_of_USBStdGetStatusHandler             text24       00361C
__end_of_USBStdSetCfgHandler                text22       00269A
__end_of_USBSuspend                         text14       004862
__end_of_USBTransferOnePacket               text30       003106
__end_of_USBWakeFromSuspend                 text13       0047C2
__end_of_USB_CD_Ptr                         smallconst   000809
__end_of_USB_SD_Ptr                         smallconst   000807
__end_of_USER_USB_CALLBACK_EVENT_HANDLER    text27       004382
__end_of_WriteSPI1                          text54       004A0A
__end_of_Write_b_eep                        text11       00470E
__end_of___awdiv                            text55       0037BE
__end_of___lwdiv                            text51       0040EE
__end_of__initialization                    cinit        003CD6
__end_of_comm_send_dat                      text8        003D86
__end_of_comm_send_rply                     text7        004502
__end_of_configDescriptor1                  smallconst   00084C
__end_of_device_dsc                         smallconst   0008C6
__end_of_gamma_lookup                       text47       004A2C
__end_of_getsUSBUSART                       text6        002B96
__end_of_main                               text0        0049E6
__end_of_memset                             text23       004830
__end_of_putUSBUSART                        text9        0049C0
__end_of_putrsUSBUSART                      text3        0043E4
__end_of_readDeviceID                       text57       004248
__end_of_sd000                              smallconst   0008CA
__end_of_sd001                              smallconst   000880
__end_of_sd002                              smallconst   0008B4
__end_of_tlc5947_count_channels             text52       00406C
__end_of_tlc5947_latch                      text48       00491C
__end_of_tlc5947_pwm_readback               text45       0036EE
__end_of_tlc5947_setChannel                 text46       001256
__end_of_tlc5947_update                     text53       0047FA
__end_ofi2_CDCInitEP                        text85       0041DA
__end_ofi2_Delay100TCYx                     text67       004ADC
__end_ofi2_Delay10TCYx                      text66       004ACA
__end_ofi2_USBCheckCDCRequest               text84       0032C2
__end_ofi2_USBCheckStdRequest               text77       002AA2
__end_ofi2_USBConfigureEndpoint             text88       003F58
__end_ofi2_USBCtrlEPAllowDataStage          text76       003C3A
__end_ofi2_USBCtrlEPAllowStatusStage        text91       0033A0
__end_ofi2_USBCtrlEPService                 text73       002F4A
__end_ofi2_USBCtrlEPServiceComplete         text75       002582
__end_ofi2_USBCtrlTrfInHandler              text92       00388E
__end_ofi2_USBCtrlTrfOutHandler             text89       00431C
__end_ofi2_USBCtrlTrfRxService              text90       002342
__end_ofi2_USBCtrlTrfSetupHandler           text74       003EC2
__end_ofi2_USBCtrlTrfTxService              text93       002D7A
__end_ofi2_USBDeviceInit                    text72       001F96
__end_ofi2_USBDeviceTasks                   text68       001D04
__end_ofi2_USBEnableEndpoint                text87       00474E
__end_ofi2_USBStallHandler                  text71       0046CE
__end_ofi2_USBStdFeatureReqHandler          text82       0014F0
__end_ofi2_USBStdGetDscHandler              text81       0020D6
__end_ofi2_USBStdGetStatusHandler           text80       003A22
__end_ofi2_USBStdSetCfgHandler              text78       002E68
__end_ofi2_USBSuspend                       text70       004970
__end_ofi2_USBTransferOnePacket             text86       003AE2
__end_ofi2_USBWakeFromSuspend               text69       004894
__end_ofi2_USER_USB_CALLBACK_EVENT_HANDLER  text83       0044A4
__end_ofi2_WriteSPI1                        text64       004A4E
__end_ofi2_memset                           text79       0048F2
__end_ofi2_tlc5947_latch                    text65       004946
__end_ofi2_tlc5947_update                   text63       0048C4
__initialization                            cinit        003C3A
__mediumconst                               mediumconst  000000
__pbssBANK0                                 bssBANK0     000060
__pbssBANK1                                 bssBANK1     000100
__pbssBANK2                                 bssBANK2     000200
__pbssCOMRAM                                bssCOMRAM    000030
__pcinit                                    cinit        003C3A
__pcstackBANK0                              cstackBANK0  0000BD
__pcstackBANK1                              cstackBANK1  0001DD
__pcstackCOMRAM                             cstackCOMRAM 000001
__pdataBANK0                                dataBANK0    0000EE
__pdataBANK1                                dataBANK1    000180
__pdataBIGRAMl                              dataBIGRAMl  000440
__pidataBANK0                               idataBANK0   004AFC
__pidataBANK1                               idataBANK1   004502
__pidataBIGRAMl                             idataBIGRAMl 0014F0
__pintcode                                  intcode      000008
__pintcode_body                             intcode_body 003F58
__pintcodelo                                intcodelo    000018
__psmallconst                               smallconst   000800
__ptext0                                    text0        0049C0
__ptext1                                    text1        00474E
__ptext10                                   text10       0016F0
__ptext11                                   text11       0046CE
__ptext12                                   text12       0018BE
__ptext13                                   text13       004788
__ptext14                                   text14       004830
__ptext15                                   text15       004646
__ptext16                                   text16       001A3E
__ptext17                                   text17       002B96
__ptext18                                   text18       003D86
__ptext19                                   text19       002342
__ptext2                                    text2        00269A
__ptext20                                   text20       003AE2
__ptext21                                   text21       0027A0
__ptext22                                   text22       002582
__ptext23                                   text23       0047FA
__ptext24                                   text24       00354A
__ptext25                                   text25       001D04
__ptext26                                   text26       000C84
__ptext27                                   text27       00431C
__ptext28                                   text28       002F4A
__ptext29                                   text29       0040EE
__ptext3                                    text3        004382
__ptext30                                   text30       003028
__ptext31                                   text31       004560
__ptext32                                   text32       00388E
__ptext33                                   text33       004248
__ptext34                                   text34       0020D6
__ptext35                                   text35       003106
__ptext36                                   text36       0033A0
__ptext37                                   text37       0028A4
__ptext38                                   text38       004A90
__ptext39                                   text39       004AA4
__ptext4                                    text4        004970
__ptext40                                   text40       004B00
__ptext41                                   text41       004AF4
__ptext42                                   text42       004ADC
__ptext43                                   text43       0045FE
__ptext44                                   text44       003476
__ptext45                                   text45       00361C
__ptext46                                   text46       000F6E
__ptext47                                   text47       004A0A
__ptext48                                   text48       0048F2
__ptext49                                   text49       004A4E
__ptext5                                    text5        0008D2
__ptext50                                   text50       004A64
__ptext51                                   text51       00406C
__ptext52                                   text52       003FE6
__ptext53                                   text53       0047C2
__ptext54                                   text54       0049E6
__ptext55                                   text55       0036EE
__ptext56                                   text56       004A7A
__ptext57                                   text57       0041DA
__ptext58                                   text58       0045B4
__ptext59                                   text59       0043E4
__ptext6                                    text6        002AA2
__ptext60                                   text60       004AEA
__ptext63                                   text63       004894
__ptext64                                   text64       004A2C
__ptext65                                   text65       00491C
__ptext66                                   text66       004AB8
__ptext67                                   text67       004ACA
__ptext68                                   text68       001BA2
__ptext69                                   text69       004862
__ptext7                                    text7        0044A4
__ptext70                                   text70       004946
__ptext71                                   text71       00468A
__ptext72                                   text72       001E50
__ptext73                                   text73       002E68
__ptext74                                   text74       003E28
__ptext75                                   text75       002462
__ptext76                                   text76       003B8E
__ptext77                                   text77       0029A6
__ptext78                                   text78       002D7A
__ptext79                                   text79       0048C4
__ptext8                                    text8        003CE0
__ptext80                                   text80       00395C
__ptext81                                   text81       001F96
__ptext82                                   text82       001256
__ptext83                                   text83       004444
__ptext84                                   text84       0031E4
__ptext85                                   text85       00416A
__ptext86                                   text86       003A22
__ptext87                                   text87       00470E
__ptext88                                   text88       003EC2
__ptext89                                   text89       0042B2
__ptext9                                    text9        004998
__ptext90                                   text90       002214
__ptext91                                   text91       0032C2
__ptext92                                   text92       0037BE
__ptext93                                   text93       002C88
__ramtop                                    ramtop       000800
__size_of_BlinkUSBStatus                    (abs)        000000
__size_of_BusyADC                           (abs)        000000
__size_of_Busy_eep                          (abs)        000000
__size_of_CDCInitEP                         (abs)        000000
__size_of_CDCTxService                      (abs)        000000
__size_of_CloseTimer3                       (abs)        000000
__size_of_ConvertADC                        (abs)        000000
__size_of_Delay100TCYx                      (abs)        000000
__size_of_Delay10TCYx                       (abs)        000000
__size_of_HighPriorityISRCode               (abs)        000000
__size_of_InitializeSystem                  (abs)        000000
__size_of_LowPriorityISRCode                (abs)        000000
__size_of_OpenSPI1                          (abs)        000000
__size_of_OpenTimer3                        (abs)        000000
__size_of_ProcessCDC                        (abs)        000000
__size_of_ProcessIO                         (abs)        000000
__size_of_ReadADC                           (abs)        000000
__size_of_ReadSPI1                          (abs)        000000
__size_of_Read_b_eep                        (abs)        000000
__size_of_SwitchIsPressed                   (abs)        000000
__size_of_USBCheckCDCRequest                (abs)        000000
__size_of_USBCheckStdRequest                (abs)        000000
__size_of_USBConfigureEndpoint              (abs)        000000
__size_of_USBCtrlEPAllowDataStage           (abs)        000000
__size_of_USBCtrlEPAllowStatusStage         (abs)        000000
__size_of_USBCtrlEPService                  (abs)        000000
__size_of_USBCtrlEPServiceComplete          (abs)        000000
__size_of_USBCtrlTrfInHandler               (abs)        000000
__size_of_USBCtrlTrfOutHandler              (abs)        000000
__size_of_USBCtrlTrfRxService               (abs)        000000
__size_of_USBCtrlTrfSetupHandler            (abs)        000000
[...]
      Params:         0       0       0       0       0       0       0       0       0
      Locals:         0       0       0       0       0       0       0       0       0
      Temps:          0       0       0       0       0       0       0       0       0
      Totals:         0       0       0       0       0       0       0       0       0
Total ram usage:        0 bytes
 Hardware stack levels used:    1
 Hardware stack levels required when called:    2
 This function calls:
		i2_USBEnableEndpoint
		i2_USBTransferOnePacket
 This function is called by:
		i2_USER_USB_CALLBACK_EVENT_HANDLER
 This function uses a non-reentrant model


 *************** function i2_USBTransferOnePacket *****************
 Defined at:
		line 995 in file "C:/Users/cpresser/_Daten/mplab_workspace/20_KarateLight/karate_xc8.X/src/usb/src/usb_device.c"
 Parameters:    Size  Location     Type
  ep              1    wreg     unsigned char 
  dir             1   17[COMRAM] unsigned char 
  data            2   18[COMRAM] PTR unsigned char 
		 -> cdc_data_tx(64), cdc_data_rx(64), NULL(0), 
  len             1   20[COMRAM] unsigned char 
 Auto vars:     Size  Location     Type
  ep              1   21[COMRAM] unsigned char 
  USBTransferO    2   22[COMRAM] PTR volatile struct __BD
		 -> NULL(0), BDT(48), 
 Return value:  Size  Location     Type
                  2   17[COMRAM] PTR void 
 Registers used:
		wreg, fsr2l, fsr2h, status,2, status,0, prodl, prodh
 Tracked objects:
		On entry : 
		On exit  : 
		Unchanged: 
 Data sizes:     COMRAM   BANK0   BANK1   BANK2   BANK3   BANK4   BANK5   BANK6   BANK7
      Params:         4       0       0       0       0       0       0       0       0
      Locals:         3       0       0       0       0       0       0       0       0
      Temps:          0       0       0       0       0       0       0       0       0
      Totals:         7       0       0       0       0       0       0       0       0
Total ram usage:        7 bytes
 Hardware stack levels used:    1
 This function calls:
		Nothing
 This function is called by:
		i2_CDCInitEP
 This function uses a non-reentrant model


 *************** function i2_USBEnableEndpoint *****************
 Defined at:
		line 878 in file "C:/Users/cpresser/_Daten/mplab_workspace/20_KarateLight/karate_xc8.X/src/usb/src/usb_device.c"
 Parameters:    Size  Location     Type
  ep              1    wreg     unsigned char 
  options         1   25[COMRAM] unsigned char 
 Auto vars:     Size  Location     Type
  ep              1   28[COMRAM] unsigned char 
  USBEnableEnd    2   26[COMRAM] PTR unsigned char 
		 -> UEP0(1), 
 Return value:  Size  Location     Type
		None               void
 Registers used:
		wreg, fsr2l, fsr2h, status,2, status,0, prodl, prodh, cstack
 Tracked objects:
		On entry : 
		On exit  : 
		Unchanged: 
 Data sizes:     COMRAM   BANK0   BANK1   BANK2   BANK3   BANK4   BANK5   BANK6   BANK7
      Params:         1       0       0       0       0       0       0       0       0
      Locals:         3       0       0       0       0       0       0       0       0
      Temps:          0       0       0       0       0       0       0       0       0
      Totals:         4       0       0       0       0       0       0       0       0
Total ram usage:        4 bytes
 Hardware stack levels used:    1
 Hardware stack levels required when called:    1
 This function calls:
		i2_USBConfigureEndpoint
 This function is called by:
		i2_CDCInitEP
 This function uses a non-reentrant model


 *************** function i2_USBConfigureEndpoint *****************
 Defined at:
		line 1543 in file "C:/Users/cpresser/_Daten/mplab_workspace/20_KarateLight/karate_xc8.X/src/usb/src/usb_device.c"
 Parameters:    Size  Location     Type
  EPNum           1    wreg     unsigned char 
  direction       1   17[COMRAM] unsigned char 
 Auto vars:     Size  Location     Type
  EPNum           1   22[COMRAM] unsigned char 
  USBConfigure    2   23[COMRAM] PTR volatile struct __BD
		 -> BDT(48), 
 Return value:  Size  Location     Type
		None               void
 Registers used:
		wreg, fsr2l, fsr2h, status,2, status,0, prodl, prodh
 Tracked objects:
		On entry : 
		On exit  : 
		Unchanged: 
 Data sizes:     COMRAM   BANK0   BANK1   BANK2   BANK3   BANK4   BANK5   BANK6   BANK7
      Params:         1       0       0       0       0       0       0       0       0
      Locals:         3       0       0       0       0       0       0       0       0
      Temps:          4       0       0       0       0       0       0       0       0
      Totals:         8       0       0       0       0       0       0       0       0
Total ram usage:        8 bytes
 Hardware stack levels used:    1
 This function calls:
		Nothing
 This function is called by:
		i2_USBEnableEndpoint
 This function uses a non-reentrant model


 *************** function i2_USBCtrlTrfOutHandler *****************
 Defined at:
		line 2541 in file "C:/Users/cpresser/_Daten/mplab_workspace/20_KarateLight/karate_xc8.X/src/usb/src/usb_device.c"
 Parameters:    Size  Location     Type
		None
 Auto vars:     Size  Location     Type
		None
 Return value:  Size  Location     Type
		None               void
 Registers used:
		wreg, fsr1l, fsr1h, fsr2l, fsr2h, status,2, status,0, prodl, prodh, cstack
 Tracked objects:
		On entry : 
		On exit  : 
		Unchanged: 
 Data sizes:     COMRAM   BANK0   BANK1   BANK2   BANK3   BANK4   BANK5   BANK6   BANK7
      Params:         0       0       0       0       0       0       0       0       0
      Locals:         0       0       0       0       0       0       0       0       0
      Temps:          0       0       0       0       0       0       0       0       0
      Totals:         0       0       0       0       0       0       0       0       0
Total ram usage:        0 bytes
 Hardware stack levels used:    1
 Hardware stack levels required when called:    2
 This function calls:
		i2_USBCtrlTrfRxService
 This function is called by:
		i2_USBCtrlEPService
 This function uses a non-reentrant model


 *************** function i2_USBCtrlTrfRxService *****************
 Defined at:
		line 1852 in file "C:/Users/cpresser/_Daten/mplab_workspace/20_KarateLight/karate_xc8.X/src/usb/src/usb_device.c"
 Parameters:    Size  Location     Type
		None
 Auto vars:     Size  Location     Type
  USBCtrlTrfRx    1   18[COMRAM] unsigned char 
  USBCtrlTrfRx    1   17[COMRAM] unsigned char 
 Return value:  Size  Location     Type
		None               void
 Registers used:
		wreg, fsr1l, fsr1h, fsr2l, fsr2h, status,2, status,0, prodl, prodh, cstack
 Tracked objects:
		On entry : 
		On exit  : 
		Unchanged: 
 Data sizes:     COMRAM   BANK0   BANK1   BANK2   BANK3   BANK4   BANK5   BANK6   BANK7
      Params:         0       0       0       0       0       0       0       0       0
      Locals:         2       0       0       0       0       0       0       0       0
      Temps:          0       0       0       0       0       0       0       0       0
      Totals:         2       0       0       0       0       0       0       0       0
Total ram usage:        2 bytes
 Hardware stack levels used:    1
 Hardware stack levels required when called:    1
 This function calls:
		i2_USBCtrlEPAllowStatusStage
 This function is called by:
		i2_USBCtrlTrfOutHandler
 This function uses a non-reentrant model


 *************** function i2_USBCtrlEPAllowStatusStage *****************
 Defined at:
		line 1416 in file "C:/Users/cpresser/_Daten/mplab_workspace/20_KarateLight/karate_xc8.X/src/usb/src/usb_device.c"
 Parameters:    Size  Location     Type
		None
 Auto vars:     Size  Location     Type
		None
 Return value:  Size  Location     Type
		None               void
 Registers used:
		wreg, fsr2l, fsr2h, status,2, status,0
 Tracked objects:
		On entry : 
		On exit  : 
		Unchanged: 
 Data sizes:     COMRAM   BANK0   BANK1   BANK2   BANK3   BANK4   BANK5   BANK6   BANK7
      Params:         0       0       0       0       0       0       0       0       0
      Locals:         0       0       0       0       0       0       0       0       0
      Temps:          0       0       0       0       0       0       0       0       0
      Totals:         0       0       0       0       0       0       0       0       0
Total ram usage:        0 bytes
 Hardware stack levels used:    1
 This function calls:
		Nothing
 This function is called by:
		i2_USBDeviceTasks
		i2_USBCtrlEPServiceComplete
		i2_USBCtrlTrfRxService
 This function uses a non-reentrant model


 *************** function i2_USBCtrlTrfInHandler *****************
 Defined at:
		line 2595 in file "C:/Users/cpresser/_Daten/mplab_workspace/20_KarateLight/karate_xc8.X/src/usb/src/usb_device.c"
 Parameters:    Size  Location     Type
		None
 Auto vars:     Size  Location     Type
  USBCtrlTrfIn    1   18[COMRAM] unsigned char 
 Return value:  Size  Location     Type
		None               void
 Registers used:
		wreg, fsr1l, fsr1h, fsr2l, fsr2h, status,2, status,0, tblptrl, tblptrh, tblptru, cstack
 Tracked objects:
		On entry : 
		On exit  : 
		Unchanged: 
 Data sizes:     COMRAM   BANK0   BANK1   BANK2   BANK3   BANK4   BANK5   BANK6   BANK7
      Params:         0       0       0       0       0       0       0       0       0
      Locals:         1       0       0       0       0       0       0       0       0
      Temps:          0       0       0       0       0       0       0       0       0
      Totals:         1       0       0       0       0       0       0       0       0
Total ram usage:        1 bytes
 Hardware stack levels used:    1
 Hardware stack levels required when called:    1
 This function calls:
		i2_USBCtrlTrfTxService
 This function is called by:
		i2_USBCtrlEPService
 This function uses a non-reentrant model


 *************** function i2_USBCtrlTrfTxService *****************
 Defined at:
		line 1771 in file "C:/Users/cpresser/_Daten/mplab_workspace/20_KarateLight/karate_xc8.X/src/usb/src/usb_device.c"
 Parameters:    Size  Location     Type
		None
 Auto vars:     Size  Location     Type
  USBCtrlTrfTx    1   17[COMRAM] unsigned char 
 Return value:  Size  Location     Type
		None               void
 Registers used:
		wreg, fsr1l, fsr1h, fsr2l, fsr2h, status,2, status,0, tblptrl, tblptrh, tblptru
 Tracked objects:
		On entry : 
		On exit  : 
		Unchanged: 
 Data sizes:     COMRAM   BANK0   BANK1   BANK2   BANK3   BANK4   BANK5   BANK6   BANK7
      Params:         0       0       0       0       0       0       0       0       0
      Locals:         1       0       0       0       0       0       0       0       0
      Temps:          0       0       0       0       0       0       0       0       0
      Totals:         1       0       0       0       0       0       0       0       0
Total ram usage:        1 bytes
 Hardware stack levels used:    1
 This function calls:
		Nothing
 This function is called by:
		i2_USBCtrlEPAllowDataStage
		i2_USBCtrlTrfInHandler
 This function uses a non-reentrant model



MODULE INFORMATION

Module		Function		Class		Link	Load	Size
C:\Program Files (x86)\Microchip\xc8\v1.34\sources\pic18\plib\SPI\spi1read.c
		_ReadSPI1      		CODE           	4A7A	0000	23

C:\Program Files (x86)\Microchip\xc8\v1.34\sources\pic18\plib\SPI\spi1read.c estimated size: 23

C:/Users/cpresser/_Daten/mplab_workspace/20_KarateLight/karate_xc8.X/src/usb/src/usb_device_cdc.c
		_CDCTxService  		CODE           	16F0	0000	463
		_CDCInitEP     		CODE           	40EE	0000	125
		_putUSBUSART   		CODE           	4998	0000	41
		_putrsUSBUSART 		CODE           	4382	0000	99
		_getsUSBUSART  		CODE           	2AA2	0000	245
		_USBCheckCDCReq		CODE           	2F4A	0000	223

C:/Users/cpresser/_Daten/mplab_workspace/20_KarateLight/karate_xc8.X/src/usb/src/usb_device_cdc.c estimated size: 1196

C:\Program Files (x86)\Microchip\xc8\v1.34\sources\pic18\plib\ADC\adcbusy.c
		_BusyADC       		CODE           	4ADC	0000	15

C:\Program Files (x86)\Microchip\xc8\v1.34\sources\pic18\plib\ADC\adcbusy.c estimated size: 15

C:\Program Files (x86)\Microchip\xc8\v1.34\sources\pic18\plib\EEP\read_B.c
		_Read_b_eep    		CODE           	4A90	0000	21

C:\Program Files (x86)\Microchip\xc8\v1.34\sources\pic18\plib\EEP\read_B.c estimated size: 21

C:/Users/cpresser/_Daten/mplab_workspace/20_KarateLight/karate_xc8.X/src/usb/src/usb_device.c
		_USBCtrlTrfInHa		CODE           	33A0	0000	215
		_USBTransferOne		CODE           	3028	0000	223
		_USBDeviceAttac		CODE           	474E	0000	59
		_USBStdGetDscHa		CODE           	1D04	0000	333
		_USBCtrlEPAllow		CODE           	3AE2	0000	173
		_USBStdFeatureR		CODE           	0C84	0000	747
		_USBCtrlEPAllow		CODE           	3106	0000	223
		_USBCtrlTrfSetu		CODE           	3D86	0000	163
		_USBCtrlTrfOutH		CODE           	4248	0000	107
		_USBCtrlEPServi		CODE           	2342	0000	289
		_USBSuspend    		CODE           	4830	0000	51
		_USBStdSetCfgHa		CODE           	2582	0000	281
		_USBStdGetStatu		CODE           	354A	0000	211
		_USBWakeFromSus		CODE           	4788	0000	59
		_USBCtrlTrfRxSe		CODE           	20D6	0000	319
		_USBCtrlTrfTxSe		CODE           	28A4	0000	259
		_USBEnableEndpo		CODE           	4560	0000	85
		_USBConfigureEn		CODE           	388E	0000	207
		_USBDeviceInit 		CODE           	1A3E	0000	357
		_USBCtrlEPServi		CODE           	2B96	0000	243
		_USBStallHandle		CODE           	4646	0000	69
		_USBDeviceTasks		CODE           	18BE	0000	385
		_USBCheckStdReq		CODE           	27A0	0000	261

C:/Users/cpresser/_Daten/mplab_workspace/20_KarateLight/karate_xc8.X/src/usb/src/usb_device.c estimated size: 5319

C:/Users/cpresser/_Daten/mplab_workspace/20_KarateLight/karate_xc8.X/src/gamma.c
		_gamma_lookup  		CODE           	4A0A	0000	35

C:/Users/cpresser/_Daten/mplab_workspace/20_KarateLight/karate_xc8.X/src/gamma.c estimated size: 35

C:\Program Files (x86)\Microchip\xc8\v1.34\sources\pic18\plib\EEP\busy_eep.c
		_Busy_eep      		CODE           	4AF4	0000	9

C:\Program Files (x86)\Microchip\xc8\v1.34\sources\pic18\plib\EEP\busy_eep.c estimated size: 9

C:\Program Files (x86)\Microchip\xc8\v1.34\sources\pic18\plib\ADC\adcread.c
		_ReadADC       		CODE           	4AA4	0000	21

C:\Program Files (x86)\Microchip\xc8\v1.34\sources\pic18\plib\ADC\adcread.c estimated size: 21

C:\Program Files (x86)\Microchip\xc8\v1.34\sources\pic18\plib\SPI\spi1writ.c
		_WriteSPI1     		CODE           	49E6	0000	37

C:\Program Files (x86)\Microchip\xc8\v1.34\sources\pic18\plib\SPI\spi1writ.c estimated size: 37

shared
		i2_tlc5947_latc		CODE           	491C	0000	43
		_configDescript		SMALLCONST     	0809	0000	68
		_USB_CD_Ptr    		SMALLCONST     	0807	0000	3
		_sd001         		SMALLCONST     	084C	0000	53
		i2_USBCtrlEPSer		CODE           	2E68	0000	227
		i2_USBCtrlEPSer		CODE           	2462	0000	289
		i2_USBCtrlTrfSe		CODE           	3E28	0000	155
		_sd002         		SMALLCONST     	0880	0000	53
		i2_USBCtrlEPAll		CODE           	32C2	0000	223
		i2_USBCtrlTrfOu		CODE           	42B2	0000	107
		i2_USBDeviceIni		CODE           	1E50	0000	327
		i2_USBWakeFromS		CODE           	4862	0000	51
		i2_USBConfigure		CODE           	3EC2	0000	151
		i2_USBStdSetCfg		CODE           	2D7A	0000	239
		i2_USBStdGetDsc		CODE           	1F96	0000	321
		__initializatio		CODE           	3C3A	0000	157
		i2_USBStallHand		CODE           	468A	0000	69
		_device_dsc    		SMALLCONST     	08B4	0000	19
		i2_tlc5947_upda		CODE           	4894	0000	49
		i2_Delay10TCYx 		CODE           	4AB8	0000	19
		i2_USBStdGetSta		CODE           	395C	0000	199
		i2_WriteSPI1   		CODE           	4A2C	0000	35
		i2_Delay100TCYx		CODE           	4ACA	0000	19
		i2_CDCInitEP   		CODE           	416A	0000	113
		i2_USER_USB_CAL		CODE           	4444	0000	97
		i2_USBStdFeatur		CODE           	1256	0000	667
		_USB_SD_Ptr    		SMALLCONST     	0801	0000	7
		i2_memset      		CODE           	48C4	0000	47
		i2_USBCheckCDCR		CODE           	31E4	0000	223
		_sd000         		SMALLCONST     	08C6	0000	5
		i2_USBEnableEnd		CODE           	470E	0000	65
		i2_USBDeviceTas		CODE           	1BA2	0000	355
		i2_USBCtrlTrfRx		CODE           	2214	0000	303
		i2_USBCtrlTrfTx		CODE           	2C88	0000	243
		i2_USBCheckStdR		CODE           	29A6	0000	253
		i2_USBTransferO		CODE           	3A22	0000	193
		i2_USBCtrlTrfIn		CODE           	37BE	0000	209
		i2_USBSuspend  		CODE           	4946	0000	43
		i2_USBCtrlEPAll		CODE           	3B8E	0000	173

shared estimated size: 5872

C:\Program Files (x86)\Microchip\xc8\v1.34\sources\common\memset.c
		_memset        		CODE           	47FA	0000	55

C:\Program Files (x86)\Microchip\xc8\v1.34\sources\common\memset.c estimated size: 55

C:\Program Files (x86)\Microchip\xc8\v1.34\sources\pic18\plib\ADC\adcconv.c
		_ConvertADC    		CODE           	4B00	0000	5

C:\Program Files (x86)\Microchip\xc8\v1.34\sources\pic18\plib\ADC\adcconv.c estimated size: 5

C:\Program Files (x86)\Microchip\xc8\v1.34\sources\pic18\plib\Timers\t3close.c
		_CloseTimer3   		CODE           	4AEA	0000	11

C:\Program Files (x86)\Microchip\xc8\v1.34\sources\pic18\plib\Timers\t3close.c estimated size: 11

C:\Program Files (x86)\Microchip\xc8\v1.34\sources\common\lwdiv.c
		___lwdiv       		CODE           	406C	0000	131

C:\Program Files (x86)\Microchip\xc8\v1.34\sources\common\lwdiv.c estimated size: 131

C:\Program Files (x86)\Microchip\xc8\v1.34\sources\pic18\plib\Timers\t3open.c
		_OpenTimer3    		CODE           	45B4	0000	75

C:\Program Files (x86)\Microchip\xc8\v1.34\sources\pic18\plib\Timers\t3open.c estimated size: 75

C:\Program Files (x86)\Microchip\xc8\v1.34\sources\common\awdiv.c
		___awdiv       		CODE           	36EE	0000	209

C:\Program Files (x86)\Microchip\xc8\v1.34\sources\common\awdiv.c estimated size: 209

C:\Program Files (x86)\Microchip\xc8\v1.34\sources\pic18\plib\SPI\spi1open.c
		_OpenSPI1      		CODE           	43E4	0000	97

C:\Program Files (x86)\Microchip\xc8\v1.34\sources\pic18\plib\SPI\spi1open.c estimated size: 97

C:\Program Files (x86)\Microchip\xc8\v1.34\sources\pic18\d100tcyx.c
		_Delay100TCYx  		CODE           	4A64	0000	23

C:\Program Files (x86)\Microchip\xc8\v1.34\sources\pic18\d100tcyx.c estimated size: 23

C:\Program Files (x86)\Microchip\xc8\v1.34\sources\pic18\d10tcyx.c
		_Delay10TCYx   		CODE           	4A4E	0000	23

C:\Program Files (x86)\Microchip\xc8\v1.34\sources\pic18\d10tcyx.c estimated size: 23

C:/Users/cpresser/_Daten/mplab_workspace/20_KarateLight/karate_xc8.X/src/karate.c
		_BlinkUSBStatus		CODE           	45FE	0000	73
		_HighPriorityIS		CODE           	0008	0000	159
		_main          		CODE           	49C0	0000	39
		_USER_USB_CALLB		CODE           	431C	0000	103
		_SwitchIsPresse		CODE           	4970	0000	41
		_InitializeSyst		CODE           	3476	0000	213
		_LowPriorityISR		CODE           	0018	0000	147
		_ProcessIO     		CODE           	269A	0000	263
		_readDeviceID  		CODE           	41DA	0000	111

C:/Users/cpresser/_Daten/mplab_workspace/20_KarateLight/karate_xc8.X/src/karate.c estimated size: 1149

C:/Users/cpresser/_Daten/mplab_workspace/20_KarateLight/karate_xc8.X/src/comm.c
		_comm_send_dat 		CODE           	3CE0	0000	167
		_comm_send_rply		CODE           	44A4	0000	95
		_ProcessCDC    		CODE           	08D2	0000	947

C:/Users/cpresser/_Daten/mplab_workspace/20_KarateLight/karate_xc8.X/src/comm.c estimated size: 1209

C:/Users/cpresser/_Daten/mplab_workspace/20_KarateLight/karate_xc8.X/src/tlc5947.c
		_tlc5947_count_		CODE           	3FE6	0000	135
		_tlc5947_latch 		CODE           	48F2	0000	43
		_tlc5947_update		CODE           	47C2	0000	57
		_tlc5947_setCha		CODE           	0F6E	0000	745
		_tlc5947_pwm_re		CODE           	361C	0000	211

C:/Users/cpresser/_Daten/mplab_workspace/20_KarateLight/karate_xc8.X/src/tlc5947.c estimated size: 1191

C:\Program Files (x86)\Microchip\xc8\v1.34\sources\pic18\plib\EEP\write_B.c
		_Write_b_eep   		CODE           	46CE	0000	65

C:\Program Files (x86)\Microchip\xc8\v1.34\sources\pic18\plib\EEP\write_B.c estimated size: 65

