Microchip MPLAB XC8 Compiler V1.34 ()

Linker command line:

--edf=C:\Program Files (x86)\Microchip\xc8\v1.34\dat\en_msgs.txt -cs \
  -h+dist/18F45k50/production\karate_xc8.X.production.sym \
  --cmf=dist/18F45k50/production\karate_xc8.X.production.cmf -z -Q18F45K50 \
  -oC:\Users\cpresser\AppData\Local\Temp\s5ac.6 \
  -Mdist/18F45k50/production/karate_xc8.X.production.map -E1 -ver=XC8 \
  -ASTACK=0280h-03ffh -pstack=STACK -ACODE=00h-07FFFh -ACONST=00h-07FFFh \
  -ASMALLCONST=0800h-08FFhx120 -AMEDIUMCONST=0800h-07FFFh -ACOMRAM=01h-05Fh \
  -AABS1=00h-07FFh -ABIGRAM=01h-07FFh -ARAM=060h-0FFh,0100h-01FFhx7 \
  -ABANK0=060h-0FFh -ABANK1=0100h-01FFh -ABANK2=0200h-02FFh \
  -ABANK3=0300h-03FFh -ABANK4=0400h-04FFh -ABANK5=0500h-05FFh \
  -ABANK6=0600h-06FFh -ABANK7=0700h-07FFh -ASFR=0F53h-0F5Fh,0F60h-0FFFh \
  -preset_vec=00h,intcode=08h,intcodelo=018h,powerup,init,end_init \
  -pramtop=0800h -psmallconst=SMALLCONST -pmediumconst=MEDIUMCONST \
  -pconst=CONST -AFARRAM=00h-00h -ACONFIG=0300000h-030000Dh -pconfig=CONFIG \
  -AIDLOC=0200000h-0200007h -pidloc=IDLOC -AEEDATA=0F00000h-0F000FFh \
  -peeprom_data=EEDATA \
  -prdata=COMRAM,nvrram=COMRAM,nvbit=COMRAM,rbss=COMRAM,rbit=COMRAM \
  -pfarbss=FARRAM,fardata=FARRAM,nvFARRAM=FARRAM \
  -pintsave_regs=BIGRAM,bigbss=BIGRAM,bigdata=BIGRAM -pbss=RAM \
  -pidata=CODE,irdata=CODE,ibigdata=CODE,ifardata=CODE -prparam=COMRAM \
  C:\Users\cpresser\AppData\Local\Temp\s5ac.obj \
  dist/18F45k50/production\karate_xc8.X.production.obj 

Object code version is 3.11

Machine type is 18F45K50

Call graph: (short form)




                Name                               Link     Load   Length Selector   Space Scale
C:\Users\cpresser\AppData\Local\Temp\s5ac.obj
                end_init                             AA       AA        4        C       0
                reset_vec                             0        0        4        0       0
                idloc                            200000   200000        8   200000       0
                config                           300000   300000        E   300000       0
dist/18F45k50/production\karate_xc8.X.production.obj
                eeprom_data                      F00000   F00000        8   F00000       0
                intcodelo                            18       18       92        C       0
                intcode                               8        8       10        4       0
                smallconst                          800      800       AE      400       0
                text66                             3342     3342       12     1926       0
                text65                             3330     3330       12     1926       0
                text64                             31F8     31F8       2A     1711       0
                text63                             326E     326E       22     1926       0
                text62                             3144     3144       30     1711       0
                intcode_body                       2A1C     2A1C       8E      457       0
                text59                             2ED6     2ED6       56     1711       0
                text58                             3114     3114       30     1711       0
                text57                             3174     3174       2E     1711       0
                text56                             15A4     15A4      170      457       0
                text55                             1BEE     1BEE      100      457       0
                text54                             2C9E     2C9E       64      457       0
                text53                             32CE     32CE       16     1926       0
                text52                             2986     2986       96      457       0
                text51                             324C     324C       22     1926       0
                text50                             30E4     30E4       30     1711       0
                text49                             2BBC     2BBC       76      457       0
                text48                             2E22     2E22       5C     1711       0
                text47                             331E     331E       12     1926       0
                text46                             330C     330C       12     1926       0
                text45                             31CE     31CE       2A     1711       0
                text44                             32B0     32B0       1E     1926       0
                text43                             140E     140E      196      457       0
                text42                             27A6     27A6       AE      457       0
                text41                             186A     186A      13E      457       0
                text40                             2F7E     2F7E       4C     1711       0
                text39                             3364     3364        E     1926       0
                text38                             3372     3372        8     1926       0
                text37                             337A     337A        4     1926       0
                text36                             3354     3354       10     1926       0
                text35                             32F8     32F8       14     1926       0
                text34                             30B4     30B4       30     1711       0
                text33                             209C     209C       DE      457       0
                text32                             2256     2256       D6      457       0
                text31                             232C     232C       C8      457       0
                text30                             1ACC     1ACC      122      457       0
                text29                             2D02     2D02       62      457       0
                text28                             28F0     28F0       96      457       0
                text27                             2FCA     2FCA       40     1711       0
                text26                             24B8     24B8       C0      457       0
                text25                             2C32     2C32       6C      457       0
                text24                             23F4     23F4       C4      457       0
                text23                             2D64     2D64       60      457       0
                text22                              D56      D56      296      457       0
                text21                             19A8     19A8      124      457       0
                text20                             26F0     26F0       B6      457       0
                text19                             1FBA     1FBA       E2      457       0
                text18                             1ED6     1ED6       E4      457       0
                text17                             2854     2854       9C      457       0
                text16                             1CEE     1CEE       FC      457       0
                text15                             2B34     2B34       88      457       0
                text14                             217A     217A       DC      457       0
                text13                             2E7E     2E7E       58     1711       0
                text12                             3080     3080       34     1711       0
                text11                             300A     300A       3C     1711       0
                text10                              FEC      FEC      222      457       0
                text9                              3046     3046       3A     1711       0
                text8                              1714     1714      156      457       0
                text7                              3290     3290       20     1926       0
                text6                              2AAA     2AAA       8A      457       0
                text5                              2F2C     2F2C       52     1711       0
                text4                              2634     2634       BC      457       0
                text3                               8AE      8AE      4A8      457       0
                text2                              31A2     31A2       2C     1711       0
                text1                              1DEA     1DEA       EC      457       0
                text0                              32E4     32E4       14     1926       0
                cstackCOMRAM                          1        1       3D        1       1
                cstackBANK0                          DE       DE       13       60       1
                dataBIGRAMl                         580      580      200      580       1
                bssBANK2                            200      200       80      200       1
                dataBANK1                           180      180       5D      100       1
                bssBANK1                            100      100       80      100       1
                dataBANK0                            B5       B5       29       60       1
                bssBANK0                             60       60       55       60       1
                dataCOMRAM                           5D       5D        3        1       1
                bssCOMRAM                            3E       3E       1F        1       1
                cinit                              2578     2578       BC      457       0
                nvBANK0                              F1       F1        2       60       1
                idataBANK1                         2DC4     2DC4       5D      457       0
                idataBANK0                         3222     3222       29     1711       0
                idataBIGRAMl                       120E     120E      200      457       0
                idataCOMRAM                        337E     337E        3     1926       0

TOTAL           Name                               Link     Load   Length     Space
        CLASS   STACK          

        CLASS   CODE           
                end_init                             AA       AA        4         0
                intcodelo                            18       18       92         0
                intcode                               8        8       10         0
                reset_vec                             0        0        4         0
                text66                             3342     3342       12         0
                text65                             3330     3330       12         0
                text64                             31F8     31F8       2A         0
                text63                             326E     326E       22         0
                text62                             3144     3144       30         0
                intcode_body                       2A1C     2A1C       8E         0
                text59                             2ED6     2ED6       56         0
                text58                             3114     3114       30         0
                text57                             3174     3174       2E         0
                text56                             15A4     15A4      170         0
                text55                             1BEE     1BEE      100         0
                text54                             2C9E     2C9E       64         0
                text53                             32CE     32CE       16         0
                text52                             2986     2986       96         0
                text51                             324C     324C       22         0
                text50                             30E4     30E4       30         0
                text49                             2BBC     2BBC       76         0
                text48                             2E22     2E22       5C         0
                text47                             331E     331E       12         0
                text46                             330C     330C       12         0
                text45                             31CE     31CE       2A         0
                text44                             32B0     32B0       1E         0
                text43                             140E     140E      196         0
                text42                             27A6     27A6       AE         0
                text41                             186A     186A      13E         0
                text40                             2F7E     2F7E       4C         0
                text39                             3364     3364        E         0
                text38                             3372     3372        8         0
                text37                             337A     337A        4         0
                text36                             3354     3354       10         0
                text35                             32F8     32F8       14         0
                text34                             30B4     30B4       30         0
                text33                             209C     209C       DE         0
                text32                             2256     2256       D6         0
                text31                             232C     232C       C8         0
                text30                             1ACC     1ACC      122         0
                text29                             2D02     2D02       62         0
                text28                             28F0     28F0       96         0
                text27                             2FCA     2FCA       40         0
                text26                             24B8     24B8       C0         0
                text25                             2C32     2C32       6C         0
                text24                             23F4     23F4       C4         0
                text23                             2D64     2D64       60         0
                text22                              D56      D56      296         0
                text21                             19A8     19A8      124         0
                text20                             26F0     26F0       B6         0
                text19                             1FBA     1FBA       E2         0
                text18                             1ED6     1ED6       E4         0
                text17                             2854     2854       9C         0
                text16                             1CEE     1CEE       FC         0
                text15                             2B34     2B34       88         0
                text14                             217A     217A       DC         0
                text13                             2E7E     2E7E       58         0
                text12                             3080     3080       34         0
                text11                             300A     300A       3C         0
                text10                              FEC      FEC      222         0
                text9                              3046     3046       3A         0
                text8                              1714     1714      156         0
                text7                              3290     3290       20         0
                text6                              2AAA     2AAA       8A         0
                text5                              2F2C     2F2C       52         0
                text4                              2634     2634       BC         0
                text3                               8AE      8AE      4A8         0
                text2                              31A2     31A2       2C         0
                text1                              1DEA     1DEA       EC         0
                text0                              32E4     32E4       14         0
                cinit                              2578     2578       BC         0
                idataBANK1                         2DC4     2DC4       5D         0
                idataBANK0                         3222     3222       29         0
                idataBIGRAMl                       120E     120E      200         0
                idataCOMRAM                        337E     337E        3         0

        CLASS   CONST          

        CLASS   SMALLCONST     
                smallconst                          800      800       AE         0

        CLASS   MEDIUMCONST    

        CLASS   COMRAM         
                cstackCOMRAM                          1        1       3D         1
                dataCOMRAM                           5D       5D        3         1
                bssCOMRAM                            3E       3E       1F         1

        CLASS   ABS1           
                abs_s1                              400      400       40         1
                abs_s1                              500      500       80         1

        CLASS   BIGRAM         
                dataBIGRAMl                         580      580      200         1

        CLASS   RAM            

        CLASS   BANK0          
                cstackBANK0                          DE       DE       13         1
                dataBANK0                            B5       B5       29         1
                bssBANK0                             60       60       55         1
                nvBANK0                              F1       F1        2         1

        CLASS   BANK1          
                dataBANK1                           180      180       5D         1
                bssBANK1                            100      100       80         1

        CLASS   BANK2          
                bssBANK2                            200      200       80         1

        CLASS   BANK3          

        CLASS   BANK4          

        CLASS   BANK5          

        CLASS   BANK6          

        CLASS   BANK7          

        CLASS   SFR            

        CLASS   FARRAM         

        CLASS   CONFIG         
                config                           300000   300000        E         0

        CLASS   IDLOC          
                idloc                            200000   200000        8         0

        CLASS   EEDATA         
                eeprom_data                      F00000   F00000        8         0



SEGMENTS        Name                           Load    Length   Top    Selector   Space  Class

                reset_vec                      000000  000004  000004         0       0  CODE    
                cstackCOMRAM                   000001  00005F  000060         1       1  COMRAM  
                intcode                        000008  000010  000018         4       0  CODE    
                intcodelo                      000018  000096  0000AE         C       0  CODE    
                bssBANK0                       000060  000093  0000F3        60       1  BANK0   
                bssBANK1                       000100  0000DD  0001DD       100       1  BANK1   
                bssBANK2                       000200  000080  000280       200       1  BANK2   
                dataBIGRAMl                    000580  000200  000780       580       1  BIGRAM  
                smallconst                     000800  0000AE  0008AE       400       0  SMALLCON
                text3                          0008AE  002573  002E21       457       0  CODE    
                text48                         002E22  000429  00324B      1711       0  CODE    
                text51                         00324C  000135  003381      1926       0  CODE    
                idloc                          200000  000008  200008    200000       0  IDLOC   
                config                         300000  00000E  30000E    300000       0  CONFIG  
                eeprom_data                    F00000  000008  F00008    F00000       0  EEDATA  


UNUSED ADDRESS RANGES

        Name                Unused          Largest block    Delta
        BANK0            0000F3-0000FF                D
        BANK1            0001DD-0001FF               23
        BANK2            000280-0002FF               80
        BANK3            000300-0003FF              100
        BANK4            000440-0004FF               C0
        BANK7            000780-0007FF               80
        BIGRAM           0000F3-0000FF                D
                         0001DD-0001FF               23
                         000280-0003FF              180
                         000440-0004FF               C0
                         000780-0007FF               80
        CODE             000004-000007                4
                         0000AE-0007FF              752
                         002E21-002E21                1
                         00324B-00324B                1
                         003381-007FFF             4C7F
        CONST            000004-000007                4
                         0000AE-0007FF              752
                         002E21-002E21                1
                         00324B-00324B                1
                         003381-007FFF             4C7F
        EEDATA           F00008-F000FF               F8
        MEDIUMCONST      002E21-002E21                1
                         00324B-00324B                1
                         003381-007FFF             4C7F
        RAM              0000F3-0000FF                D
                         0001DD-0001FF               23
                         000280-0003FF               80
                         000440-0004FF               C0
                         000780-0007FF               80
        SFR              000F53-000FFF                D
        SMALLCONST       002E21-002E21                1
                         00324B-00324B                1
                         003381-007FFF              100
        STACK            000280-0003FF              180

                                  Symbol Table

?_ReadADC                                 cstackCOMRAM 000023
?_USBTransferOnePacket                    cstackCOMRAM 000023
?___awdiv                                 cstackCOMRAM 000023
?___lwdiv                                 cstackCOMRAM 000023
?_gamma_lookup                            cstackCOMRAM 000023
CDCTxService@byte_to_send                 cstackCOMRAM 00002E
CDCTxService@i                            cstackCOMRAM 00002D
Delay100TCYx@unit                         cstackCOMRAM 000023
Delay10TCYx@unit                          cstackCOMRAM 000023
OpenSPI1@bus_mode                         cstackCOMRAM 000023
OpenSPI1@smp_phase                        cstackCOMRAM 000024
OpenSPI1@sync_mode                        cstackCOMRAM 000025
ProcessCDC@_c                             cstackBANK0  0000E6
ProcessCDC@_x                             cstackBANK0  0000EE
ProcessCDC@_y                             cstackBANK0  0000E8
ProcessCDC@boot_request0                  cstackBANK0  0000EB
ProcessCDC@boot_request1                  cstackBANK0  0000EC
ProcessCDC@checksum                       cstackBANK0  0000E7
ProcessCDC@cmd                            cstackBANK0  0000EA
ProcessCDC@csum                           cstackBANK0  0000E5
ProcessCDC@len                            cstackBANK0  0000EF
ProcessCDC@numBytes                       cstackBANK0  0000ED
ProcessIO@x                               cstackBANK0  0000F0
ReadSPI1@TempVar                          cstackCOMRAM 000023
Read_b_eep@badd                           cstackCOMRAM 000023
USBConfigureEndpoint@EPNum                cstackCOMRAM 000028
USBConfigureEndpoint@direction            cstackCOMRAM 000023
USBConfigureEndpoint@handle               cstackCOMRAM 000029
USBCtrlEPService@setup_cnt                cstackCOMRAM 00003D
USBCtrlTrfInHandler@lastDTS               cstackCOMRAM 000024
USBCtrlTrfRxService@byteToRead            cstackCOMRAM 000024
USBCtrlTrfRxService@i                     cstackCOMRAM 000023
USBCtrlTrfTxService@byteToSend            cstackCOMRAM 000023
USBDeviceInit@i                           cstackCOMRAM 00002B
USBDeviceTasks@i                          cstackBANK0  0000E0
USBEnableEndpoint@ep                      cstackCOMRAM 00002E
USBEnableEndpoint@options                 cstackCOMRAM 00002B
USBEnableEndpoint@p                       cstackCOMRAM 00002C
USBStdFeatureReqHandler@current_ep_data   cstackCOMRAM 00003A
USBStdFeatureReqHandler@p                 cstackCOMRAM 00003B
USBStdFeatureReqHandler@pUEP              cstackCOMRAM 000038
USBStdGetStatusHandler@p                  cstackCOMRAM 000024
USBStdSetCfgHandler@i                     cstackCOMRAM 000037
USBTransferOnePacket@data                 cstackCOMRAM 000024
USBTransferOnePacket@dir                  cstackCOMRAM 000023
USBTransferOnePacket@ep                   cstackCOMRAM 000027
USBTransferOnePacket@handle               cstackCOMRAM 000028
USBTransferOnePacket@len                  cstackCOMRAM 000026
USER_USB_CALLBACK_EVENT_HANDLER@event     cstackCOMRAM 00002F
USER_USB_CALLBACK_EVENT_HANDLER@pdata     cstackCOMRAM 000031
USER_USB_CALLBACK_EVENT_HANDLER@size      cstackCOMRAM 000033
WriteSPI1@TempVar                         cstackCOMRAM 000023
WriteSPI1@data_out                        cstackCOMRAM 000024
Write_b_eep@GIE_BIT_VAL                   cstackCOMRAM 000026
Write_b_eep@badd                          cstackCOMRAM 000023
Write_b_eep@bdat                          cstackCOMRAM 000025
_ACTCON_R                                 dataBANK0    0000B5
_ADCON0                                   (abs)        000FC2
_ADCON0bits                               (abs)        000FC2
_ADCON1                                   (abs)        000FC1
_ADCON2                                   (abs)        000FC0
_ADRESH                                   (abs)        000FC4
_ADRESL                                   (abs)        000FC3
_ANSELA_R                                 dataBANK0    0000B7
_ANSELC_R                                 dataBANK0    0000B9
_BDT                                      (abs)        000400
_BaudRateGen                              bssBANK0     000078
_BlinkUSBStatus                           text40       002F7E
_BothEP0OutUOWNsSet                       bssBANK0     000094
_BusyADC                                  text39       003364
_Busy_eep                                 text38       003372
_CDCBufferIn                              bssBANK1     000100
_CDCBufferOut                             bssBANK1     000140
_CDCDataInHandle                          bssBANK0     000088
_CDCDataOutHandle                         bssCOMRAM    000044
_CDCInitEP                                text25       002C32
_CDCTxService                             text8        001714
_CDCTxService$1695                        cstackCOMRAM 00002B
_ConvertADC                               text37       00337A
_CtrlTrfData                              (abs)        000438
_DDRA                                     (abs)        000F92
_DDRAbits                                 (abs)        000F92
_DDRB                                     (abs)        000F93
_DDRBbits                                 (abs)        000F93
_DDRC                                     (abs)        000F94
_DDRD                                     (abs)        000F95
_DDRE                                     (abs)        000F96
_Delay100TCYx                             text47       00331E
_Delay10TCYx                              text46       00330C
_EEADR                                    (abs)        000FA9
_EECON1bits                               (abs)        000FA6
_EECON2                                   (abs)        000FA7
_EEDATA                                   (abs)        000FA8
_HighPriorityISRCode                      intcode      000008
_INTCONbits                               (abs)        000FF2
_IOCB_R                                   dataBANK0    0000BB
_IPR1bits                                 (abs)        000F9F
_IPR2bits                                 (abs)        000FA2
_InitializeSystem                         text41       00186A
_LATBbits                                 (abs)        000F8A
_LATC                                     (abs)        000F8B
_LATCbits                                 (abs)        000F8B
_LowPriorityISRCode                       intcodelo    000018
_OSCCON                                   (abs)        000FD3
_OSCCON2_R                                dataBANK0    0000BD
_OSCTUNE                                  (abs)        000F9B
_OpenSPI1                                 text59       002ED6
_PIE1bits                                 (abs)        000F9D
_PIE2                                     (abs)        000FA0
_PIE2_R                                   dataBANK0    0000BF
_PIE3_R                                   dataBANK0    0000C1
_PIR1bits                                 (abs)        000F9E
_PIR2_R                                   dataBANK0    0000C3
_PIR2bits                                 (abs)        000FA1
_PIR3_R                                   dataBANK0    0000C5
_PORTAbits                                (abs)        000F80
_PORTBbits                                (abs)        000F81
_PORTCbits                                (abs)        000F82
_PR2                                      (abs)        000FBB
_ProcessCDC                               text3        0008AE
_ProcessIO                                text1        001DEA
_RCONbits                                 (abs)        000FD0
_ReadADC                                  text36       003354
_ReadSPI1                                 text53       0032CE
_Read_b_eep                               text35       0032F8
_RemoteWakeup                             bssBANK0     000095
_SSP1BUF                                  (abs)        000FC9
_SSP1CON1                                 (abs)        000FC6
_SSP1CON1bits                             (abs)        000FC6
_SSP1STAT                                 (abs)        000FC7
_SSP1STATbits                             (abs)        000FC7
_SSPCON1                                  (abs)        000FC6
_SSPSTAT                                  (abs)        000FC7
_SetupPkt                                 (abs)        000430
_SwitchIsPressed                          text2        0031A2
_T2CON                                    (abs)        000FBA
_T3CON                                    (abs)        000FB1
_T3GCON_R                                 dataBANK0    0000C7
_TABLAT                                   (abs)        000FF5
_TBLPTRH                                  (abs)        000FF7
_TBLPTRL                                  (abs)        000FF6
_TBLPTRU                                  (abs)        000FF8
_TMR3H                                    (abs)        000FB3
_TMR3L                                    (abs)        000FB2
_TRISAbits                                (abs)        000F92
_TRISBbits                                (abs)        000F93
_TRISC                                    (abs)        000F94
_TRISCbits                                (abs)        000F94
_U1ADDR_R                                 dataBANK0    0000C9
_U1CNFG1_R                                dataBANK0    0000CB
_U1CON_R                                  dataBANK0    0000CD
_U1EIE_R                                  dataBANK0    0000CF
_U1EIR_R                                  dataBANK0    0000D1
_U1EP0_R                                  dataCOMRAM   00005D
_U1EP1_R                                  dataBANK0    0000D3
_U1IE_R                                   dataBANK0    0000D5
_U1IR_R                                   dataBANK0    0000D7
_U1STAT_R                                 dataBANK0    0000D9
_UADDR                                    (abs)        000F63
_UCFG                                     (abs)        000F62
_UCON                                     (abs)        000F60
_UCONbits                                 (abs)        000F60
_UEIE                                     (abs)        000F66
_UEIR                                     (abs)        000F67
_UEP0                                     (abs)        000F6A
_UEP1                                     (abs)        000F6B
_UIE                                      (abs)        000F64
_UIEbits                                  (abs)        000F64
_UIR                                      (abs)        000F65
_UIRbits                                  (abs)        000F65
_USBActiveConfiguration                   bssCOMRAM    00005C
_USBAlternateInterface                    bssBANK0     0000B2
_USBBusIsSuspended                        bssBANK0     000096
_USBCheckCDCRequest                       text24       0023F4
_USBCheckStdRequest                       text18       001ED6
_USBClearUSBInterrupt                     text34       0030B4
_USBConfigureEndpoint                     text28       0028F0
_USBCtrlEPAllowDataStage                  text17       002854
_USBCtrlEPAllowStatusStage                text31       00232C
_USBCtrlEPService                         text14       00217A
_USBCtrlEPServiceComplete                 text16       001CEE
_USBCtrlTrfInHandler                      text32       002256
_USBCtrlTrfOutHandler                     text29       002D02
_USBCtrlTrfRxService                      text30       001ACC
_USBCtrlTrfSetupHandler                   text15       002B34
_USBCtrlTrfTxService                      text33       00209C
_USBDeferINDataStagePackets               bssCOMRAM    00004C
_USBDeferOUTDataStagePackets              bssCOMRAM    00004D
_USBDeferStatusStagePacket                bssCOMRAM    00004E
_USBDeviceInit                            text56       0015A4
_USBDeviceState                           bssBANK0     000097
_USBDeviceTasks                           text10       000FEC
_USBDisableInterrupts                     text58       003114
_USBEnableEndpoint                        text27       002FCA
_USBRegisterFix                           text55       001BEE
_USBStallHandler                          text13       002E7E
_USBStatusStageEnabledFlag1               bssCOMRAM    00004F
_USBStatusStageEnabledFlag2               bssCOMRAM    000050
_USBStatusStageTimeoutCounter             bssBANK0     000098
_USBStdFeatureReqHandler                  text22       000D56
_USBStdGetDscHandler                      text21       0019A8
_USBStdGetStatusHandler                   text20       0026F0
_USBStdSetCfgHandler                      text19       001FBA
_USBSuspend                               text12       003080
_USBTransferOnePacket                     text26       0024B8
_USBWakeFromSuspend                       text11       00300A
_USB_CD_Ptr                               smallconst   000809
_USB_In_Buffer                            bssBANK2     000200
_USB_Out_Buffer                           bssBANK2     000240
_USB_SD_Ptr                               smallconst   000801
_USER_USB_CALLBACK_EVENT_HANDLER          text23       002D64
_USTAT                                    (abs)        000F61
_USTATcopy                                bssBANK0     0000B4
_WriteSPI1                                text51       00324C
_Write_b_eep                              text9        003046
__CFG_BOREN$SBORDIS                       (abs)        000000
__CFG_BORV$190                            (abs)        000000
__CFG_CCP2MX$RC1                          (abs)        000000
__CFG_CFGPLLEN$OFF                        (abs)        000000
__CFG_CP0$OFF                             (abs)        000000
__CFG_CP1$OFF                             (abs)        000000
__CFG_CP2$OFF                             (abs)        000000
__CFG_CP3$OFF                             (abs)        000000
__CFG_CPB$OFF                             (abs)        000000
__CFG_CPD$OFF                             (abs)        000000
__CFG_CPUDIV$NOCLKDIV                     (abs)        000000
__CFG_EBTR0$OFF                           (abs)        000000
__CFG_EBTR1$OFF                           (abs)        000000
__CFG_EBTR2$OFF                           (abs)        000000
__CFG_EBTR3$OFF                           (abs)        000000
__CFG_EBTRB$OFF                           (abs)        000000
__CFG_FCMEN$OFF                           (abs)        000000
__CFG_FOSC$INTOSCIO                       (abs)        000000
__CFG_ICPRT$ON                            (abs)        000000
__CFG_IESO$OFF                            (abs)        000000
__CFG_LS48MHZ$SYS48X8                     (abs)        000000
__CFG_LVP$OFF                             (abs)        000000
__CFG_MCLRE$ON                            (abs)        000000
__CFG_PBADEN$OFF                          (abs)        000000
__CFG_PCLKEN$OFF                          (abs)        000000
__CFG_PLLSEL$PLL3X                        (abs)        000000
__CFG_SDOMX$RC7                           (abs)        000000
__CFG_STVREN$ON                           (abs)        000000
__CFG_T3CMX$RB5                           (abs)        000000
__CFG_WDTEN$OFF                           (abs)        000000
__CFG_WDTPS$32768                         (abs)        000000
__CFG_WRT0$OFF                            (abs)        000000
__CFG_WRT1$OFF                            (abs)        000000
__CFG_WRT2$OFF                            (abs)        000000
__CFG_WRT3$OFF                            (abs)        000000
__CFG_WRTB$OFF                            (abs)        000000
__CFG_WRTC$OFF                            (abs)        000000
__CFG_WRTD$OFF                            (abs)        000000
__CFG_XINST$OFF                           (abs)        000000
__CFG_nLPBOR$ON                           (abs)        000000
__CFG_nPWRTEN$OFF                         (abs)        000000
__HRAM                                    (abs)        000000
__Habs1                                   abs1         000000
__Hbank0                                  bank0        000000
__Hbank1                                  bank1        000000
__Hbank2                                  bank2        000000
__Hbank3                                  bank3        000000
__Hbank4                                  bank4        000000
__Hbank5                                  bank5        000000
__Hbank6                                  bank6        000000
__Hbank7                                  bank7        000000
__Hbigbss                                 bigbss       000000
__Hbigdata                                bigdata      000000
__Hbigram                                 bigram       000000
__Hbss                                    bss          000000
__HbssBANK0                               bssBANK0     000000
__HbssBANK1                               bssBANK1     000000
__HbssBANK2                               bssBANK2     000000
__HbssCOMRAM                              bssCOMRAM    000000
__Hcinit                                  cinit        000000
__Hclrtext                                clrtext      000000
__Hcomram                                 comram       000000
__Hconfig                                 config       30000E
__Hconst                                  const        000000
__HcstackBANK0                            cstackBANK0  000000
__HcstackCOMRAM                           cstackCOMRAM 000000
__Hdata                                   data         000000
__HdataBANK0                              dataBANK0    000000
__HdataBANK1                              dataBANK1    000000
__HdataBIGRAMl                            dataBIGRAMl  000000
__HdataCOMRAM                             dataCOMRAM   000000
__Heeprom_data                            eeprom_data  F00008
__Hend_init                               end_init     0000AE
__Hfarbss                                 farbss       000000
__Hfardata                                fardata      000000
__Hibigdata                               ibigdata     000000
__Hidata                                  idata        000000
__HidataBANK0                             idataBANK0   000000
__HidataBANK1                             idataBANK1   000000
__HidataBIGRAMl                           idataBIGRAMl 000000
__HidataCOMRAM                            idataCOMRAM  000000
__Hidloc                                  idloc        200008
__Hifardata                               ifardata     000000
__Hinit                                   init         0000AA
__Hintcode                                intcode      000018
__Hintcode_body                           intcode_body 000000
__Hintcodelo                              intcodelo    0000AA
__Hintentry                               intentry     000000
__Hintret                                 intret       000000
__Hintsave_regs                           intsave_regs 000000
__Hirdata                                 irdata       000000
__Hmediumconst                            mediumconst  000000
__HnvBANK0                                nvBANK0      000000
__HnvFARRAM                               nvFARRAM     000000
__Hnvbit                                  nvbit        000000
__Hnvrram                                 nvrram       000000
__Hparam                                  rparam       000000
__Hpowerup                                powerup      0000AA
__Hram                                    ram          000000
__Hramtop                                 ramtop       000800
__Hrbit                                   rbit         000000
__Hrbss                                   rbss         000000
__Hrdata                                  rdata        000000
__Hreset_vec                              reset_vec    000004
__Hrparam                                 rparam       000000
__Hsfr                                    sfr          000000
__Hsmallconst                             smallconst   0008AE
__Hspace_0                                (abs)        F00008
__Hspace_1                                (abs)        000780
__Hspace_2                                (abs)        000000
__Hstack                                  stack        000000
__Hstruct                                 struct       000000
__Htemp                                   temp         000000
__Htext                                   text         000000
__Htext0                                  text0        000000
__Htext1                                  text1        000000
__Htext10                                 text10       000000
__Htext11                                 text11       000000
__Htext12                                 text12       000000
__Htext13                                 text13       000000
__Htext14                                 text14       000000
__Htext15                                 text15       000000
__Htext16                                 text16       000000
__Htext17                                 text17       000000
__Htext18                                 text18       000000
__Htext19                                 text19       000000
__Htext2                                  text2        000000
__Htext20                                 text20       000000
__Htext21                                 text21       000000
__Htext22                                 text22       000000
__Htext23                                 text23       000000
__Htext24                                 text24       000000
__Htext25                                 text25       000000
__Htext26                                 text26       000000
__Htext27                                 text27       000000
__Htext28                                 text28       000000
__Htext29                                 text29       000000
__Htext3                                  text3        000000
__Htext30                                 text30       000000
__Htext31                                 text31       000000
__Htext32                                 text32       000000
__Htext33                                 text33       000000
__Htext34                                 text34       000000
__Htext35                                 text35       000000
__Htext36                                 text36       000000
__Htext37                                 text37       000000
__Htext38                                 text38       000000
__Htext39                                 text39       000000
__Htext4                                  text4        000000
__Htext40                                 text40       000000
__Htext41                                 text41       000000
__Htext42                                 text42       000000
__Htext43                                 text43       000000
__Htext44                                 text44       000000
__Htext45                                 text45       000000
__Htext46                                 text46       000000
__Htext47                                 text47       000000
__Htext48                                 text48       000000
__Htext49                                 text49       000000
__Htext5                                  text5        000000
__Htext50                                 text50       000000
__Htext51                                 text51       000000
__Htext52                                 text52       000000
__Htext53                                 text53       000000
__Htext54                                 text54       000000
__Htext55                                 text55       000000
__Htext56                                 text56       000000
__Htext57                                 text57       000000
__Htext58                                 text58       000000
__Htext59                                 text59       000000
__Htext6                                  text6        000000
__Htext62                                 text62       000000
__Htext63                                 text63       000000
__Htext64                                 text64       000000
__Htext65                                 text65       000000
__Htext66                                 text66       000000
__Htext7                                  text7        000000
__Htext8                                  text8        000000
__Htext9                                  text9        000000
__LRAM                                    (abs)        000001
__Labs1                                   abs1         000000
__Lbank0                                  bank0        000000
__Lbank1                                  bank1        000000
__Lbank2                                  bank2        000000
__Lbank3                                  bank3        000000
__Lbank4                                  bank4        000000
__Lbank5                                  bank5        000000
__Lbank6                                  bank6        000000
__Lbank7                                  bank7        000000
__Lbigbss                                 bigbss       000000
__Lbigdata                                bigdata      000000
__Lbigram                                 bigram       000000
__Lbss                                    bss          000000
__LbssBANK0                               bssBANK0     000000
__LbssBANK1                               bssBANK1     000000
__LbssBANK2                               bssBANK2     000000
__LbssCOMRAM                              bssCOMRAM    000000
__Lcinit                                  cinit        000000
__Lclrtext                                clrtext      000000
__Lcomram                                 comram       000000
__Lconfig                                 config       300000
__Lconst                                  const        000000
__LcstackBANK0                            cstackBANK0  000000
__LcstackCOMRAM                           cstackCOMRAM 000000
__Ldata                                   data         000000
__LdataBANK0                              dataBANK0    000000
__LdataBANK1                              dataBANK1    000000
__LdataBIGRAMl                            dataBIGRAMl  000000
__LdataCOMRAM                             dataCOMRAM   000000
__Leeprom_data                            eeprom_data  F00000
__Lend_init                               end_init     0000AA
__Lfarbss                                 farbss       000000
__Lfardata                                fardata      000000
__Libigdata                               ibigdata     000000
__Lidata                                  idata        000000
__LidataBANK0                             idataBANK0   000000
__LidataBANK1                             idataBANK1   000000
__LidataBIGRAMl                           idataBIGRAMl 000000
__LidataCOMRAM                            idataCOMRAM  000000
__Lidloc                                  idloc        200000
__Lifardata                               ifardata     000000
__Linit                                   init         0000AA
__Lintcode                                intcode      000008
__Lintcode_body                           intcode_body 000000
__Lintcodelo                              intcodelo    000018
__Lintentry                               intentry     000000
__Lintret                                 intret       000000
__Lintsave_regs                           intsave_regs 000000
__Lirdata                                 irdata       000000
__Lmediumconst                            mediumconst  000000
__LnvBANK0                                nvBANK0      000000
__LnvFARRAM                               nvFARRAM     000000
__Lnvbit                                  nvbit        000000
__Lnvrram                                 nvrram       000000
__Lparam                                  rparam       000000
__Lpowerup                                powerup      0000AA
__Lram                                    ram          000000
__Lramtop                                 ramtop       000800
__Lrbit                                   rbit         000000
__Lrbss                                   rbss         000000
__Lrdata                                  rdata        000000
__Lreset_vec                              reset_vec    000000
__Lrparam                                 rparam       000000
__Lsfr                                    sfr          000000
__Lsmallconst                             smallconst   000800
__Lspace_0                                (abs)        000000
__Lspace_1                                (abs)        000000
__Lspace_2                                (abs)        000000
__Lstack                                  stack        000000
__Lstruct                                 struct       000000
__Ltemp                                   temp         000000
__Ltext                                   text         000000
__Ltext0                                  text0        000000
__Ltext1                                  text1        000000
__Ltext10                                 text10       000000
__Ltext11                                 text11       000000
__Ltext12                                 text12       000000
__Ltext13                                 text13       000000
__Ltext14                                 text14       000000
__Ltext15                                 text15       000000
__Ltext16                                 text16       000000
__Ltext17                                 text17       000000
__Ltext18                                 text18       000000
__Ltext19                                 text19       000000
__Ltext2                                  text2        000000
__Ltext20                                 text20       000000
__Ltext21                                 text21       000000
__Ltext22                                 text22       000000
__Ltext23                                 text23       000000
__Ltext24                                 text24       000000
__Ltext25                                 text25       000000
__Ltext26                                 text26       000000
__Ltext27                                 text27       000000
__Ltext28                                 text28       000000
__Ltext29                                 text29       000000
__Ltext3                                  text3        000000
__Ltext30                                 text30       000000
__Ltext31                                 text31       000000
__Ltext32                                 text32       000000
__Ltext33                                 text33       000000
__Ltext34                                 text34       000000
__Ltext35                                 text35       000000
__Ltext36                                 text36       000000
__Ltext37                                 text37       000000
__Ltext38                                 text38       000000
__Ltext39                                 text39       000000
__Ltext4                                  text4        000000
__Ltext40                                 text40       000000
__Ltext41                                 text41       000000
__Ltext42                                 text42       000000
__Ltext43                                 text43       000000
__Ltext44                                 text44       000000
__Ltext45                                 text45       000000
__Ltext46                                 text46       000000
__Ltext47                                 text47       000000
__Ltext48                                 text48       000000
__Ltext49                                 text49       000000
__Ltext5                                  text5        000000
__Ltext50                                 text50       000000
__Ltext51                                 text51       000000
__Ltext52                                 text52       000000
__Ltext53                                 text53       000000
__Ltext54                                 text54       000000
__Ltext55                                 text55       000000
__Ltext56                                 text56       000000
__Ltext57                                 text57       000000
__Ltext58                                 text58       000000
__Ltext59                                 text59       000000
__Ltext6                                  text6        000000
__Ltext62                                 text62       000000
__Ltext63                                 text63       000000
__Ltext64                                 text64       000000
__Ltext65                                 text65       000000
__Ltext66                                 text66       000000
__Ltext7                                  text7        000000
__Ltext8                                  text8        000000
__Ltext9                                  text9        000000
__S0                                      (abs)        F00008
__S1                                      (abs)        000780
__S2                                      (abs)        000000
___awdiv                                  text52       002986
___awdiv@counter                          cstackCOMRAM 000027
___awdiv@dividend                         cstackCOMRAM 000023
___awdiv@divisor                          cstackCOMRAM 000025
___awdiv@quotient                         cstackCOMRAM 000029
___awdiv@sign                             cstackCOMRAM 000028
___inthi_sp                               stack        000000
___intlo_sp                               stack        000000
___lwdiv                                  text48       002E22
___lwdiv@counter                          cstackCOMRAM 000029
___lwdiv@dividend                         cstackCOMRAM 000023
___lwdiv@divisor                          cstackCOMRAM 000025
___lwdiv@quotient                         cstackCOMRAM 000027
___param_bank                             (abs)        000010
___rparam_used                            (abs)        000001
___sp                                     stack        000000
__accesstop                               (abs)        000060
__activetblptr                            (abs)        000002
__end_of_BlinkUSBStatus                   text40       002FCA
__end_of_BusyADC                          text39       003372
__end_of_Busy_eep                         text38       00337A
__end_of_CDCInitEP                        text25       002C9E
__end_of_CDCTxService                     text8        00186A
__end_of_ConvertADC                       text37       00337E
__end_of_Delay100TCYx                     text47       003330
__end_of_Delay10TCYx                      text46       00331E
__end_of_HighPriorityISRCode              intcode_body 002AAA
__end_of_InitializeSystem                 text41       0019A8
__end_of_LowPriorityISRCode               intcodelo    0000AA
__end_of_OpenSPI1                         text59       002F2C
__end_of_ProcessCDC                       text3        000D56
__end_of_ProcessIO                        text1        001ED6
__end_of_ReadADC                          text36       003364
__end_of_ReadSPI1                         text53       0032E4
__end_of_Read_b_eep                       text35       00330C
__end_of_SwitchIsPressed                  text2        0031CE
__end_of_USBCheckCDCRequest               text24       0024B8
__end_of_USBCheckStdRequest               text18       001FBA
__end_of_USBClearUSBInterrupt             text34       0030E4
__end_of_USBConfigureEndpoint             text28       002986
__end_of_USBCtrlEPAllowDataStage          text17       0028F0
__end_of_USBCtrlEPAllowStatusStage        text31       0023F4
__end_of_USBCtrlEPService                 text14       002256
__end_of_USBCtrlEPServiceComplete         text16       001DEA
__end_of_USBCtrlTrfInHandler              text32       00232C
__end_of_USBCtrlTrfOutHandler             text29       002D64
__end_of_USBCtrlTrfRxService              text30       001BEE
__end_of_USBCtrlTrfSetupHandler           text15       002BBC
__end_of_USBCtrlTrfTxService              text33       00217A
__end_of_USBDeviceInit                    text56       001714
__end_of_USBDeviceTasks                   text10       00120E
__end_of_USBDisableInterrupts             text58       003144
__end_of_USBEnableEndpoint                text27       00300A
__end_of_USBRegisterFix                   text55       001CEE
__end_of_USBStallHandler                  text13       002ED6
__end_of_USBStdFeatureReqHandler          text22       000FEC
__end_of_USBStdGetDscHandler              text21       001ACC
__end_of_USBStdGetStatusHandler           text20       0027A6
__end_of_USBStdSetCfgHandler              text19       00209C
__end_of_USBSuspend                       text12       0030B4
__end_of_USBTransferOnePacket             text26       002578
__end_of_USBWakeFromSuspend               text11       003046
__end_of_USB_CD_Ptr                       smallconst   00080B
__end_of_USB_SD_Ptr                       smallconst   000809
__end_of_USER_USB_CALLBACK_EVENT_HANDLER  text23       002DC4
__end_of_WriteSPI1                        text51       00326E
__end_of_Write_b_eep                      text9        003080
__end_of___awdiv                          text52       002A1C
__end_of___lwdiv                          text48       002E7E
__end_of__initialization                  cinit        00262A
__end_of_comm_send_dat                    text6        002B34
__end_of_comm_send_rply                   text5        002F7E
__end_of_configDescriptor1                smallconst   00084E
__end_of_device_dsc                       smallconst   00089E
__end_of_gamma_lookup                     text44       0032CE
__end_of_getsUSBUSART                     text4        0026F0
__end_of_main                             text0        0032F8
__end_of_memset                           text57       0031A2
__end_of_putUSBUSART                      text7        0032B0
__end_of_readDeviceID                     text54       002D02
__end_of_sd000                            smallconst   0008AC
__end_of_sd001                            smallconst   000874
__end_of_sd002                            smallconst   00088C
__end_of_sd003                            smallconst   0008A8
__end_of_tlc5947_count_channels           text49       002C32
__end_of_tlc5947_latch                    text45       0031F8
__end_of_tlc5947_pwm_readback             text42       002854
__end_of_tlc5947_setChannel               text43       0015A4
__end_of_tlc5947_update                   text50       003114
__end_ofi2_Delay100TCYx                   text66       003354
__end_ofi2_Delay10TCYx                    text65       003342
__end_ofi2_WriteSPI1                      text63       003290
__end_ofi2_tlc5947_latch                  text64       003222
__end_ofi2_tlc5947_update                 text62       003174
__initialization                          cinit        002578
__mediumconst                             mediumconst  000000
__pbssBANK0                               bssBANK0     000060
__pbssBANK1                               bssBANK1     000100
__pbssBANK2                               bssBANK2     000200
__pbssCOMRAM                              bssCOMRAM    00003E
__pcinit                                  cinit        002578
__pcstackBANK0                            cstackBANK0  0000DE
__pcstackCOMRAM                           cstackCOMRAM 000001
__pdataBANK0                              dataBANK0    0000B5
__pdataBANK1                              dataBANK1    000180
__pdataBIGRAMl                            dataBIGRAMl  000580
__pdataCOMRAM                             dataCOMRAM   00005D
__pidataBANK0                             idataBANK0   003222
__pidataBANK1                             idataBANK1   002DC4
__pidataBIGRAMl                           idataBIGRAMl 00120E
__pidataCOMRAM                            idataCOMRAM  00337E
__pintcode                                intcode      000008
__pintcode_body                           intcode_body 002A1C
__pintcodelo                              intcodelo    000018
__pnvBANK0                                nvBANK0      0000F1
__psmallconst                             smallconst   000800
__ptext0                                  text0        0032E4
__ptext1                                  text1        001DEA
__ptext10                                 text10       000FEC
__ptext11                                 text11       00300A
__ptext12                                 text12       003080
__ptext13                                 text13       002E7E
__ptext14                                 text14       00217A
__ptext15                                 text15       002B34
__ptext16                                 text16       001CEE
__ptext17                                 text17       002854
__ptext18                                 text18       001ED6
__ptext19                                 text19       001FBA
__ptext2                                  text2        0031A2
__ptext20                                 text20       0026F0
__ptext21                                 text21       0019A8
__ptext22                                 text22       000D56
__ptext23                                 text23       002D64
__ptext24                                 text24       0023F4
__ptext25                                 text25       002C32
__ptext26                                 text26       0024B8
__ptext27                                 text27       002FCA
__ptext28                                 text28       0028F0
__ptext29                                 text29       002D02
__ptext3                                  text3        0008AE
__ptext30                                 text30       001ACC
__ptext31                                 text31       00232C
__ptext32                                 text32       002256
__ptext33                                 text33       00209C
__ptext34                                 text34       0030B4
__ptext35                                 text35       0032F8
__ptext36                                 text36       003354
__ptext37                                 text37       00337A
__ptext38                                 text38       003372
__ptext39                                 text39       003364
__ptext4                                  text4        002634
__ptext40                                 text40       002F7E
__ptext41                                 text41       00186A
__ptext42                                 text42       0027A6
__ptext43                                 text43       00140E
__ptext44                                 text44       0032B0
__ptext45                                 text45       0031CE
__ptext46                                 text46       00330C
__ptext47                                 text47       00331E
__ptext48                                 text48       002E22
__ptext49                                 text49       002BBC
__ptext5                                  text5        002F2C
__ptext50                                 text50       0030E4
__ptext51                                 text51       00324C
__ptext52                                 text52       002986
__ptext53                                 text53       0032CE
__ptext54                                 text54       002C9E
__ptext55                                 text55       001BEE
__ptext56                                 text56       0015A4
__ptext57                                 text57       003174
__ptext58                                 text58       003114
__ptext59                                 text59       002ED6
__ptext6                                  text6        002AAA
__ptext62                                 text62       003144
__ptext63                                 text63       00326E
__ptext64                                 text64       0031F8
__ptext65                                 text65       003330
__ptext66                                 text66       003342
__ptext7                                  text7        003290
__ptext8                                  text8        001714
__ptext9                                  text9        003046
__ramtop                                  ramtop       000800
__size_of_BlinkUSBStatus                  (abs)        000000
__size_of_BusyADC                         (abs)        000000
__size_of_Busy_eep                        (abs)        000000
__size_of_CDCInitEP                       (abs)        000000
__size_of_CDCTxService                    (abs)        000000
__size_of_ConvertADC                      (abs)        000000
__size_of_Delay100TCYx                    (abs)        000000
__size_of_Delay10TCYx                     (abs)        000000
__size_of_HighPriorityISRCode             (abs)        000000
__size_of_InitializeSystem                (abs)        000000
__size_of_LowPriorityISRCode              (abs)        000000
__size_of_OpenSPI1                        (abs)        000000
__size_of_ProcessCDC                      (abs)        000000
__size_of_ProcessIO                       (abs)        000000
__size_of_ReadADC                         (abs)        000000
__size_of_ReadSPI1                        (abs)        000000
__size_of_Read_b_eep                      (abs)        000000
__size_of_SwitchIsPressed                 (abs)        000000
__size_of_USBCheckCDCRequest              (abs)        000000
__size_of_USBCheckStdRequest              (abs)        000000
__size_of_USBClearUSBInterrupt            (abs)        000000
__size_of_USBConfigureEndpoint            (abs)        000000
__size_of_USBCtrlEPAllowDataStage         (abs)        000000
__size_of_USBCtrlEPAllowStatusStage       (abs)        000000
__size_of_USBCtrlEPService                (abs)        000000
__size_of_USBCtrlEPServiceComplete        (abs)        000000
__size_of_USBCtrlTrfInHandler             (abs)        000000
__size_of_USBCtrlTrfOutHandler            (abs)        000000
__size_of_USBCtrlTrfRxService             (abs)        000000
__size_of_USBCtrlTrfSetupHandler          (abs)        000000
__size_of_USBCtrlTrfTxService             (abs)        000000
__size_of_USBDeviceInit                   (abs)        000000
__size_of_USBDeviceTasks                  (abs)        000000
__size_of_USBDisableInterrupts            (abs)        000000
__size_of_USBEnableEndpoint               (abs)        000000
__size_of_USBRegisterFix                  (abs)        000000
__size_of_USBStallHandler                 (abs)        000000
__size_of_USBStdFeatureReqHandler         (abs)        000000
__size_of_USBStdGetDscHandler             (abs)        000000
__size_of_USBStdGetStatusHandler          (abs)        000000
__size_of_USBStdSetCfgHandler             (abs)        000000
__size_of_USBSuspend                      (abs)        000000
__size_of_USBTransferOnePacket            (abs)        000000
__size_of_USBWakeFromSuspend              (abs)        000000
__size_of_USER_USB_CALLBACK_EVENT_HANDLER (abs)        000000
__size_of_WriteSPI1                       (abs)        000000
__size_of_Write_b_eep                     (abs)        000000
__size_of___awdiv                         (abs)        000000
__size_of___lwdiv                         (abs)        000000
__size_of_comm_send_dat                   (abs)        000000
__size_of_comm_send_rply                  (abs)        000000
__size_of_gamma_lookup                    (abs)        000000
__size_of_getsUSBUSART                    (abs)        000000
__size_of_main                            (abs)        000000
__size_of_memset                          (abs)        000000
__size_of_putUSBUSART                     (abs)        000000
__size_of_readDeviceID                    (abs)        000000
__size_of_tlc5947_count_channels          (abs)        000000
__size_of_tlc5947_latch                   (abs)        000000
__size_of_tlc5947_pwm_readback            (abs)        000000
__size_of_tlc5947_setChannel              (abs)        000000
__size_of_tlc5947_update                  (abs)        000000
__size_ofi2_Delay100TCYx                  (abs)        000000
__size_ofi2_Delay10TCYx                   (abs)        000000
__size_ofi2_WriteSPI1                     (abs)        000000
__size_ofi2_tlc5947_latch                 (abs)        000000
__size_ofi2_tlc5947_update                (abs)        000000
__smallconst                              smallconst   000800
_cdc_data_rx                              (abs)        000540
_cdc_data_tx                              (abs)        000500
_cdc_mem_type                             bssBANK0     000099
_cdc_notice                               bssBANK0     000060
_cdc_rx_len                               bssCOMRAM    000051
_cdc_trf_state                            bssCOMRAM    000052
_cdc_tx_len                               bssCOMRAM    000053
_comm_send_dat                            text6        002AAA
_comm_send_rply                           text5        002F2C
_configDescriptor1                        smallconst   00080B
_controlTransferState                     bssCOMRAM    000054
_control_signal_bitmap                    bssBANK0     00009A
_device_dsc                               smallconst   00088C
_dummy_encapsulated_cmd_response          bssBANK0     0000A3
_endpoint_number                          bssBANK0     00009B
_ep_data_in                               bssBANK0     00007C
_ep_data_out                              bssBANK0     00007F
_gamma_lookup                             text44       0032B0
_gamma_table                              dataBIGRAMl  000580
_getsUSBUSART                             text4        002634
_getsUSBUSART$1647                        cstackCOMRAM 00002E
_green_led_counter                        bssBANK0     00009C
_inPipes                                  bssCOMRAM    000056
_led_count                                bssBANK0     00008A
_line_coding                              bssBANK0     0000AB
_main                                     text0        0032E4
_memset                                   text57       003174
_old_sw2                                  bssBANK0     00009D
_outPipes                                 bssBANK0     00006A
_pBDTEntryEP0OutCurrent                   bssCOMRAM    000046
_pBDTEntryEP0OutNext                      bssCOMRAM    000048
_pBDTEntryIn                              bssCOMRAM    00003E
_pBDTEntryOut                             bssBANK0     000072
_pCDCDst                                  bssBANK0     000082
_pCDCSrc                                  bssBANK0     000085
_pDst                                     bssBANK0     00008C
_pattern_number                           bssBANK0     00009E
_pic18_devid                              nvBANK0      0000F1
_pic18_rev                                bssBANK0     00009F
_putUSBUSART                              text7        003290
_pwr_delay                                bssBANK0     00008E
_readDeviceID                             text54       002C9E
_readDeviceID$2794                        cstackCOMRAM 000027
_sd000                                    smallconst   0008A8
_sd001                                    smallconst   00084E
_sd002                                    smallconst   000874
_sd003                                    smallconst   00089E
_shortPacketStatus                        bssCOMRAM    000055
_tcl5947_testbyte0                        dataBANK0    0000DB
_tcl5947_testbyte1                        dataBANK0    0000DC
_test_pattern                             dataBANK1    0001C8
_tlc5947_count_channels                   text49       002BBC
_tlc5947_latch                            text45       0031CE
_tlc5947_pwm_readback                     text42       0027A6
_tlc5947_setChannel                       text43       00140E
_tlc5947_update                           text50       0030E4
_tlc_memory                               dataBANK1    000180
_tlc_nbytes                               dataCOMRAM   00005F
_tlc_nchannels                            dataBANK0    0000DD
_tlc_pwm_readback_value                   bssCOMRAM    00004A
_tlc_request                              bssBANK0     0000A0
_tmr3h_cal                                bssBANK0     0000A1
_tmr3l_cal                                bssBANK0     0000A2
_txmiss_count                             bssBANK0     000090
_update_count                             bssBANK0     000092
comm_send_dat@i                           cstackCOMRAM 00002F
comm_send_dat@len                         cstackCOMRAM 000030
comm_send_rply@cc                         cstackCOMRAM 00002F
end_of_initialization                     cinit        00262A
gamma_lookup@c                            cstackCOMRAM 000025
getsUSBUSART@buffer                       cstackCOMRAM 00002A
getsUSBUSART@len                          cstackCOMRAM 00002C
i2Delay100TCYx@unit                       cstackCOMRAM 000012
i2Delay10TCYx@unit                        cstackCOMRAM 000012
i2WriteSPI1@TempVar                       cstackCOMRAM 000012
i2WriteSPI1@data_out                      cstackCOMRAM 000013
i2_Delay100TCYx                           text66       003342
i2_Delay10TCYx                            text65       003330
i2_WriteSPI1                              text63       00326E
i2_tlc5947_latch                          text64       0031F8
i2_tlc5947_update                         text62       003144
i2tlc5947_update@x                        cstackCOMRAM 000014
int_func                                  intcode_body 002A1C
intlevel0                                 text         000000
intlevel1                                 text         000000
intlevel2                                 text         000000
intlevel3                                 text         000000
memset@c                                  cstackCOMRAM 000025
memset@n                                  cstackCOMRAM 000027
memset@p                                  cstackCOMRAM 000029
memset@p1                                 cstackCOMRAM 000023
putUSBUSART@data                          cstackCOMRAM 000023
putUSBUSART@length                        cstackCOMRAM 000025
readDeviceID@devID1                       cstackCOMRAM 000025
readDeviceID@devID2                       cstackCOMRAM 000026
stackhi                                   (abs)        0003FF
stacklo                                   (abs)        000280
start                                     init         0000AA
start_initialization                      cinit        002578
tlc5947_count_channels@data               cstackCOMRAM 00002C
tlc5947_count_channels@old_data           cstackCOMRAM 00002B
tlc5947_count_channels@pos                cstackCOMRAM 00002D
tlc5947_pwm_readback@i                    cstackCOMRAM 000035
tlc5947_setChannel@ch                     cstackCOMRAM 00002A
tlc5947_setChannel@col                    cstackCOMRAM 00002B
tlc5947_setChannel@mpos                   cstackCOMRAM 00002E
tlc5947_setChannel@pos                    cstackCOMRAM 00002D
tlc5947_setChannel@val                    cstackCOMRAM 000026
tlc5947_update@x                          cstackCOMRAM 000025


FUNCTION INFORMATION:

 *************** function _main *****************
 Defined at:
		line 74 in file "C:/Users/cpresser/_Daten/mplab_workspace/20_KarateLight/karate_xc8.X/src/karate.c"
 Parameters:    Size  Location     Type
		None
 Auto vars:     Size  Location     Type
		None
 Return value:  Size  Location     Type
		None               void
 Registers used:
		wreg, fsr1l, fsr1h, fsr2l, fsr2h, status,2, status,0, tblptrl, tblptrh, tblptru, prodl, prodh, cstack
 Tracked objects:
		On entry : 
		On exit  : 
		Unchanged: 
 Data sizes:     COMRAM   BANK0   BANK1   BANK2   BANK3   BANK4   BANK5   BANK6   BANK7
      Params:         0       0       0       0       0       0       0       0       0
      Locals:         0       0       0       0       0       0       0       0       0
      Temps:          0       0       0       0       0       0       0       0       0
      Totals:         0       0       0       0       0       0       0       0       0
Total ram usage:        0 bytes
 Hardware stack levels required when called:   15
 This function calls:
		_InitializeSystem
		_ProcessIO
 This function is called by:
		Startup code after reset
 This function uses a non-reentrant model


 *************** function _ProcessIO *****************
 Defined at:
		line 214 in file "C:/Users/cpresser/_Daten/mplab_workspace/20_KarateLight/karate_xc8.X/src/karate.c"
 Parameters:    Size  Location     Type
		None
 Auto vars:     Size  Location     Type
  x               1   18[BANK0 ] unsigned char 
 Return value:  Size  Location     Type
		None               void
 Registers used:
		wreg, fsr1l, fsr1h, fsr2l, fsr2h, status,2, status,0, tblptrl, tblptrh, tblptru, prodl, prodh, cstack
 Tracked objects:
		On entry : 
		On exit  : 
		Unchanged: 
 Data sizes:     COMRAM   BANK0   BANK1   BANK2   BANK3   BANK4   BANK5   BANK6   BANK7
      Params:         0       0       0       0       0       0       0       0       0
      Locals:         0       1       0       0       0       0       0       0       0
      Temps:          0       0       0       0       0       0       0       0       0
      Totals:         0       1       0       0       0       0       0       0       0
Total ram usage:        1 bytes
 Hardware stack levels used:    1
 Hardware stack levels required when called:   14
 This function calls:
		_BlinkUSBStatus
		_CDCTxService
		_ProcessCDC
[...]
      Locals:         1       0       0       0       0       0       0       0       0
      Temps:          0       0       0       0       0       0       0       0       0
      Totals:         1       0       0       0       0       0       0       0       0
Total ram usage:        1 bytes
 Hardware stack levels used:    1
 Hardware stack levels required when called:    5
 This function calls:
		_USBDisableInterrupts
		_memset
 This function is called by:
		_USBDeviceTasks
		_InitializeSystem
 This function uses a non-reentrant model


 *************** function _memset *****************
 Defined at:
		line 8 in file "C:\Program Files (x86)\Microchip\xc8\v1.34\sources\common\memset.c"
 Parameters:    Size  Location     Type
  p1              2   34[COMRAM] PTR void 
		 -> UEP1(1), RAM(2047), USBAlternateInterface(2), BDT(48), 
  c               2   36[COMRAM] int 
  n               2   38[COMRAM] unsigned int 
 Auto vars:     Size  Location     Type
  p               2   40[COMRAM] PTR unsigned char 
		 -> UEP1(1), RAM(2047), USBAlternateInterface(2), BDT(48), 
 Return value:  Size  Location     Type
                  2   34[COMRAM] PTR void 
 Registers used:
		wreg, fsr2l, fsr2h, status,2, status,0
 Tracked objects:
		On entry : 
		On exit  : 
		Unchanged: 
 Data sizes:     COMRAM   BANK0   BANK1   BANK2   BANK3   BANK4   BANK5   BANK6   BANK7
      Params:         6       0       0       0       0       0       0       0       0
      Locals:         2       0       0       0       0       0       0       0       0
      Temps:          0       0       0       0       0       0       0       0       0
      Totals:         8       0       0       0       0       0       0       0       0
Total ram usage:        8 bytes
 Hardware stack levels used:    1
 Hardware stack levels required when called:    4
 This function calls:
		Nothing
 This function is called by:
		_USBDeviceInit
		_USBStdSetCfgHandler
 This function uses a non-reentrant model


 *************** function _USBDisableInterrupts *****************
 Defined at:
		line 31 in file "C:/Users/cpresser/_Daten/mplab_workspace/20_KarateLight/karate_xc8.X/src/usb_hal_fixes.c"
 Parameters:    Size  Location     Type
		None
 Auto vars:     Size  Location     Type
		None
 Return value:  Size  Location     Type
		None               void
 Registers used:
		wreg, fsr2l, fsr2h, status,2, status,0
 Tracked objects:
		On entry : 
		On exit  : 
		Unchanged: 
 Data sizes:     COMRAM   BANK0   BANK1   BANK2   BANK3   BANK4   BANK5   BANK6   BANK7
      Params:         0       0       0       0       0       0       0       0       0
      Locals:         0       0       0       0       0       0       0       0       0
      Temps:          0       0       0       0       0       0       0       0       0
      Totals:         0       0       0       0       0       0       0       0       0
Total ram usage:        0 bytes
 Hardware stack levels used:    1
 Hardware stack levels required when called:    4
 This function calls:
		Nothing
 This function is called by:
		_USBDeviceInit
 This function uses a non-reentrant model


 *************** function _OpenSPI1 *****************
 Defined at:
		line 63 in file "C:\Program Files (x86)\Microchip\xc8\v1.34\sources\pic18\plib\SPI\spi1open.c"
 Parameters:    Size  Location     Type
  sync_mode       1    wreg     unsigned char 
  bus_mode        1   34[COMRAM] unsigned char 
  smp_phase       1   35[COMRAM] unsigned char 
 Auto vars:     Size  Location     Type
  sync_mode       1   36[COMRAM] unsigned char 
 Return value:  Size  Location     Type
		None               void
 Registers used:
		wreg, status,2, status,0
 Tracked objects:
		On entry : 
		On exit  : 
		Unchanged: 
 Data sizes:     COMRAM   BANK0   BANK1   BANK2   BANK3   BANK4   BANK5   BANK6   BANK7
      Params:         2       0       0       0       0       0       0       0       0
      Locals:         1       0       0       0       0       0       0       0       0
      Temps:          0       0       0       0       0       0       0       0       0
      Totals:         3       0       0       0       0       0       0       0       0
Total ram usage:        3 bytes
 Hardware stack levels used:    1
 Hardware stack levels required when called:    4
 This function calls:
		Nothing
 This function is called by:
		_InitializeSystem
 This function uses a non-reentrant model


 *************** function _LowPriorityISRCode *****************
 Defined at:
		line 66 in file "C:/Users/cpresser/_Daten/mplab_workspace/20_KarateLight/karate_xc8.X/src/karate.c"
 Parameters:    Size  Location     Type
		None
 Auto vars:     Size  Location     Type
		None
 Return value:  Size  Location     Type
		None               void
 Registers used:
		None
 Tracked objects:
		On entry : 
		On exit  : 
		Unchanged: 
 Data sizes:     COMRAM   BANK0   BANK1   BANK2   BANK3   BANK4   BANK5   BANK6   BANK7
      Params:         0       0       0       0       0       0       0       0       0
      Locals:         0       0       0       0       0       0       0       0       0
      Temps:         17       0       0       0       0       0       0       0       0
      Totals:        17       0       0       0       0       0       0       0       0
Total ram usage:       17 bytes
 Hardware stack levels used:    1
 Hardware stack levels required when called:    3
 This function calls:
		Nothing
 This function is called by:
		Interrupt level 1
 This function uses a non-reentrant model


 *************** function _HighPriorityISRCode *****************
 Defined at:
		line 45 in file "C:/Users/cpresser/_Daten/mplab_workspace/20_KarateLight/karate_xc8.X/src/karate.c"
 Parameters:    Size  Location     Type
		None
 Auto vars:     Size  Location     Type
		None
 Return value:  Size  Location     Type
		None               void
 Registers used:
		wreg, fsr2l, fsr2h, status,2, status,0, prodl, prodh, cstack
 Tracked objects:
		On entry : 
		On exit  : 
		Unchanged: 
 Data sizes:     COMRAM   BANK0   BANK1   BANK2   BANK3   BANK4   BANK5   BANK6   BANK7
      Params:         0       0       0       0       0       0       0       0       0
      Locals:         0       0       0       0       0       0       0       0       0
      Temps:         14       0       0       0       0       0       0       0       0
      Totals:        14       0       0       0       0       0       0       0       0
Total ram usage:       14 bytes
 Hardware stack levels used:    1
 Hardware stack levels required when called:    2
 This function calls:
		i2_tlc5947_latch
		i2_tlc5947_update
 This function is called by:
		Interrupt level 2
 This function uses a non-reentrant model


 *************** function i2_tlc5947_update *****************
 Defined at:
		line 175 in file "C:/Users/cpresser/_Daten/mplab_workspace/20_KarateLight/karate_xc8.X/src/tlc5947.c"
 Parameters:    Size  Location     Type
		None
 Auto vars:     Size  Location     Type
  tlc5947_upda    1   19[COMRAM] unsigned char 
 Return value:  Size  Location     Type
		None               void
 Registers used:
		wreg, fsr2l, fsr2h, status,2, status,0, prodl, prodh, cstack
 Tracked objects:
		On entry : 
		On exit  : 
		Unchanged: 
 Data sizes:     COMRAM   BANK0   BANK1   BANK2   BANK3   BANK4   BANK5   BANK6   BANK7
      Params:         0       0       0       0       0       0       0       0       0
      Locals:         1       0       0       0       0       0       0       0       0
      Temps:          0       0       0       0       0       0       0       0       0
      Totals:         1       0       0       0       0       0       0       0       0
Total ram usage:        1 bytes
 Hardware stack levels used:    1
 Hardware stack levels required when called:    1
 This function calls:
		i2_WriteSPI1
 This function is called by:
		_HighPriorityISRCode
 This function uses a non-reentrant model


 *************** function i2_WriteSPI1 *****************
 Defined at:
		line 13 in file "C:\Program Files (x86)\Microchip\xc8\v1.34\sources\pic18\plib\SPI\spi1writ.c"
 Parameters:    Size  Location     Type
  data_out        1    wreg     unsigned char 
 Auto vars:     Size  Location     Type
  data_out        1   18[COMRAM] unsigned char 
  WriteSPI1       1   17[COMRAM] unsigned char 
 Return value:  Size  Location     Type
                  1    wreg      char 
 Registers used:
		wreg
 Tracked objects:
		On entry : 
		On exit  : 
		Unchanged: 
 Data sizes:     COMRAM   BANK0   BANK1   BANK2   BANK3   BANK4   BANK5   BANK6   BANK7
      Params:         0       0       0       0       0       0       0       0       0
      Locals:         2       0       0       0       0       0       0       0       0
      Temps:          0       0       0       0       0       0       0       0       0
      Totals:         2       0       0       0       0       0       0       0       0
Total ram usage:        2 bytes
 Hardware stack levels used:    1
 This function calls:
		Nothing
 This function is called by:
		i2_tlc5947_update
 This function uses a non-reentrant model


 *************** function i2_tlc5947_latch *****************
 Defined at:
		line 185 in file "C:/Users/cpresser/_Daten/mplab_workspace/20_KarateLight/karate_xc8.X/src/tlc5947.c"
 Parameters:    Size  Location     Type
		None
 Auto vars:     Size  Location     Type
		None
 Return value:  Size  Location     Type
		None               void
 Registers used:
		wreg, status,2, cstack
 Tracked objects:
		On entry : 
		On exit  : 
		Unchanged: 
 Data sizes:     COMRAM   BANK0   BANK1   BANK2   BANK3   BANK4   BANK5   BANK6   BANK7
      Params:         0       0       0       0       0       0       0       0       0
      Locals:         0       0       0       0       0       0       0       0       0
      Temps:          0       0       0       0       0       0       0       0       0
      Totals:         0       0       0       0       0       0       0       0       0
Total ram usage:        0 bytes
 Hardware stack levels used:    1
 Hardware stack levels required when called:    1
 This function calls:
		i2_Delay100TCYx
		i2_Delay10TCYx
 This function is called by:
		_HighPriorityISRCode
 This function uses a non-reentrant model


 *************** function i2_Delay10TCYx *****************
 Defined at:
		line 8 in file "C:\Program Files (x86)\Microchip\xc8\v1.34\sources\pic18\d10tcyx.c"
 Parameters:    Size  Location     Type
  unit            1    wreg     unsigned char 
 Auto vars:     Size  Location     Type
  unit            1   17[COMRAM] unsigned char 
 Return value:  Size  Location     Type
		None               void
 Registers used:
		wreg
 Tracked objects:
		On entry : 
		On exit  : 
		Unchanged: 
 Data sizes:     COMRAM   BANK0   BANK1   BANK2   BANK3   BANK4   BANK5   BANK6   BANK7
      Params:         0       0       0       0       0       0       0       0       0
      Locals:         1       0       0       0       0       0       0       0       0
      Temps:          0       0       0       0       0       0       0       0       0
      Totals:         1       0       0       0       0       0       0       0       0
Total ram usage:        1 bytes
 Hardware stack levels used:    1
 This function calls:
		Nothing
 This function is called by:
		i2_tlc5947_latch
 This function uses a non-reentrant model


 *************** function i2_Delay100TCYx *****************
 Defined at:
		line 8 in file "C:\Program Files (x86)\Microchip\xc8\v1.34\sources\pic18\d100tcyx.c"
 Parameters:    Size  Location     Type
  unit            1    wreg     unsigned char 
 Auto vars:     Size  Location     Type
  unit            1   17[COMRAM] unsigned char 
 Return value:  Size  Location     Type
		None               void
 Registers used:
		wreg
 Tracked objects:
		On entry : 
		On exit  : 
		Unchanged: 
 Data sizes:     COMRAM   BANK0   BANK1   BANK2   BANK3   BANK4   BANK5   BANK6   BANK7
      Params:         0       0       0       0       0       0       0       0       0
      Locals:         1       0       0       0       0       0       0       0       0
      Temps:          0       0       0       0       0       0       0       0       0
      Totals:         1       0       0       0       0       0       0       0       0
Total ram usage:        1 bytes
 Hardware stack levels used:    1
 This function calls:
		Nothing
 This function is called by:
		i2_tlc5947_latch
 This function uses a non-reentrant model



MODULE INFORMATION

Module		Function		Class		Link	Load	Size
C:\Program Files (x86)\Microchip\xc8\v1.34\sources\pic18\plib\SPI\spi1read.c
		_ReadSPI1      		CODE           	32CE	0000	23

C:\Program Files (x86)\Microchip\xc8\v1.34\sources\pic18\plib\SPI\spi1read.c estimated size: 23

C:/Users/cpresser/_Daten/mplab_workspace/20_KarateLight/karate_xc8.X/src/usb/src/usb_device_cdc.c
		_CDCTxService  		CODE           	1714	0000	343
		_CDCInitEP     		CODE           	2C32	0000	109
		_putUSBUSART   		CODE           	3290	0000	33
		_getsUSBUSART  		CODE           	2634	0000	189
		_USBCheckCDCReq		CODE           	23F4	0000	197

C:/Users/cpresser/_Daten/mplab_workspace/20_KarateLight/karate_xc8.X/src/usb/src/usb_device_cdc.c estimated size: 871

C:\Program Files (x86)\Microchip\xc8\v1.34\sources\pic18\plib\ADC\adcbusy.c
		_BusyADC       		CODE           	3364	0000	15

C:\Program Files (x86)\Microchip\xc8\v1.34\sources\pic18\plib\ADC\adcbusy.c estimated size: 15

C:\Program Files (x86)\Microchip\xc8\v1.34\sources\pic18\plib\EEP\read_B.c
		_Read_b_eep    		CODE           	32F8	0000	21

C:\Program Files (x86)\Microchip\xc8\v1.34\sources\pic18\plib\EEP\read_B.c estimated size: 21

C:/Users/cpresser/_Daten/mplab_workspace/20_KarateLight/karate_xc8.X/src/usb/src/usb_device.c
		_USBCtrlTrfInHa		CODE           	2256	0000	215
		_USBTransferOne		CODE           	24B8	0000	193
		_USBStdGetDscHa		CODE           	19A8	0000	293
		_USBCtrlEPAllow		CODE           	2854	0000	157
		_USBStdFeatureR		CODE           	0D56	0000	663
		_USBCtrlEPAllow		CODE           	232C	0000	201
		_USBCtrlTrfSetu		CODE           	2B34	0000	137
		_USBCtrlTrfOutH		CODE           	2D02	0000	99
		_USBCtrlEPServi		CODE           	1CEE	0000	253
		_USBSuspend    		CODE           	3080	0000	53
		_USBStdSetCfgHa		CODE           	1FBA	0000	227
		_USBStdGetStatu		CODE           	26F0	0000	183
		_USBWakeFromSus		CODE           	300A	0000	61
		_USBCtrlTrfRxSe		CODE           	1ACC	0000	291
		_USBCtrlTrfTxSe		CODE           	209C	0000	223
		_USBEnableEndpo		CODE           	2FCA	0000	65
		_USBConfigureEn		CODE           	28F0	0000	151
		_USBDeviceInit 		CODE           	15A4	0000	369
		_USBCtrlEPServi		CODE           	217A	0000	221
		_USBStallHandle		CODE           	2E7E	0000	89
		_USBDeviceTasks		CODE           	0FEC	0000	547
		_USBCheckStdReq		CODE           	1ED6	0000	229

C:/Users/cpresser/_Daten/mplab_workspace/20_KarateLight/karate_xc8.X/src/usb/src/usb_device.c estimated size: 4920

C:/Users/cpresser/_Daten/mplab_workspace/20_KarateLight/karate_xc8.X/src/gamma.c
		_gamma_lookup  		CODE           	32B0	0000	31

C:/Users/cpresser/_Daten/mplab_workspace/20_KarateLight/karate_xc8.X/src/gamma.c estimated size: 31

C:\Program Files (x86)\Microchip\xc8\v1.34\sources\pic18\plib\EEP\busy_eep.c
		_Busy_eep      		CODE           	3372	0000	9

C:\Program Files (x86)\Microchip\xc8\v1.34\sources\pic18\plib\EEP\busy_eep.c estimated size: 9

C:\Program Files (x86)\Microchip\xc8\v1.34\sources\pic18\plib\ADC\adcread.c
		_ReadADC       		CODE           	3354	0000	17

C:\Program Files (x86)\Microchip\xc8\v1.34\sources\pic18\plib\ADC\adcread.c estimated size: 17

C:\Program Files (x86)\Microchip\xc8\v1.34\sources\pic18\plib\SPI\spi1writ.c
		_WriteSPI1     		CODE           	324C	0000	35

C:\Program Files (x86)\Microchip\xc8\v1.34\sources\pic18\plib\SPI\spi1writ.c estimated size: 35

shared
		i2_tlc5947_latc		CODE           	31F8	0000	43
		_configDescript		SMALLCONST     	080B	0000	68
		_USB_CD_Ptr    		SMALLCONST     	0809	0000	3
		_sd001         		SMALLCONST     	084E	0000	39
		_sd002         		SMALLCONST     	0874	0000	25
		_sd003         		SMALLCONST     	089E	0000	11
		__initializatio		CODE           	2578	0000	179
		_device_dsc    		SMALLCONST     	088C	0000	19
		i2_tlc5947_upda		CODE           	3144	0000	49
		i2_Delay10TCYx 		CODE           	3330	0000	19
		i2_WriteSPI1   		CODE           	326E	0000	35
		i2_Delay100TCYx		CODE           	3342	0000	19
		_USB_SD_Ptr    		SMALLCONST     	0801	0000	9
		_sd000         		SMALLCONST     	08A8	0000	5

shared estimated size: 523

C:\Program Files (x86)\Microchip\xc8\v1.34\sources\pic18\plib\ADC\adcconv.c
		_ConvertADC    		CODE           	337A	0000	5

C:\Program Files (x86)\Microchip\xc8\v1.34\sources\pic18\plib\ADC\adcconv.c estimated size: 5

C:\Program Files (x86)\Microchip\xc8\v1.34\sources\common\memset.c
		_memset        		CODE           	3174	0000	47

C:\Program Files (x86)\Microchip\xc8\v1.34\sources\common\memset.c estimated size: 47

C:\Program Files (x86)\Microchip\xc8\v1.34\sources\common\lwdiv.c
		___lwdiv       		CODE           	2E22	0000	93

C:\Program Files (x86)\Microchip\xc8\v1.34\sources\common\lwdiv.c estimated size: 93

C:\Program Files (x86)\Microchip\xc8\v1.34\sources\common\awdiv.c
		___awdiv       		CODE           	2986	0000	151

C:\Program Files (x86)\Microchip\xc8\v1.34\sources\common\awdiv.c estimated size: 151

C:\Program Files (x86)\Microchip\xc8\v1.34\sources\pic18\plib\SPI\spi1open.c
		_OpenSPI1      		CODE           	2ED6	0000	87

C:\Program Files (x86)\Microchip\xc8\v1.34\sources\pic18\plib\SPI\spi1open.c estimated size: 87

C:\Program Files (x86)\Microchip\xc8\v1.34\sources\pic18\d100tcyx.c
		_Delay100TCYx  		CODE           	331E	0000	19

C:\Program Files (x86)\Microchip\xc8\v1.34\sources\pic18\d100tcyx.c estimated size: 19

C:\Program Files (x86)\Microchip\xc8\v1.34\sources\pic18\d10tcyx.c
		_Delay10TCYx   		CODE           	330C	0000	19

C:\Program Files (x86)\Microchip\xc8\v1.34\sources\pic18\d10tcyx.c estimated size: 19

C:/Users/cpresser/_Daten/mplab_workspace/20_KarateLight/karate_xc8.X/src/usb_hal_fixes.c
		_USBClearUSBInt		CODE           	30B4	0000	49
		_USBDisableInte		CODE           	3114	0000	49
		_USBRegisterFix		CODE           	1BEE	0000	257

C:/Users/cpresser/_Daten/mplab_workspace/20_KarateLight/karate_xc8.X/src/usb_hal_fixes.c estimated size: 355

C:/Users/cpresser/_Daten/mplab_workspace/20_KarateLight/karate_xc8.X/src/karate.c
		_BlinkUSBStatus		CODE           	2F7E	0000	77
		_HighPriorityIS		CODE           	0008	0000	159
		_main          		CODE           	32E4	0000	21
		_USER_USB_CALLB		CODE           	2D64	0000	97
		_SwitchIsPresse		CODE           	31A2	0000	45
		_InitializeSyst		CODE           	186A	0000	319
		_LowPriorityISR		CODE           	0018	0000	147
		_ProcessIO     		CODE           	1DEA	0000	237
		_readDeviceID  		CODE           	2C9E	0000	101

C:/Users/cpresser/_Daten/mplab_workspace/20_KarateLight/karate_xc8.X/src/karate.c estimated size: 1203

C:/Users/cpresser/_Daten/mplab_workspace/20_KarateLight/karate_xc8.X/src/comm.c
		_comm_send_dat 		CODE           	2AAA	0000	139
		_comm_send_rply		CODE           	2F2C	0000	83
		_ProcessCDC    		CODE           	08AE	0000	1193

C:/Users/cpresser/_Daten/mplab_workspace/20_KarateLight/karate_xc8.X/src/comm.c estimated size: 1415

C:/Users/cpresser/_Daten/mplab_workspace/20_KarateLight/karate_xc8.X/src/tlc5947.c
		_tlc5947_count_		CODE           	2BBC	0000	119
		_tlc5947_latch 		CODE           	31CE	0000	43
		_tlc5947_update		CODE           	30E4	0000	49
		_tlc5947_setCha		CODE           	140E	0000	407
		_tlc5947_pwm_re		CODE           	27A6	0000	175

C:/Users/cpresser/_Daten/mplab_workspace/20_KarateLight/karate_xc8.X/src/tlc5947.c estimated size: 793

C:\Program Files (x86)\Microchip\xc8\v1.34\sources\pic18\plib\EEP\write_B.c
		_Write_b_eep   		CODE           	3046	0000	59

C:\Program Files (x86)\Microchip\xc8\v1.34\sources\pic18\plib\EEP\write_B.c estimated size: 59

